Archive member included to satisfy reference by file (symbol)

/Applications/ArmGNUToolchain/14.2.rel1/arm-none-eabi/bin/../lib/gcc/arm-none-eabi/14.2.1/thumb/v6-m/nofp/libgcc.a(_dvmd_tls.o)
                              CMakeFiles/coqui_mjs.dir/pico-sdk/src/rp2_common/pico_divider/divider_hardware.S.o (__aeabi_idiv0)
/Applications/ArmGNUToolchain/14.2.rel1/arm-none-eabi/bin/../lib/gcc/arm-none-eabi/14.2.1/../../../../arm-none-eabi/lib/thumb/v6-m/nofp/libg.a(libc_a-abort.o)
                              CMakeFiles/coqui_mjs.dir/mquickjs/mquickjs.c.o (abort)
/Applications/ArmGNUToolchain/14.2.rel1/arm-none-eabi/bin/../lib/gcc/arm-none-eabi/14.2.1/../../../../arm-none-eabi/lib/thumb/v6-m/nofp/libg.a(libc_a-calloc.o)
                              CMakeFiles/coqui_mjs.dir/pico-sdk/src/rp2_common/pico_malloc/malloc.c.o (calloc)
/Applications/ArmGNUToolchain/14.2.rel1/arm-none-eabi/bin/../lib/gcc/arm-none-eabi/14.2.1/../../../../arm-none-eabi/lib/thumb/v6-m/nofp/libg.a(libc_a-callocr.o)
                              /Applications/ArmGNUToolchain/14.2.rel1/arm-none-eabi/bin/../lib/gcc/arm-none-eabi/14.2.1/../../../../arm-none-eabi/lib/thumb/v6-m/nofp/libg.a(libc_a-calloc.o) (_calloc_r)
/Applications/ArmGNUToolchain/14.2.rel1/arm-none-eabi/bin/../lib/gcc/arm-none-eabi/14.2.1/../../../../arm-none-eabi/lib/thumb/v6-m/nofp/libg.a(libc_a-malloc.o)
                              CMakeFiles/coqui_mjs.dir/pico-sdk/src/rp2_common/pico_malloc/malloc.c.o (malloc)
/Applications/ArmGNUToolchain/14.2.rel1/arm-none-eabi/bin/../lib/gcc/arm-none-eabi/14.2.1/../../../../arm-none-eabi/lib/thumb/v6-m/nofp/libg.a(libc_a-mallocr.o)
                              /Applications/ArmGNUToolchain/14.2.rel1/arm-none-eabi/bin/../lib/gcc/arm-none-eabi/14.2.1/../../../../arm-none-eabi/lib/thumb/v6-m/nofp/libg.a(libc_a-callocr.o) (_malloc_r)
/Applications/ArmGNUToolchain/14.2.rel1/arm-none-eabi/bin/../lib/gcc/arm-none-eabi/14.2.1/../../../../arm-none-eabi/lib/thumb/v6-m/nofp/libg.a(libc_a-mlock.o)
                              /Applications/ArmGNUToolchain/14.2.rel1/arm-none-eabi/bin/../lib/gcc/arm-none-eabi/14.2.1/../../../../arm-none-eabi/lib/thumb/v6-m/nofp/libg.a(libc_a-mallocr.o) (__malloc_lock)
/Applications/ArmGNUToolchain/14.2.rel1/arm-none-eabi/bin/../lib/gcc/arm-none-eabi/14.2.1/../../../../arm-none-eabi/lib/thumb/v6-m/nofp/libg.a(libc_a-realloc.o)
                              CMakeFiles/coqui_mjs.dir/pico-sdk/src/rp2_common/pico_malloc/malloc.c.o (realloc)
/Applications/ArmGNUToolchain/14.2.rel1/arm-none-eabi/bin/../lib/gcc/arm-none-eabi/14.2.1/../../../../arm-none-eabi/lib/thumb/v6-m/nofp/libg.a(libc_a-reallocr.o)
                              /Applications/ArmGNUToolchain/14.2.rel1/arm-none-eabi/bin/../lib/gcc/arm-none-eabi/14.2.1/../../../../arm-none-eabi/lib/thumb/v6-m/nofp/libg.a(libc_a-realloc.o) (_realloc_r)
/Applications/ArmGNUToolchain/14.2.rel1/arm-none-eabi/bin/../lib/gcc/arm-none-eabi/14.2.1/../../../../arm-none-eabi/lib/thumb/v6-m/nofp/libg.a(libc_a-memcmp.o)
                              CMakeFiles/coqui_mjs.dir/mquickjs/mquickjs.c.o (memcmp)
/Applications/ArmGNUToolchain/14.2.rel1/arm-none-eabi/bin/../lib/gcc/arm-none-eabi/14.2.1/../../../../arm-none-eabi/lib/thumb/v6-m/nofp/libg.a(libc_a-memmove.o)
                              CMakeFiles/coqui_mjs.dir/mquickjs/mquickjs.c.o (memmove)
/Applications/ArmGNUToolchain/14.2.rel1/arm-none-eabi/bin/../lib/gcc/arm-none-eabi/14.2.1/../../../../arm-none-eabi/lib/thumb/v6-m/nofp/libg.a(libc_a-signal.o)
                              /Applications/ArmGNUToolchain/14.2.rel1/arm-none-eabi/bin/../lib/gcc/arm-none-eabi/14.2.1/../../../../arm-none-eabi/lib/thumb/v6-m/nofp/libg.a(libc_a-abort.o) (raise)
/Applications/ArmGNUToolchain/14.2.rel1/arm-none-eabi/bin/../lib/gcc/arm-none-eabi/14.2.1/../../../../arm-none-eabi/lib/thumb/v6-m/nofp/libg.a(libc_a-lcltime_r.o)
                              CMakeFiles/coqui_mjs.dir/pico-sdk/src/common/pico_util/datetime.c.o (localtime_r)
/Applications/ArmGNUToolchain/14.2.rel1/arm-none-eabi/bin/../lib/gcc/arm-none-eabi/14.2.1/../../../../arm-none-eabi/lib/thumb/v6-m/nofp/libg.a(libc_a-mktime.o)
                              CMakeFiles/coqui_mjs.dir/pico-sdk/src/common/pico_util/datetime.c.o (mktime)
/Applications/ArmGNUToolchain/14.2.rel1/arm-none-eabi/bin/../lib/gcc/arm-none-eabi/14.2.1/../../../../arm-none-eabi/lib/thumb/v6-m/nofp/libg.a(libc_a-month_lengths.o)
                              /Applications/ArmGNUToolchain/14.2.rel1/arm-none-eabi/bin/../lib/gcc/arm-none-eabi/14.2.1/../../../../arm-none-eabi/lib/thumb/v6-m/nofp/libg.a(libc_a-lcltime_r.o) (__month_lengths)
/Applications/ArmGNUToolchain/14.2.rel1/arm-none-eabi/bin/../lib/gcc/arm-none-eabi/14.2.1/../../../../arm-none-eabi/lib/thumb/v6-m/nofp/libg.a(libc_a-tzcalc_limits.o)
                              /Applications/ArmGNUToolchain/14.2.rel1/arm-none-eabi/bin/../lib/gcc/arm-none-eabi/14.2.1/../../../../arm-none-eabi/lib/thumb/v6-m/nofp/libg.a(libc_a-lcltime_r.o) (__tzcalc_limits)
[...]
Memory Configuration

Name             Origin             Length             Attributes
FLASH            0x10000000         0x00200000         xr
RAM              0x20000000         0x00040000         xrw
SCRATCH_X        0x20040000         0x00001000         xrw
SCRATCH_Y        0x20041000         0x00001000         xrw
*default*        0x00000000         0xffffffff

Linker script and memory map

LOAD /Applications/ArmGNUToolchain/14.2.rel1/arm-none-eabi/bin/../lib/gcc/arm-none-eabi/14.2.1/thumb/v6-m/nofp/crti.o
LOAD /Applications/ArmGNUToolchain/14.2.rel1/arm-none-eabi/bin/../lib/gcc/arm-none-eabi/14.2.1/thumb/v6-m/nofp/crtbegin.o
LOAD /Applications/ArmGNUToolchain/14.2.rel1/arm-none-eabi/bin/../lib/gcc/arm-none-eabi/14.2.1/../../../../arm-none-eabi/lib/thumb/v6-m/nofp/crt0.o

.flash_begin    0x10000000        0x0
                0x10000000                        __flash_binary_start = .

.boot2          0x10000000      0x100
                0x10000000                        __boot2_start__ = .
 *(.boot2)
 .boot2         0x10000000      0x100 pico-sdk/src/rp2040/boot_stage2/CMakeFiles/bs2_default_library.dir/bs2_default_padded_checksummed.S.o
                0x10000100                        __boot2_end__ = .
                0x00000001                        ASSERT (((__boot2_end__ - __boot2_start__) == 0x100), ERROR: Pico second stage bootloader must be 256 bytes in size)

.text           0x10000100    0x1b794
                0x10000100                        __logical_binary_start = .
 *(.vectors)
 .vectors       0x10000100       0xd4 CMakeFiles/coqui_mjs.dir/pico-sdk/src/rp2_common/pico_crt0/crt0.S.o
                0x10000100                __VECTOR_TABLE
                0x10000100                __vectors
                0x100001c0                isr_irq13
                0x100001c0                isr_irq27
                0x100001c0                isr_irq31
                0x100001c0                isr_irq5
                0x100001c0                isr_irq11
                0x100001c0                isr_irq23
                0x100001c0                isr_irq18
                0x100001c0                isr_irq9
                0x100001c0                __unhandled_user_irq
                0x100001c0                isr_irq25
                0x100001c0                isr_irq4
                0x100001c0                isr_irq16
                0x100001c0                isr_irq29
                0x100001c0                isr_irq26
                0x100001c0                isr_irq3
                0x100001c0                isr_irq12
                0x100001c0                isr_irq30
                0x100001c0                isr_irq28
                0x100001c0                isr_irq19
                0x100001c0                isr_irq0
                0x100001c0                isr_irq6
                0x100001c0                isr_irq22
                0x100001c0                isr_irq17
                0x100001c0                isr_irq14
                0x100001c0                __vectors_end
                0x100001c0                __default_isrs_start
                0x100001c0                isr_irq2
                0x100001c0                isr_irq10
                0x100001c0                isr_irq8
                0x100001c0                isr_irq24
                0x100001c0                isr_irq1
                0x100001c0                isr_irq7
                0x100001c0                isr_irq21
                0x100001c0                isr_irq20
                0x100001c0                isr_irq15
                0x100001c6                unhandled_user_irq_num_in_r0
                0x100001c8                isr_invalid
                0x100001ca                isr_nmi
                0x100001cc                isr_hardfault
                0x100001ce                isr_svcall
                0x100001d0                isr_pendsv
                0x100001d2                isr_systick
                0x100001d4                __default_isrs_end
 *(.binary_info_header)
 .binary_info_header
                0x100001d4       0x14 CMakeFiles/coqui_mjs.dir/pico-sdk/src/rp2_common/pico_crt0/crt0.S.o
                0x100001e8                        __binary_info_header_end = .
 *(.embedded_block)
                0x100001e8                        __embedded_block_end = .
 *(.reset)
 .reset         0x100001e8       0x9c CMakeFiles/coqui_mjs.dir/pico-sdk/src/rp2_common/pico_crt0/crt0.S.o
                0x100001e8                _entry_point
 *(.init)
 .init          0x10000284        0x4 /Applications/ArmGNUToolchain/14.2.rel1/arm-none-eabi/bin/../lib/gcc/arm-none-eabi/14.2.1/thumb/v6-m/nofp/crti.o
                0x10000284                _init
 *(EXCLUDE_FILE(*libm.a: *libc.a:*lib_a-mem*.o *libgcc.a:) .text*)
 .text.register_tm_clones
                0x10000288       0x28 /Applications/ArmGNUToolchain/14.2.rel1/arm-none-eabi/bin/../lib/gcc/arm-none-eabi/14.2.1/thumb/v6-m/nofp/crtbegin.o
 .text.frame_dummy
                0x100002b0       0x24 /Applications/ArmGNUToolchain/14.2.rel1/arm-none-eabi/bin/../lib/gcc/arm-none-eabi/14.2.1/thumb/v6-m/nofp/crtbegin.o
 .text.startup.main
                0x100002d4       0xb8 CMakeFiles/coqui_mjs.dir/main.c.o
                0x100002d4                main
 .text.js_digital_write
                0x1000038c       0x4c CMakeFiles/coqui_mjs.dir/hardware.c.o
 .text.js_pin_mode
                0x100003d8       0x54 CMakeFiles/coqui_mjs.dir/hardware.c.o
 .text.hardware_init
                0x1000042c       0x60 CMakeFiles/coqui_mjs.dir/hardware.c.o
                0x1000042c                hardware_init
 .text.u64toa   0x1000048c       0x20 CMakeFiles/coqui_mjs.dir/stubs.c.o
                0x1000048c                u64toa
 .text.i64toa   0x100004ac       0x20 CMakeFiles/coqui_mjs.dir/stubs.c.o
                0x100004ac                i64toa
 .text.u32toa   0x100004cc       0x14 CMakeFiles/coqui_mjs.dir/stubs.c.o
                0x100004cc                u32toa
 .text.i32toa   0x100004e0       0x14 CMakeFiles/coqui_mjs.dir/stubs.c.o
                0x100004e0                i32toa
 .text.u64toa_radix
                0x100004f4       0x20 CMakeFiles/coqui_mjs.dir/stubs.c.o
                0x100004f4                u64toa_radix
 .text.js_atod  0x10000514        0x8 CMakeFiles/coqui_mjs.dir/stubs.c.o
                0x10000514                js_atod
 .text.js_dtoa  0x1000051c       0x20 CMakeFiles/coqui_mjs.dir/stubs.c.o
                0x1000051c                js_dtoa
 .text.js_dtoa_max_len
                0x1000053c        0x4 CMakeFiles/coqui_mjs.dir/stubs.c.o
                0x1000053c                js_dtoa_max_len
 .text.js_rehash_props
                0x10000540       0x9c CMakeFiles/coqui_mjs.dir/mquickjs/mquickjs.c.o
 .text.dummy_write_func
                0x100005dc        0x4 CMakeFiles/coqui_mjs.dir/mquickjs/mquickjs.c.o
 .text.is_regexp_allowed
                0x100005e0       0x58 CMakeFiles/coqui_mjs.dir/mquickjs/mquickjs.c.o
 .text.js_parse_escape
                0x10000638      0x1b0 CMakeFiles/coqui_mjs.dir/mquickjs/mquickjs.c.o
 .text.get_mblock_size
                0x100007e8       0x60 CMakeFiles/coqui_mjs.dir/mquickjs/mquickjs.c.o
 .text.gc_mark  0x10000848       0x68 CMakeFiles/coqui_mjs.dir/mquickjs/mquickjs.c.o
 .text.gc_mark_flush
                0x100008b0      0x170 CMakeFiles/coqui_mjs.dir/mquickjs/mquickjs.c.o
 .text.get_ugolomb
                0x10000a20       0xb4 CMakeFiles/coqui_mjs.dir/mquickjs/mquickjs.c.o
 .text.gc_compact_heap
                0x10000ad4      0x634 CMakeFiles/coqui_mjs.dir/mquickjs/mquickjs.c.o
 .text.JS_IsFunctionObject.part.0
                0x10001108       0x20 CMakeFiles/coqui_mjs.dir/mquickjs/mquickjs.c.o
 .text.JS_ToBool.isra.0
                0x10001128       0x84 CMakeFiles/coqui_mjs.dir/mquickjs/mquickjs.c.o
 .text.js_vprintf.constprop.0
                0x100011ac      0x5b0 CMakeFiles/coqui_mjs.dir/mquickjs/mquickjs.c.o
 .text.cprintf  0x1000175c       0x50 CMakeFiles/coqui_mjs.dir/mquickjs/mquickjs.c.o
 .text.js_parse_error
                0x100017ac       0x34 CMakeFiles/coqui_mjs.dir/mquickjs/mquickjs.c.o
 .text.get_class_atom
                0x100017e0      0x15c CMakeFiles/coqui_mjs.dir/mquickjs/mquickjs.c.o
 .text.js_parse_expect1.part.0
                0x1000193c       0x10 CMakeFiles/coqui_mjs.dir/mquickjs/mquickjs.c.o
 .text.js_parse_error_stack_overflow
                0x1000194c        0xc CMakeFiles/coqui_mjs.dir/mquickjs/mquickjs.c.o
 .text.js_parse_error_mem
                0x10001958        0xc CMakeFiles/coqui_mjs.dir/mquickjs/mquickjs.c.o
 .text.js_snprintf
                0x10001964       0x34 CMakeFiles/coqui_mjs.dir/mquickjs/mquickjs.c.o
 .text.gc_mark_all
                0x10001998      0x448 CMakeFiles/coqui_mjs.dir/mquickjs/mquickjs.c.o
 .text.js_string_compare.isra.0
                0x10001de0      0x1d4 CMakeFiles/coqui_mjs.dir/mquickjs/mquickjs.c.o
 .text.js_string_convert_pos
                0x10001fb4      0x308 CMakeFiles/coqui_mjs.dir/mquickjs/mquickjs.c.o
 .text.string_getcp
                0x100022bc       0xcc CMakeFiles/coqui_mjs.dir/mquickjs/mquickjs.c.o
 .text.js_shrink_byte_array
                0x10002388       0xd8 CMakeFiles/coqui_mjs.dir/mquickjs/mquickjs.c.o
 .text.string_buffer_pop
                0x10002460       0xc0 CMakeFiles/coqui_mjs.dir/mquickjs/mquickjs.c.o
 .text.js_shrink_value_array
                0x10002520       0xd8 CMakeFiles/coqui_mjs.dir/mquickjs/mquickjs.c.o
 .text.JS_FreeContext
                0x100025f8       0xc8 CMakeFiles/coqui_mjs.dir/mquickjs/mquickjs.c.o
                0x100025f8                JS_FreeContext
 .text.JS_GetGlobalObject
                0x100026c0        0x8 CMakeFiles/coqui_mjs.dir/mquickjs/mquickjs.c.o
                0x100026c0                JS_GetGlobalObject
 .text.js_object_keys
                0x100026c8      0x164 CMakeFiles/coqui_mjs.dir/mquickjs/mquickjs.c.o
                0x100026c8                js_object_keys
 .text.JS_Call  0x1000282c     0x2874 CMakeFiles/coqui_mjs.dir/mquickjs/mquickjs.c.o
                0x1000282c                JS_Call
 .text.JS_ToPrimitive
                0x100050a0      0x178 CMakeFiles/coqui_mjs.dir/mquickjs/mquickjs.c.o
 .text.JS_ToString
                0x10005218       0xd4 CMakeFiles/coqui_mjs.dir/mquickjs/mquickjs.c.o
                0x10005218                JS_ToString
 .text.build_backtrace.part.0
                0x100052ec      0x3f4 CMakeFiles/coqui_mjs.dir/mquickjs/mquickjs.c.o
 .text.JS_ThrowError
                0x100056e0      0x154 CMakeFiles/coqui_mjs.dir/mquickjs/mquickjs.c.o
                0x100056e0                JS_ThrowError
 .text.__js_poll_interrupt
                0x10005834       0x38 CMakeFiles/coqui_mjs.dir/mquickjs/mquickjs.c.o
 .text.check_free_mem.part.0
                0x1000586c       0x3c CMakeFiles/coqui_mjs.dir/mquickjs/mquickjs.c.o
 .text.check_free_mem
                0x100058a8       0x3c CMakeFiles/coqui_mjs.dir/mquickjs/mquickjs.c.o
 .text.js_parse_push_val
                0x100058e4       0x80 CMakeFiles/coqui_mjs.dir/mquickjs/mquickjs.c.o
 .text.JS_NewStringLen
                0x10005964      0x104 CMakeFiles/coqui_mjs.dir/mquickjs/mquickjs.c.o
                0x10005964                JS_NewStringLen
 .text.push_break_entry
                0x10005a68       0xd4 CMakeFiles/coqui_mjs.dir/mquickjs/mquickjs.c.o
 .text.JS_StackCheck
                0x10005b3c       0x70 CMakeFiles/coqui_mjs.dir/mquickjs/mquickjs.c.o
                0x10005b3c                JS_StackCheck
 .text.JS_NewObject
                0x10005bac       0xa0 CMakeFiles/coqui_mjs.dir/mquickjs/mquickjs.c.o
                0x10005bac                JS_NewObject
 .text.JS_NewCFunctionParams
                0x10005c4c       0xbc CMakeFiles/coqui_mjs.dir/mquickjs/mquickjs.c.o
                0x10005c4c                JS_NewCFunctionParams
 .text.js_parse_call
                0x10005d08      0x130 CMakeFiles/coqui_mjs.dir/mquickjs/mquickjs.c.o
 .text.js_malloc
                0x10005e38       0x80 CMakeFiles/coqui_mjs.dir/mquickjs/mquickjs.c.o
 .text.emit_claim_size
                0x10005eb8       0xdc CMakeFiles/coqui_mjs.dir/mquickjs/mquickjs.c.o
 .text.emit_claim_size.constprop.0
                0x10005f94       0xdc CMakeFiles/coqui_mjs.dir/mquickjs/mquickjs.c.o
 .text.emit_claim_size.constprop.1
                0x10006070       0xdc CMakeFiles/coqui_mjs.dir/mquickjs/mquickjs.c.o
 .text.js_parse_regexp
                0x1000614c      0x27c CMakeFiles/coqui_mjs.dir/mquickjs/mquickjs.c.o
 .text.re_emit_range_base
                0x100063c8      0x2c4 CMakeFiles/coqui_mjs.dir/mquickjs/mquickjs.c.o
 .text.emit_insert
                0x1000668c      0x11c CMakeFiles/coqui_mjs.dir/mquickjs/mquickjs.c.o
 .text.re_parse_disjunction
                0x100067a8      0x154 CMakeFiles/coqui_mjs.dir/mquickjs/mquickjs.c.o
 .text.JS_NewObjectProtoClass1.constprop.0
                0x100068fc       0x9c CMakeFiles/coqui_mjs.dir/mquickjs/mquickjs.c.o
 .text.stdlib_init_class
                0x10006998      0x16c CMakeFiles/coqui_mjs.dir/mquickjs/mquickjs.c.o
 .text.pc2line_put_bits_short
                0x10006b04      0x16c CMakeFiles/coqui_mjs.dir/mquickjs/mquickjs.c.o
 .text.emit_op_pos
                0x10006c70      0x260 CMakeFiles/coqui_mjs.dir/mquickjs/mquickjs.c.o
 .text.emit_push_short_int
                0x10006ed0       0x8c CMakeFiles/coqui_mjs.dir/mquickjs/mquickjs.c.o
 .text.js_resize_byte_array
                0x10006f5c       0xcc CMakeFiles/coqui_mjs.dir/mquickjs/mquickjs.c.o
 .text.string_buffer_concat_str
                0x10007028      0x378 CMakeFiles/coqui_mjs.dir/mquickjs/mquickjs.c.o
 .text.js_alloc_byte_array
                0x100073a0       0x8c CMakeFiles/coqui_mjs.dir/mquickjs/mquickjs.c.o
 .text.re_emit_op_u8
                0x1000742c      0x1a0 CMakeFiles/coqui_mjs.dir/mquickjs/mquickjs.c.o
 .text.re_range_optimize
                0x100075cc      0x798 CMakeFiles/coqui_mjs.dir/mquickjs/mquickjs.c.o
 .text.set_eval_ret_undefined.part.0
                0x10007d64      0x104 CMakeFiles/coqui_mjs.dir/mquickjs/mquickjs.c.o
 .text.emit_var
                0x10007e68      0x13c CMakeFiles/coqui_mjs.dir/mquickjs/mquickjs.c.o
 .text.get_lvalue
                0x10007fa4      0x164 CMakeFiles/coqui_mjs.dir/mquickjs/mquickjs.c.o
 .text.emit_goto
                0x10008108      0x194 CMakeFiles/coqui_mjs.dir/mquickjs/mquickjs.c.o
 .text.js_alloc_value_array
                0x1000829c      0x108 CMakeFiles/coqui_mjs.dir/mquickjs/mquickjs.c.o
 .text.JS_NewArray
                0x100083a4       0xe4 CMakeFiles/coqui_mjs.dir/mquickjs/mquickjs.c.o
                0x100083a4                JS_NewArray
 .text.js_resize_value_array2
                0x10008488       0xa0 CMakeFiles/coqui_mjs.dir/mquickjs/mquickjs.c.o
 .text.JS_MakeUniqueString.part.0
                0x10008528      0x22c CMakeFiles/coqui_mjs.dir/mquickjs/mquickjs.c.o
 .text.JS_ToPropertyKey.part.0
                0x10008754      0x1b8 CMakeFiles/coqui_mjs.dir/mquickjs/mquickjs.c.o
 .text.add_var  0x1000890c       0xfc CMakeFiles/coqui_mjs.dir/mquickjs/mquickjs.c.o
 .text.add_func_ext_var
                0x10008a08      0x10c CMakeFiles/coqui_mjs.dir/mquickjs/mquickjs.c.o
 .text.define_var
                0x10008b14       0x94 CMakeFiles/coqui_mjs.dir/mquickjs/mquickjs.c.o
 .text.cpool_add
                0x10008ba8      0x118 CMakeFiles/coqui_mjs.dir/mquickjs/mquickjs.c.o
 .text.js_emit_push_const
                0x10008cc0       0xf8 CMakeFiles/coqui_mjs.dir/mquickjs/mquickjs.c.o
 .text.put_lvalue
                0x10008db8      0x11c CMakeFiles/coqui_mjs.dir/mquickjs/mquickjs.c.o
 .text.JS_NewObjectPrealloc
                0x10008ed4      0x16c CMakeFiles/coqui_mjs.dir/mquickjs/mquickjs.c.o
                0x10008ed4                JS_NewObjectPrealloc
 .text.JS_NewFloat64
                0x10009040       0xe8 CMakeFiles/coqui_mjs.dir/mquickjs/mquickjs.c.o
                0x10009040                JS_NewFloat64
 .text.re_emit_goto_u8_u32.constprop.0.isra.0
                0x10009128      0x32c CMakeFiles/coqui_mjs.dir/mquickjs/mquickjs.c.o
 .text.JS_ThrowError.constprop.0
                0x10009454      0x138 CMakeFiles/coqui_mjs.dir/mquickjs/mquickjs.c.o
 .text.add_interval_intersect
                0x1000958c      0x2d4 CMakeFiles/coqui_mjs.dir/mquickjs/mquickjs.c.o
 .text.re_parse_alternative
                0x10009860     0x1080 CMakeFiles/coqui_mjs.dir/mquickjs/mquickjs.c.o
 .text.js_atod1
                0x1000a8e0      0x178 CMakeFiles/coqui_mjs.dir/mquickjs/mquickjs.c.o
 .text.js_update_props
                0x1000aa58      0x1dc CMakeFiles/coqui_mjs.dir/mquickjs/mquickjs.c.o
 .text.js_dtoa2
                0x1000ac34      0x294 CMakeFiles/coqui_mjs.dir/mquickjs/mquickjs.c.o
 .text.JS_DefinePropertyInternal
                0x1000aec8      0x478 CMakeFiles/coqui_mjs.dir/mquickjs/mquickjs.c.o
 .text.JS_NewContext2
                0x1000b340      0x5ac CMakeFiles/coqui_mjs.dir/mquickjs/mquickjs.c.o
                0x1000b340                JS_NewContext2
 .text.JS_NewContext
                0x1000b8ec        0xc CMakeFiles/coqui_mjs.dir/mquickjs/mquickjs.c.o
                0x1000b8ec                JS_NewContext
 .text.js_closure
                0x1000b8f8      0x300 CMakeFiles/coqui_mjs.dir/mquickjs/mquickjs.c.o
 .text.define_hoisted_functions
                0x1000bbf8      0x464 CMakeFiles/coqui_mjs.dir/mquickjs/mquickjs.c.o
 .text.js_parse_string
                0x1000c05c      0x6bc CMakeFiles/coqui_mjs.dir/mquickjs/mquickjs.c.o
 .text.next_token
                0x1000c718      0x768 CMakeFiles/coqui_mjs.dir/mquickjs/mquickjs.c.o
 .text.js_parse_expect
                0x1000ce80       0x14 CMakeFiles/coqui_mjs.dir/mquickjs/mquickjs.c.o
 .text.js_parse_var
                0x1000ce94      0x15c CMakeFiles/coqui_mjs.dir/mquickjs/mquickjs.c.o
 .text.js_parse_expect_semi
                0x1000cff0       0x2c CMakeFiles/coqui_mjs.dir/mquickjs/mquickjs.c.o
 .text.js_parse_unary
                0x1000d01c      0x364 CMakeFiles/coqui_mjs.dir/mquickjs/mquickjs.c.o
 .text.js_parse_expr_binary
                0x1000d380      0x274 CMakeFiles/coqui_mjs.dir/mquickjs/mquickjs.c.o
 .text.js_parse_logical_and_or
                0x1000d5f4      0x160 CMakeFiles/coqui_mjs.dir/mquickjs/mquickjs.c.o
 .text.js_parse_assign_expr
                0x1000d754      0x1e4 CMakeFiles/coqui_mjs.dir/mquickjs/mquickjs.c.o
 .text.js_parse_expr_comma
                0x1000d938      0x12c CMakeFiles/coqui_mjs.dir/mquickjs/mquickjs.c.o
 .text.js_skip_parens.constprop.0
                0x1000da64       0xec CMakeFiles/coqui_mjs.dir/mquickjs/mquickjs.c.o
 .text.js_parse_function_decl
                0x1000db50      0x3a8 CMakeFiles/coqui_mjs.dir/mquickjs/mquickjs.c.o
 .text.js_parse_block
                0x1000def8       0x38 CMakeFiles/coqui_mjs.dir/mquickjs/mquickjs.c.o
 .text.js_parse_cond_expr
                0x1000df30      0x23c CMakeFiles/coqui_mjs.dir/mquickjs/mquickjs.c.o
 .text.js_parse_postfix_expr
                0x1000e16c      0xe80 CMakeFiles/coqui_mjs.dir/mquickjs/mquickjs.c.o
 .text.js_parse_statement
                0x1000efec     0x14f0 CMakeFiles/coqui_mjs.dir/mquickjs/mquickjs.c.o
 .text.JS_Parse2
                0x100104dc     0x1178 CMakeFiles/coqui_mjs.dir/mquickjs/mquickjs.c.o
 .text.JS_Eval  0x10011654       0xb8 CMakeFiles/coqui_mjs.dir/mquickjs/mquickjs.c.o
                0x10011654                JS_Eval
 .text.JS_GetPropertyInternal
                0x1001170c      0x364 CMakeFiles/coqui_mjs.dir/mquickjs/mquickjs.c.o
 .text.JS_ToPrimitive.part.0
                0x10011a70      0x16c CMakeFiles/coqui_mjs.dir/mquickjs/mquickjs.c.o
 .text.JS_ToNumber
                0x10011bdc       0x9c CMakeFiles/coqui_mjs.dir/mquickjs/mquickjs.c.o
                0x10011bdc                JS_ToNumber
 .text.JS_ToInt32Internal
                0x10011c78       0xc8 CMakeFiles/coqui_mjs.dir/mquickjs/mquickjs.c.o
 .text.JS_SetPropertyInternal
                0x10011d40      0x49c CMakeFiles/coqui_mjs.dir/mquickjs/mquickjs.c.o
 .text.JS_SetPropertyStr
                0x100121dc       0x6c CMakeFiles/coqui_mjs.dir/mquickjs/mquickjs.c.o
                0x100121dc                JS_SetPropertyStr
 .text.js_parse_json_value
                0x10012248      0x3f8 CMakeFiles/coqui_mjs.dir/mquickjs/mquickjs.c.o
 .text.js_strict_eq
                0x10012640      0x17c CMakeFiles/coqui_mjs.dir/mquickjs/mquickjs.c.o
 .text.js_add_slow
                0x100127bc      0x168 CMakeFiles/coqui_mjs.dir/mquickjs/mquickjs.c.o
 .text.js_relational_slow
                0x10012924      0x16c CMakeFiles/coqui_mjs.dir/mquickjs/mquickjs.c.o
 .text.js_eq_slow
                0x10012a90      0x2cc CMakeFiles/coqui_mjs.dir/mquickjs/mquickjs.c.o
 .text.JS_ToInt32
                0x10012d5c       0xa0 CMakeFiles/coqui_mjs.dir/mquickjs/mquickjs.c.o
                0x10012d5c                JS_ToInt32
 .text.js_not_slow
                0x10012dfc      0x100 CMakeFiles/coqui_mjs.dir/mquickjs/mquickjs.c.o
 .text.js_binary_logic_slow
                0x10012efc      0x1c0 CMakeFiles/coqui_mjs.dir/mquickjs/mquickjs.c.o
 .text.js_post_inc_slow
                0x100130bc      0x1b0 CMakeFiles/coqui_mjs.dir/mquickjs/mquickjs.c.o
 .text.js_binary_arith_slow
                0x1001326c      0x130 CMakeFiles/coqui_mjs.dir/mquickjs/mquickjs.c.o
 .text.js_unary_arith_slow
                0x1001339c      0x1dc CMakeFiles/coqui_mjs.dir/mquickjs/mquickjs.c.o
 .text.__unicode_to_utf8
                0x10013578       0x74 CMakeFiles/coqui_mjs.dir/mquickjs/cutils.c.o
                0x10013578                __unicode_to_utf8
 .text.__unicode_from_utf8
                0x100135ec       0xfc CMakeFiles/coqui_mjs.dir/mquickjs/cutils.c.o
                0x100135ec                __unicode_from_utf8
 .text.__utf8_get
                0x100136e8       0x78 CMakeFiles/coqui_mjs.dir/mquickjs/cutils.c.o
                0x100136e8                __utf8_get
 .text.kernel_log2
                0x10013760      0x3b8 CMakeFiles/coqui_mjs.dir/mquickjs/libm.c.o
 .text.js_lrint
                0x10013b18      0x100 CMakeFiles/coqui_mjs.dir/mquickjs/libm.c.o
                0x10013b18                js_lrint
 .text.js_fmod  0x10013c18      0x364 CMakeFiles/coqui_mjs.dir/mquickjs/libm.c.o
                0x10013c18                js_fmod
 .text.js_scalbn
                0x10013f7c       0xf4 CMakeFiles/coqui_mjs.dir/mquickjs/libm.c.o
                0x10013f7c                js_scalbn
 .text.js_sqrt  0x10014070      0x1b4 CMakeFiles/coqui_mjs.dir/mquickjs/libm.c.o
                0x10014070                js_sqrt
 .text.js_pow   0x10014224      0xa44 CMakeFiles/coqui_mjs.dir/mquickjs/libm.c.o
                0x10014224                js_pow
 .text.gpio_init
                0x10014c68       0x40 CMakeFiles/coqui_mjs.dir/pico-sdk/src/rp2_common/hardware_gpio/gpio.c.o
                0x10014c68                gpio_init
 .text.rp2040_chip_version
                0x10014ca8        0xc CMakeFiles/coqui_mjs.dir/pico-sdk/src/rp2040/pico_platform/platform.c.o
                0x10014ca8                rp2040_chip_version
 .text.panic    0x10014cb4       0x30 CMakeFiles/coqui_mjs.dir/pico-sdk/src/rp2_common/pico_platform_panic/panic.c.o
                0x10014cb4                panic
 .text.hw_claim_or_assert
                0x10014ce4       0x44 CMakeFiles/coqui_mjs.dir/pico-sdk/src/common/hardware_claim/claim.c.o
                0x10014ce4                hw_claim_or_assert
 .text.hw_claim_unused_from_range
                0x10014d28       0x88 CMakeFiles/coqui_mjs.dir/pico-sdk/src/common/hardware_claim/claim.c.o
                0x10014d28                hw_claim_unused_from_range
 .text.next_striped_spin_lock_num
                0x10014db0       0x18 CMakeFiles/coqui_mjs.dir/pico-sdk/src/rp2_common/hardware_sync/sync.c.o
                0x10014db0                next_striped_spin_lock_num
 .text.spin_lock_claim_unused
                0x10014dc8       0x24 CMakeFiles/coqui_mjs.dir/pico-sdk/src/rp2_common/hardware_sync/sync.c.o
                0x10014dc8                spin_lock_claim_unused
 .text.spin_locks_reset
                0x10014dec       0x1c CMakeFiles/coqui_mjs.dir/pico-sdk/src/rp2_common/hardware_sync_spin_lock/sync_spin_lock.c.o
                0x10014dec                spin_locks_reset
 .text.runtime_init_per_core_irq_priorities
                0x10014e08       0x24 CMakeFiles/coqui_mjs.dir/pico-sdk/src/rp2_common/hardware_irq/irq.c.o
                0x10014e08                runtime_init_per_core_irq_priorities
 .text.irq_set_enabled
                0x10014e2c       0x24 CMakeFiles/coqui_mjs.dir/pico-sdk/src/rp2_common/hardware_irq/irq.c.o
                0x10014e2c                irq_set_enabled
 .text.irq_is_enabled
                0x10014e50       0x18 CMakeFiles/coqui_mjs.dir/pico-sdk/src/rp2_common/hardware_irq/irq.c.o
                0x10014e50                irq_is_enabled
 .text.irq_set_pending
                0x10014e68       0x10 CMakeFiles/coqui_mjs.dir/pico-sdk/src/rp2_common/hardware_irq/irq.c.o
                0x10014e68                irq_set_pending
 .text.irq_has_shared_handler
                0x10014e78       0x24 CMakeFiles/coqui_mjs.dir/pico-sdk/src/rp2_common/hardware_irq/irq.c.o
                0x10014e78                irq_has_shared_handler
 .text.irq_set_exclusive_handler
                0x10014e9c       0x54 CMakeFiles/coqui_mjs.dir/pico-sdk/src/rp2_common/hardware_irq/irq.c.o
                0x10014e9c                irq_set_exclusive_handler
 .text.irq_add_shared_handler
                0x10014ef0      0x1f4 CMakeFiles/coqui_mjs.dir/pico-sdk/src/rp2_common/hardware_irq/irq.c.o
                0x10014ef0                irq_add_shared_handler
 .text.irq_add_tail_to_free_list
                0x100150e4       0xb4 CMakeFiles/coqui_mjs.dir/pico-sdk/src/rp2_common/hardware_irq/irq.c.o
                0x100150e4                irq_add_tail_to_free_list
 .text.user_irq_claim_unused
                0x10015198       0x2c CMakeFiles/coqui_mjs.dir/pico-sdk/src/rp2_common/hardware_irq/irq.c.o
                0x10015198                user_irq_claim_unused
 .text.lock_init
                0x100151c4       0x10 CMakeFiles/coqui_mjs.dir/pico-sdk/src/common/pico_sync/lock_core.c.o
                0x100151c4                lock_init
 .text.runtime_init_mutex
                0x100151d4       0x50 CMakeFiles/coqui_mjs.dir/pico-sdk/src/common/pico_sync/mutex.c.o
                0x100151d4                runtime_init_mutex
 .text.mutex_init
                0x10015224       0x1c CMakeFiles/coqui_mjs.dir/pico-sdk/src/common/pico_sync/mutex.c.o
                0x10015224                mutex_init
 .text.critical_section_init
                0x10015240       0x1c CMakeFiles/coqui_mjs.dir/pico-sdk/src/common/pico_sync/critical_section.c.o
                0x10015240                critical_section_init
 .text.critical_section_init_with_lock_num
                0x1001525c       0x14 CMakeFiles/coqui_mjs.dir/pico-sdk/src/common/pico_sync/critical_section.c.o
                0x1001525c                critical_section_init_with_lock_num
 .text.sleep_until_callback
                0x10015270       0x30 CMakeFiles/coqui_mjs.dir/pico-sdk/src/common/pico_time/time.c.o
 .text.alarm_pool_irq_handler
                0x100152a0      0x300 CMakeFiles/coqui_mjs.dir/pico-sdk/src/common/pico_time/time.c.o
 .text.runtime_init_default_alarm_pool
                0x100155a0       0xdc CMakeFiles/coqui_mjs.dir/pico-sdk/src/common/pico_time/time.c.o
                0x100155a0                runtime_init_default_alarm_pool
 .text.alarm_pool_get_default
                0x1001567c        0x8 CMakeFiles/coqui_mjs.dir/pico-sdk/src/common/pico_time/time.c.o
                0x1001567c                alarm_pool_get_default
 .text.alarm_pool_add_alarm_at
                0x10015684       0xd0 CMakeFiles/coqui_mjs.dir/pico-sdk/src/common/pico_time/time.c.o
                0x10015684                alarm_pool_add_alarm_at
 .text.alarm_pool_add_alarm_at_force_in_context
                0x10015754       0xb0 CMakeFiles/coqui_mjs.dir/pico-sdk/src/common/pico_time/time.c.o
                0x10015754                alarm_pool_add_alarm_at_force_in_context
 .text.alarm_pool_cancel_alarm
                0x10015804       0x74 CMakeFiles/coqui_mjs.dir/pico-sdk/src/common/pico_time/time.c.o
                0x10015804                alarm_pool_cancel_alarm
 .text.alarm_pool_core_num
                0x10015878        0x4 CMakeFiles/coqui_mjs.dir/pico-sdk/src/common/pico_time/time.c.o
                0x10015878                alarm_pool_core_num
 .text.sleep_ms
                0x1001587c       0xfc CMakeFiles/coqui_mjs.dir/pico-sdk/src/common/pico_time/time.c.o
                0x1001587c                sleep_ms
 .text.best_effort_wfe_or_timeout
                0x10015978      0x10c CMakeFiles/coqui_mjs.dir/pico-sdk/src/common/pico_time/time.c.o
                0x10015978                best_effort_wfe_or_timeout
 .text.timer_hardware_alarm_claim
                0x10015a84       0x14 CMakeFiles/coqui_mjs.dir/pico-sdk/src/rp2_common/hardware_timer/timer.c.o
                0x10015a84                timer_hardware_alarm_claim
 .text.timer_time_us_64
                0x10015a98       0x10 CMakeFiles/coqui_mjs.dir/pico-sdk/src/rp2_common/hardware_timer/timer.c.o
                0x10015a98                timer_time_us_64
 .text.time_us_64
                0x10015aa8       0x14 CMakeFiles/coqui_mjs.dir/pico-sdk/src/rp2_common/hardware_timer/timer.c.o
                0x10015aa8                time_us_64
 .text.busy_wait_until
                0x10015abc       0x20 CMakeFiles/coqui_mjs.dir/pico-sdk/src/rp2_common/hardware_timer/timer.c.o
                0x10015abc                busy_wait_until
 .text.clock_configure_int_divider
                0x10015adc       0xf4 CMakeFiles/coqui_mjs.dir/pico-sdk/src/rp2_common/hardware_clocks/clocks.c.o
                0x10015adc                clock_configure_int_divider
 .text.clock_configure_undivided
                0x10015bd0       0xe8 CMakeFiles/coqui_mjs.dir/pico-sdk/src/rp2_common/hardware_clocks/clocks.c.o
                0x10015bd0                clock_configure_undivided
 .text.clock_get_hz
                0x10015cb8        0xc CMakeFiles/coqui_mjs.dir/pico-sdk/src/rp2_common/hardware_clocks/clocks.c.o
                0x10015cb8                clock_get_hz
 .text.pll_init
                0x10015cc4       0xa4 CMakeFiles/coqui_mjs.dir/pico-sdk/src/rp2_common/hardware_pll/pll.c.o
                0x10015cc4                pll_init
 .text.watchdog_reboot
                0x10015d68       0x9c CMakeFiles/coqui_mjs.dir/pico-sdk/src/rp2_common/hardware_watchdog/watchdog.c.o
                0x10015d68                watchdog_reboot
 .text.tick_start
                0x10015e04       0x10 CMakeFiles/coqui_mjs.dir/pico-sdk/src/rp2_common/hardware_ticks/ticks.c.o
                0x10015e04                tick_start
 .text.rom_func_lookup
                0x10015e14       0x10 CMakeFiles/coqui_mjs.dir/pico-sdk/src/rp2_common/pico_bootrom/bootrom.c.o
                0x10015e14                rom_func_lookup
 .text.rom_data_lookup
                0x10015e24       0x10 CMakeFiles/coqui_mjs.dir/pico-sdk/src/rp2_common/pico_bootrom/bootrom.c.o
                0x10015e24                rom_data_lookup
 .text.rom_funcs_lookup
                0x10015e34       0x44 CMakeFiles/coqui_mjs.dir/pico-sdk/src/rp2_common/pico_bootrom/bootrom.c.o
                0x10015e34                rom_funcs_lookup
 .text.rom_reset_usb_boot_extra
                0x10015e78       0x24 CMakeFiles/coqui_mjs.dir/pico-sdk/src/rp2_common/pico_bootrom/bootrom.c.o
                0x10015e78                rom_reset_usb_boot_extra
 .text.xosc_init
                0x10015e9c       0x28 CMakeFiles/coqui_mjs.dir/pico-sdk/src/rp2_common/hardware_xosc/xosc.c.o
                0x10015e9c                xosc_init
 .text.first_per_core_initializer
                0x10015ec4        0x4 CMakeFiles/coqui_mjs.dir/pico-sdk/src/rp2_common/pico_runtime/runtime.c.o
 .text.hard_assertion_failure
                0x10015ec8        0xc CMakeFiles/coqui_mjs.dir/pico-sdk/src/rp2_common/pico_runtime/runtime.c.o
                0x10015ec8                hard_assertion_failure
 .text.runtime_run_initializers
                0x10015ed4       0x28 CMakeFiles/coqui_mjs.dir/pico-sdk/src/rp2_common/pico_runtime/runtime.c.o
                0x10015ed4                runtime_run_initializers
 .text.runtime_init_early_resets
                0x10015efc       0x2c CMakeFiles/coqui_mjs.dir/pico-sdk/src/rp2_common/pico_runtime_init/runtime_init.c.o
                0x10015efc                runtime_init_early_resets
 .text.runtime_init_usb_power_down
                0x10015f28       0x1c CMakeFiles/coqui_mjs.dir/pico-sdk/src/rp2_common/pico_runtime_init/runtime_init.c.o
                0x10015f28                runtime_init_usb_power_down
 .text.runtime_init_post_clock_resets
                0x10015f44       0x20 CMakeFiles/coqui_mjs.dir/pico-sdk/src/rp2_common/pico_runtime_init/runtime_init.c.o
                0x10015f44                runtime_init_post_clock_resets
 .text.runtime_init_rp2040_gpio_ie_disable
                0x10015f64       0x14 CMakeFiles/coqui_mjs.dir/pico-sdk/src/rp2_common/pico_runtime_init/runtime_init.c.o
                0x10015f64                runtime_init_rp2040_gpio_ie_disable
 .text.runtime_init_spin_locks_reset
                0x10015f78        0x8 CMakeFiles/coqui_mjs.dir/pico-sdk/src/rp2_common/pico_runtime_init/runtime_init.c.o
                0x10015f78                runtime_init_spin_locks_reset
 .text.runtime_init_install_ram_vector_table
                0x10015f80       0xb4 CMakeFiles/coqui_mjs.dir/pico-sdk/src/rp2_common/pico_runtime_init/runtime_init.c.o
                0x10015f80                runtime_init_install_ram_vector_table
 .text.runtime_init_clocks
                0x10016034       0xd8 CMakeFiles/coqui_mjs.dir/pico-sdk/src/rp2_common/pico_runtime_init/runtime_init_clocks.c.o
                0x10016034                runtime_init_clocks
 .text          0x1001610c       0x10 CMakeFiles/coqui_mjs.dir/pico-sdk/src/rp2_common/pico_bit_ops/bit_ops_aeabi.S.o
 .text.clzsi    0x1001611c        0xc CMakeFiles/coqui_mjs.dir/pico-sdk/src/rp2_common/pico_bit_ops/bit_ops_aeabi.S.o
                0x1001611c                __wrap___clz
                0x1001611c                __wrap___clzsi2
                0x1001611c                __wrap___clzl
 .text.clzdi    0x10016128       0x18 CMakeFiles/coqui_mjs.dir/pico-sdk/src/rp2_common/pico_bit_ops/bit_ops_aeabi.S.o
                0x10016128                __wrap___clzll
                0x10016128                __wrap___clzdi2
 .text.__wrap___aeabi_idiv
                0x10016140       0x50 CMakeFiles/coqui_mjs.dir/pico-sdk/src/rp2_common/pico_divider/divider_hardware.S.o
                0x10016140                __wrap___aeabi_idivmod
                0x10016140                divmod_s32s32
                0x10016140                div_s32s32
                0x10016140                __wrap___aeabi_idiv
                0x10016148                divmod_s32s32_unsafe
                0x10016174                divmod_s32s32_savestate
 .text.__wrap___aeabi_uidiv
                0x10016190       0x4c CMakeFiles/coqui_mjs.dir/pico-sdk/src/rp2_common/pico_divider/divider_hardware.S.o
                0x10016190                __wrap___aeabi_uidiv
                0x10016190                __wrap___aeabi_uidivmod
                0x10016190                div_u32u32
                0x10016190                divmod_u32u32
                0x10016198                divmod_u32u32_unsafe
                0x100161c0                divmod_u32u32_savestate
 .text.__wrap___aeabi_ldiv
                0x100161dc      0x424 CMakeFiles/coqui_mjs.dir/pico-sdk/src/rp2_common/pico_divider/divider_hardware.S.o
                0x100161dc                __wrap___aeabi_ldivmod
                0x100161dc                div_s64s64
                0x100161dc                divmod_s64s64
                0x1001620c                divmod_u64u64
                0x1001620c                div_u64u64
                0x1001620c                __wrap___aeabi_uldivmod
                0x1001621c                divmod_u64u64_savestate
                0x1001623c                divmod_s64s64_unsafe
                0x100162c4                divmod_u64u64_unsafe
 .text.__wrap___aeabi_darithmetic
                0x10016600       0x80 CMakeFiles/coqui_mjs.dir/pico-sdk/src/rp2_common/pico_double/double_aeabi_rp2040.S.o
                0x10016600                __wrap___aeabi_drsub
                0x10016606                __wrap___aeabi_dsub
                0x10016618                __wrap___aeabi_dadd
                0x1001662a                __wrap___aeabi_ddiv
                0x10016666                __wrap___aeabi_dmul
 .text.__wrap___aeabi_cdcmple
                0x10016680       0x6c CMakeFiles/coqui_mjs.dir/pico-sdk/src/rp2_common/pico_double/double_aeabi_rp2040.S.o
                0x10016680                __wrap___aeabi_cdrcmple
                0x10016690                __wrap___aeabi_cdcmple
                0x10016690                __wrap___aeabi_cdcmpeq
 .text.__wrap___aeabi_dcmpeq
                0x100166ec       0x10 CMakeFiles/coqui_mjs.dir/pico-sdk/src/rp2_common/pico_double/double_aeabi_rp2040.S.o
                0x100166ec                __wrap___aeabi_dcmpeq
 .text.__wrap___aeabi_dcmplt
                0x100166fc        0xc CMakeFiles/coqui_mjs.dir/pico-sdk/src/rp2_common/pico_double/double_aeabi_rp2040.S.o
                0x100166fc                __wrap___aeabi_dcmplt
 .text.__wrap___aeabi_dcmple
                0x10016708       0x10 CMakeFiles/coqui_mjs.dir/pico-sdk/src/rp2_common/pico_double/double_aeabi_rp2040.S.o
                0x10016708                __wrap___aeabi_dcmple
 .text.__wrap___aeabi_dcmpge
                0x10016718       0x10 CMakeFiles/coqui_mjs.dir/pico-sdk/src/rp2_common/pico_double/double_aeabi_rp2040.S.o
                0x10016718                __wrap___aeabi_dcmpge
 .text.__wrap___aeabi_dcmpgt
                0x10016728        0xa CMakeFiles/coqui_mjs.dir/pico-sdk/src/rp2_common/pico_double/double_aeabi_rp2040.S.o
                0x10016728                __wrap___aeabi_dcmpgt
 .text.__wrap___aeabi_dcmpun
                0x10016732       0x18 CMakeFiles/coqui_mjs.dir/pico-sdk/src/rp2_common/pico_double/double_aeabi_rp2040.S.o
                0x10016732                __wrap___aeabi_dcmpun
 *fill*         0x1001674a        0x2 
 .text.__wrap___aeabi_i2d
                0x1001674c       0x38 CMakeFiles/coqui_mjs.dir/pico-sdk/src/rp2_common/pico_double/double_aeabi_rp2040.S.o
                0x1001674c                __wrap___aeabi_ui2d
                0x1001674c                uint2double
                0x10016754                __wrap___aeabi_i2d
                0x10016754                int2double
 .text.__wrap___aeabi_d2iz
                0x10016784       0x48 CMakeFiles/coqui_mjs.dir/pico-sdk/src/rp2_common/pico_double/double_aeabi_rp2040.S.o
                0x10016784                __wrap___aeabi_d2iz
                0x10016784                double2int_z
 .text.__wrap___aeabi_d2uiz
                0x100167cc       0x18 CMakeFiles/coqui_mjs.dir/pico-sdk/src/rp2_common/pico_double/double_aeabi_rp2040.S.o
                0x100167cc                double2uint_z
                0x100167cc                double2uint
                0x100167cc                __wrap___aeabi_d2uiz
 .text.__wrap___aeabi_l2d
                0x100167e4       0x18 CMakeFiles/coqui_mjs.dir/pico-sdk/src/rp2_common/pico_double/double_aeabi_rp2040.S.o
                0x100167e4                __wrap___aeabi_l2d
                0x100167e4                int642double
 .text.__wrap___aeabi_d2f
                0x100167fc       0x18 CMakeFiles/coqui_mjs.dir/pico-sdk/src/rp2_common/pico_double/double_aeabi_rp2040.S.o
                0x100167fc                __wrap___aeabi_d2f
 .text.__aeabi_double_init
                0x10016814       0xa4 CMakeFiles/coqui_mjs.dir/pico-sdk/src/rp2_common/pico_double/double_init_rom_rp2040.c.o
                0x10016814                __aeabi_double_init
 .text.double_table_shim_on_use_helper
                0x100168b8       0x2c CMakeFiles/coqui_mjs.dir/pico-sdk/src/rp2_common/pico_double/double_v1_rom_shim_rp2040.S.o
                0x100168b8                double_table_shim_on_use_helper
 .text.__wrap___aeabi_dsub
                0x100168e4       0x10 CMakeFiles/coqui_mjs.dir/pico-sdk/src/rp2_common/pico_double/double_v1_rom_shim_rp2040.S.o
                0x100168e4                drsub_shim
                0x100168ea                dsub_shim
 .text.dadd_shim
                0x100168f4      0x15c CMakeFiles/coqui_mjs.dir/pico-sdk/src/rp2_common/pico_double/double_v1_rom_shim_rp2040.S.o
                0x100168f4                dadd_shim
 .text.dmul_shim
                0x10016a50      0x15c CMakeFiles/coqui_mjs.dir/pico-sdk/src/rp2_common/pico_double/double_v1_rom_shim_rp2040.S.o
                0x10016a50                dmul_shim
 .text.ddiv_shim
                0x10016bac      0x1b0 CMakeFiles/coqui_mjs.dir/pico-sdk/src/rp2_common/pico_double/double_v1_rom_shim_rp2040.S.o
                0x10016bac                ddiv_shim
 .text.double2uint_shim
                0x10016d5c        0xe CMakeFiles/coqui_mjs.dir/pico-sdk/src/rp2_common/pico_double/double_v1_rom_shim_rp2040.S.o
                0x10016d5c                double2uint_shim
                0x10016d5e                double2ufix_shim
 *fill*         0x10016d6a        0x2 
 .text.double2uint64_shim
                0x10016d6c       0x70 CMakeFiles/coqui_mjs.dir/pico-sdk/src/rp2_common/pico_double/double_v1_rom_shim_rp2040.S.o
                0x10016d6c                double2uint64_shim
                0x10016d6e                double2ufix64_shim
                0x10016d8e                d2fix_a
 .text.double2float_shim
                0x10016ddc       0x5c CMakeFiles/coqui_mjs.dir/pico-sdk/src/rp2_common/pico_double/double_v1_rom_shim_rp2040.S.o
                0x10016ddc                double2float_shim
 .text.x2double_shims
                0x10016e38       0x90 CMakeFiles/coqui_mjs.dir/pico-sdk/src/rp2_common/pico_double/double_v1_rom_shim_rp2040.S.o
                0x10016e38                uint2double_shim
                0x10016e3a                ufix2double_shim
                0x10016e40                int2double_shim
                0x10016e42                fix2double_shim
                0x10016e48                uint642double_shim
                0x10016e4a                ufix642double_shim
                0x10016e50                int642double_shim
                0x10016e52                fix642double_shim
 .text.dunpacks
                0x10016ec8       0x3c CMakeFiles/coqui_mjs.dir/pico-sdk/src/rp2_common/pico_double/double_v1_rom_shim_rp2040.S.o
                0x10016ec8                dunpacks
 .text.__aeabi_lmul
                0x10016f04       0x32 CMakeFiles/coqui_mjs.dir/pico-sdk/src/rp2_common/pico_int64_ops/pico_int64_ops_aeabi.S.o
                0x10016f04                __wrap___aeabi_lmul
 *fill*         0x10016f36        0x2 
 .text.__wrap___aeabi_f2d
                0x10016f38       0x14 CMakeFiles/coqui_mjs.dir/pico-sdk/src/rp2_common/pico_float/float_aeabi_rp2040.S.o
                0x10016f38                __wrap___aeabi_f2d
 .text.__aeabi_float_init
                0x10016f4c       0x64 CMakeFiles/coqui_mjs.dir/pico-sdk/src/rp2_common/pico_float/float_init_rom_rp2040.c.o
                0x10016f4c                __aeabi_float_init
 .text.float_table_shim_on_use_helper
                0x10016fb0       0x2c CMakeFiles/coqui_mjs.dir/pico-sdk/src/rp2_common/pico_float/float_v1_rom_shim_rp2040.S.o
                0x10016fb0                float_table_shim_on_use_helper
 .text.float2double_shim
                0x10016fdc       0x30 CMakeFiles/coqui_mjs.dir/pico-sdk/src/rp2_common/pico_float/float_v1_rom_shim_rp2040.S.o
                0x10016fdc                float2double_shim
 .text          0x1001700c       0x10 CMakeFiles/coqui_mjs.dir/pico-sdk/src/rp2_common/pico_mem_ops/mem_ops_aeabi.S.o
                0x1001700c                __aeabi_mem_init
 .text.memset   0x1001701c        0xc CMakeFiles/coqui_mjs.dir/pico-sdk/src/rp2_common/pico_mem_ops/mem_ops_aeabi.S.o
                0x1001701c                __wrap_memset
 .text.memcpy   0x10017028        0xc CMakeFiles/coqui_mjs.dir/pico-sdk/src/rp2_common/pico_mem_ops/mem_ops_aeabi.S.o
                0x10017028                __wrap___aeabi_memcpy
                0x10017028                __wrap_memcpy
 .text._out_buffer
                0x10017034        0x8 CMakeFiles/coqui_mjs.dir/pico-sdk/src/rp2_common/pico_printf/printf.c.o
 .text._out_null
                0x1001703c        0x4 CMakeFiles/coqui_mjs.dir/pico-sdk/src/rp2_common/pico_printf/printf.c.o
 .text._out_rev
                0x10017040       0xac CMakeFiles/coqui_mjs.dir/pico-sdk/src/rp2_common/pico_printf/printf.c.o
 .text._ntoa_format
                0x100170ec      0x1cc CMakeFiles/coqui_mjs.dir/pico-sdk/src/rp2_common/pico_printf/printf.c.o
 .text._out_char
                0x100172b8       0x10 CMakeFiles/coqui_mjs.dir/pico-sdk/src/rp2_common/pico_printf/printf.c.o
 .text._out_fct
                0x100172c8       0x10 CMakeFiles/coqui_mjs.dir/pico-sdk/src/rp2_common/pico_printf/printf.c.o
 .text._ftoa    0x100172d8      0x4a8 CMakeFiles/coqui_mjs.dir/pico-sdk/src/rp2_common/pico_printf/printf.c.o
 .text._etoa    0x10017780      0x57c CMakeFiles/coqui_mjs.dir/pico-sdk/src/rp2_common/pico_printf/printf.c.o
 .text._vsnprintf
                0x10017cfc      0xbe0 CMakeFiles/coqui_mjs.dir/pico-sdk/src/rp2_common/pico_printf/printf.c.o
 .text.__wrap_snprintf
                0x100188dc       0x28 CMakeFiles/coqui_mjs.dir/pico-sdk/src/rp2_common/pico_printf/printf.c.o
                0x100188dc                __wrap_snprintf
 .text.vfctprintf
                0x10018904       0x24 CMakeFiles/coqui_mjs.dir/pico-sdk/src/rp2_common/pico_printf/printf.c.o
                0x10018904                vfctprintf
 .text.weak_raw_vprintf
                0x10018928       0x30 CMakeFiles/coqui_mjs.dir/pico-sdk/src/rp2_common/pico_printf/printf.c.o
                0x10018928                weak_raw_vprintf
 .text._exit    0x10018958        0x4 CMakeFiles/coqui_mjs.dir/pico-sdk/src/rp2_common/pico_clib_interface/newlib_interface.c.o
                0x10018958                _exit
 .text._getpid  0x1001895c        0x4 CMakeFiles/coqui_mjs.dir/pico-sdk/src/rp2_common/pico_clib_interface/newlib_interface.c.o
                0x1001895c                _getpid
 .text._kill    0x10018960        0x8 CMakeFiles/coqui_mjs.dir/pico-sdk/src/rp2_common/pico_clib_interface/newlib_interface.c.o
                0x10018960                _kill
 .text.exit     0x10018968        0x8 CMakeFiles/coqui_mjs.dir/pico-sdk/src/rp2_common/pico_clib_interface/newlib_interface.c.o
                0x10018968                exit
 .text.runtime_init
                0x10018970       0x2c CMakeFiles/coqui_mjs.dir/pico-sdk/src/rp2_common/pico_clib_interface/newlib_interface.c.o
                0x10018970                runtime_init
 .text.stdio_out_chars_no_crlf
                0x1001899c       0x10 CMakeFiles/coqui_mjs.dir/pico-sdk/src/rp2_common/pico_stdio/stdio.c.o
 .text.stdio_out_chars_crlf
                0x100189ac       0xb0 CMakeFiles/coqui_mjs.dir/pico-sdk/src/rp2_common/pico_stdio/stdio.c.o
 .text.stdio_buffered_printer
                0x10018a5c       0x64 CMakeFiles/coqui_mjs.dir/pico-sdk/src/rp2_common/pico_stdio/stdio.c.o
 .text.stdio_put_string
                0x10018ac0       0xfc CMakeFiles/coqui_mjs.dir/pico-sdk/src/rp2_common/pico_stdio/stdio.c.o
                0x10018ac0                stdio_put_string
 .text.stdio_set_driver_enabled
                0x10018bbc       0x30 CMakeFiles/coqui_mjs.dir/pico-sdk/src/rp2_common/pico_stdio/stdio.c.o
                0x10018bbc                stdio_set_driver_enabled
 .text.stdio_init_all
                0x10018bec        0x8 CMakeFiles/coqui_mjs.dir/pico-sdk/src/rp2_common/pico_stdio/stdio.c.o
                0x10018bec                stdio_init_all
 .text.__wrap_putchar
                0x10018bf4       0x94 CMakeFiles/coqui_mjs.dir/pico-sdk/src/rp2_common/pico_stdio/stdio.c.o
                0x10018bf4                stdio_putchar
                0x10018bf4                __wrap_putchar
 .text.__wrap_puts
                0x10018c88       0x3c CMakeFiles/coqui_mjs.dir/pico-sdk/src/rp2_common/pico_stdio/stdio.c.o
                0x10018c88                __wrap_puts
                0x10018c88                stdio_puts
 .text.__wrap_vprintf
                0x10018cc4       0xcc CMakeFiles/coqui_mjs.dir/pico-sdk/src/rp2_common/pico_stdio/stdio.c.o
                0x10018cc4                __wrap_vprintf
                0x10018cc4                stdio_vprintf
 .text.__wrap_printf
                0x10018d90       0x18 CMakeFiles/coqui_mjs.dir/pico-sdk/src/rp2_common/pico_stdio/stdio.c.o
                0x10018d90                stdio_printf
                0x10018d90                __wrap_printf
 .text.resetd_init
                0x10018da8        0x4 CMakeFiles/coqui_mjs.dir/pico-sdk/src/rp2_common/pico_stdio_usb/reset_interface.c.o
 .text.resetd_reset
                0x10018dac        0xc CMakeFiles/coqui_mjs.dir/pico-sdk/src/rp2_common/pico_stdio_usb/reset_interface.c.o
 .text.resetd_open
                0x10018db8       0x28 CMakeFiles/coqui_mjs.dir/pico-sdk/src/rp2_common/pico_stdio_usb/reset_interface.c.o
 .text.resetd_xfer_cb
                0x10018de0        0x4 CMakeFiles/coqui_mjs.dir/pico-sdk/src/rp2_common/pico_stdio_usb/reset_interface.c.o
 .text.resetd_control_xfer_cb
                0x10018de4       0x54 CMakeFiles/coqui_mjs.dir/pico-sdk/src/rp2_common/pico_stdio_usb/reset_interface.c.o
 .text.tud_descriptor_bos_cb
                0x10018e38        0x8 CMakeFiles/coqui_mjs.dir/pico-sdk/src/rp2_common/pico_stdio_usb/reset_interface.c.o
                0x10018e38                tud_descriptor_bos_cb
 .text.tud_vendor_control_xfer_cb
                0x10018e40       0x34 CMakeFiles/coqui_mjs.dir/pico-sdk/src/rp2_common/pico_stdio_usb/reset_interface.c.o
                0x10018e40                tud_vendor_control_xfer_cb
 .text.usbd_app_driver_get_cb
                0x10018e74        0xc CMakeFiles/coqui_mjs.dir/pico-sdk/src/rp2_common/pico_stdio_usb/reset_interface.c.o
                0x10018e74                usbd_app_driver_get_cb
 .text.tud_cdc_line_coding_cb
                0x10018e80       0x2c CMakeFiles/coqui_mjs.dir/pico-sdk/src/rp2_common/pico_stdio_usb/reset_interface.c.o
                0x10018e80                tud_cdc_line_coding_cb
 .text.stdio_usb_set_chars_available_callback
                0x10018eac       0x14 CMakeFiles/coqui_mjs.dir/pico-sdk/src/rp2_common/pico_stdio_usb/stdio_usb.c.o
                0x10018eac                stdio_usb_set_chars_available_callback
 .text.usb_irq  0x10018ec0       0x10 CMakeFiles/coqui_mjs.dir/pico-sdk/src/rp2_common/pico_stdio_usb/stdio_usb.c.o
 .text.timer_task
                0x10018ed0       0x64 CMakeFiles/coqui_mjs.dir/pico-sdk/src/rp2_common/pico_stdio_usb/stdio_usb.c.o
 .text.stdio_usb_in_chars
                0x10018f34       0x8c CMakeFiles/coqui_mjs.dir/pico-sdk/src/rp2_common/pico_stdio_usb/stdio_usb.c.o
                0x10018f34                stdio_usb_in_chars
 .text.stdio_usb_out_flush
                0x10018fc0       0x4c CMakeFiles/coqui_mjs.dir/pico-sdk/src/rp2_common/pico_stdio_usb/stdio_usb.c.o
 .text.stdio_usb_out_chars
                0x1001900c      0x100 CMakeFiles/coqui_mjs.dir/pico-sdk/src/rp2_common/pico_stdio_usb/stdio_usb.c.o
 .text.low_priority_worker_irq
                0x1001910c       0xc8 CMakeFiles/coqui_mjs.dir/pico-sdk/src/rp2_common/pico_stdio_usb/stdio_usb.c.o
 .text.stdio_usb_init
                0x100191d4       0xe8 CMakeFiles/coqui_mjs.dir/pico-sdk/src/rp2_common/pico_stdio_usb/stdio_usb.c.o
                0x100191d4                stdio_usb_init
 .text.tud_descriptor_device_cb
                0x100192bc        0x8 CMakeFiles/coqui_mjs.dir/pico-sdk/src/rp2_common/pico_stdio_usb/stdio_usb_descriptors.c.o
                0x100192bc                tud_descriptor_device_cb
 .text.tud_descriptor_configuration_cb
                0x100192c4        0x8 CMakeFiles/coqui_mjs.dir/pico-sdk/src/rp2_common/pico_stdio_usb/stdio_usb_descriptors.c.o
                0x100192c4                tud_descriptor_configuration_cb
 .text.tud_descriptor_string_cb
                0x100192cc       0x78 CMakeFiles/coqui_mjs.dir/pico-sdk/src/rp2_common/pico_stdio_usb/stdio_usb_descriptors.c.o
                0x100192cc                tud_descriptor_string_cb
 .text.startup._retrieve_unique_id_on_boot
                0x10019344       0x10 CMakeFiles/coqui_mjs.dir/pico-sdk/src/rp2_common/pico_unique_id/unique_id.c.o
 .text.pico_get_unique_board_id_string
                0x10019354      0x1a8 CMakeFiles/coqui_mjs.dir/pico-sdk/src/rp2_common/pico_unique_id/unique_id.c.o
                0x10019354                pico_get_unique_board_id_string
 .text.flash_get_unique_id
                0x100194fc       0x3c CMakeFiles/coqui_mjs.dir/pico-sdk/src/rp2_common/hardware_flash/flash.c.o
                0x100194fc                flash_get_unique_id
 .text.dcd_init
                0x10019538       0x90 CMakeFiles/coqui_mjs.dir/pico-sdk/lib/tinyusb/src/portable/raspberrypi/rp2040/dcd_rp2040.c.o
                0x10019538                dcd_init
 .text.dcd_int_enable
                0x100195c8        0xc CMakeFiles/coqui_mjs.dir/pico-sdk/lib/tinyusb/src/portable/raspberrypi/rp2040/dcd_rp2040.c.o
                0x100195c8                dcd_int_enable
 .text.dcd_set_address
                0x100195d4       0x14 CMakeFiles/coqui_mjs.dir/pico-sdk/lib/tinyusb/src/portable/raspberrypi/rp2040/dcd_rp2040.c.o
                0x100195d4                dcd_set_address
 .text.dcd_sof_enable
                0x100195e8       0x1c CMakeFiles/coqui_mjs.dir/pico-sdk/lib/tinyusb/src/portable/raspberrypi/rp2040/dcd_rp2040.c.o
                0x100195e8                dcd_sof_enable
 .text.dcd_edpt0_status_complete
                0x10019604       0x1c CMakeFiles/coqui_mjs.dir/pico-sdk/lib/tinyusb/src/portable/raspberrypi/rp2040/dcd_rp2040.c.o
                0x10019604                dcd_edpt0_status_complete
 .text.dcd_edpt_open
                0x10019620      0x114 CMakeFiles/coqui_mjs.dir/pico-sdk/lib/tinyusb/src/portable/raspberrypi/rp2040/dcd_rp2040.c.o
                0x10019620                dcd_edpt_open
 .text.dcd_edpt_close_all
                0x10019734        0x8 CMakeFiles/coqui_mjs.dir/pico-sdk/lib/tinyusb/src/portable/raspberrypi/rp2040/dcd_rp2040.c.o
                0x10019734                dcd_edpt_close_all
 .text.dcd_edpt_xfer
                0x1001973c       0x24 CMakeFiles/coqui_mjs.dir/pico-sdk/lib/tinyusb/src/portable/raspberrypi/rp2040/dcd_rp2040.c.o
                0x1001973c                dcd_edpt_xfer
 .text.dcd_edpt_stall
                0x10019760       0x3c CMakeFiles/coqui_mjs.dir/pico-sdk/lib/tinyusb/src/portable/raspberrypi/rp2040/dcd_rp2040.c.o
                0x10019760                dcd_edpt_stall
 .text.dcd_edpt_clear_stall
                0x1001979c       0x30 CMakeFiles/coqui_mjs.dir/pico-sdk/lib/tinyusb/src/portable/raspberrypi/rp2040/dcd_rp2040.c.o
                0x1001979c                dcd_edpt_clear_stall
 .text.rp2040_usb_init
                0x100197cc       0x40 CMakeFiles/coqui_mjs.dir/pico-sdk/lib/tinyusb/src/portable/raspberrypi/rp2040/rp2040_usb.c.o
                0x100197cc                rp2040_usb_init
 .text.hw_endpoint_xfer_start
                0x1001980c       0x40 CMakeFiles/coqui_mjs.dir/pico-sdk/lib/tinyusb/src/portable/raspberrypi/rp2040/rp2040_usb.c.o
                0x1001980c                hw_endpoint_xfer_start
 .text.tud_event_hook_cb
                0x1001984c        0x4 CMakeFiles/coqui_mjs.dir/pico-sdk/lib/tinyusb/src/device/usbd.c.o
                0x1001984c                tud_event_hook_cb
 .text.tud_sof_cb
                0x10019850        0x4 CMakeFiles/coqui_mjs.dir/pico-sdk/lib/tinyusb/src/device/usbd.c.o
                0x10019850                tud_sof_cb
 .text.tud_descriptor_device_qualifier_cb
                0x10019854        0x4 CMakeFiles/coqui_mjs.dir/pico-sdk/lib/tinyusb/src/device/usbd.c.o
                0x10019854                tud_descriptor_device_qualifier_cb
 .text.tud_descriptor_other_speed_configuration_cb
                0x10019858        0x4 CMakeFiles/coqui_mjs.dir/pico-sdk/lib/tinyusb/src/device/usbd.c.o
                0x10019858                tud_descriptor_other_speed_configuration_cb
 .text.tud_mount_cb
                0x1001985c        0x4 CMakeFiles/coqui_mjs.dir/pico-sdk/lib/tinyusb/src/device/usbd.c.o
                0x1001985c                tud_mount_cb
 .text.tud_umount_cb
                0x10019860        0x4 CMakeFiles/coqui_mjs.dir/pico-sdk/lib/tinyusb/src/device/usbd.c.o
                0x10019860                tud_umount_cb
 .text.tud_suspend_cb
                0x10019864        0x4 CMakeFiles/coqui_mjs.dir/pico-sdk/lib/tinyusb/src/device/usbd.c.o
                0x10019864                tud_suspend_cb
 .text.tud_resume_cb
                0x10019868        0x4 CMakeFiles/coqui_mjs.dir/pico-sdk/lib/tinyusb/src/device/usbd.c.o
                0x10019868                tud_resume_cb
 .text.tud_mounted
                0x1001986c       0x10 CMakeFiles/coqui_mjs.dir/pico-sdk/lib/tinyusb/src/device/usbd.c.o
                0x1001986c                tud_mounted
 .text.tud_suspended
                0x1001987c       0x10 CMakeFiles/coqui_mjs.dir/pico-sdk/lib/tinyusb/src/device/usbd.c.o
                0x1001987c                tud_suspended
 .text.tud_rhport_init
                0x1001988c       0xf4 CMakeFiles/coqui_mjs.dir/pico-sdk/lib/tinyusb/src/device/usbd.c.o
                0x1001988c                tud_rhport_init
 .text.tud_task_ext
                0x10019980      0x800 CMakeFiles/coqui_mjs.dir/pico-sdk/lib/tinyusb/src/device/usbd.c.o
                0x10019980                tud_task_ext
 .text.usbd_open_edpt_pair
                0x1001a180       0x9c CMakeFiles/coqui_mjs.dir/pico-sdk/lib/tinyusb/src/device/usbd.c.o
                0x1001a180                usbd_open_edpt_pair
 .text.usbd_edpt_open
                0x1001a21c       0x34 CMakeFiles/coqui_mjs.dir/pico-sdk/lib/tinyusb/src/device/usbd.c.o
                0x1001a21c                usbd_edpt_open
 .text.usbd_edpt_claim
                0x1001a250       0x28 CMakeFiles/coqui_mjs.dir/pico-sdk/lib/tinyusb/src/device/usbd.c.o
                0x1001a250                usbd_edpt_claim
 .text.usbd_edpt_release
                0x1001a278       0x28 CMakeFiles/coqui_mjs.dir/pico-sdk/lib/tinyusb/src/device/usbd.c.o
                0x1001a278                usbd_edpt_release
 .text.usbd_edpt_xfer
                0x1001a2a0       0x4c CMakeFiles/coqui_mjs.dir/pico-sdk/lib/tinyusb/src/device/usbd.c.o
                0x1001a2a0                usbd_edpt_xfer
 .text.tud_control_status
                0x1001a2ec       0x2c CMakeFiles/coqui_mjs.dir/pico-sdk/lib/tinyusb/src/device/usbd_control.c.o
                0x1001a2ec                tud_control_status
 .text.tud_control_xfer
                0x1001a318       0xa8 CMakeFiles/coqui_mjs.dir/pico-sdk/lib/tinyusb/src/device/usbd_control.c.o
                0x1001a318                tud_control_xfer
 .text.usbd_control_reset
                0x1001a3c0       0x14 CMakeFiles/coqui_mjs.dir/pico-sdk/lib/tinyusb/src/device/usbd_control.c.o
                0x1001a3c0                usbd_control_reset
 .text.usbd_control_set_complete_callback
                0x1001a3d4        0xc CMakeFiles/coqui_mjs.dir/pico-sdk/lib/tinyusb/src/device/usbd_control.c.o
                0x1001a3d4                usbd_control_set_complete_callback
 .text.usbd_control_set_request
                0x1001a3e0       0x1c CMakeFiles/coqui_mjs.dir/pico-sdk/lib/tinyusb/src/device/usbd_control.c.o
                0x1001a3e0                usbd_control_set_request
 .text.usbd_control_xfer_cb
                0x1001a3fc       0xec CMakeFiles/coqui_mjs.dir/pico-sdk/lib/tinyusb/src/device/usbd_control.c.o
                0x1001a3fc                usbd_control_xfer_cb
 .text._prep_out_transaction.isra.0
                0x1001a4e8       0x6c CMakeFiles/coqui_mjs.dir/pico-sdk/lib/tinyusb/src/class/cdc/cdc_device.c.o
 .text.tud_cdc_n_connected
                0x1001a554       0x2c CMakeFiles/coqui_mjs.dir/pico-sdk/lib/tinyusb/src/class/cdc/cdc_device.c.o
                0x1001a554                tud_cdc_n_connected
 .text.tud_cdc_n_available
                0x1001a580       0x14 CMakeFiles/coqui_mjs.dir/pico-sdk/lib/tinyusb/src/class/cdc/cdc_device.c.o
                0x1001a580                tud_cdc_n_available
 .text.tud_cdc_n_read
                0x1001a594       0x88 CMakeFiles/coqui_mjs.dir/pico-sdk/lib/tinyusb/src/class/cdc/cdc_device.c.o
                0x1001a594                tud_cdc_n_read
 .text.tud_cdc_n_write_flush
                0x1001a61c       0x74 CMakeFiles/coqui_mjs.dir/pico-sdk/lib/tinyusb/src/class/cdc/cdc_device.c.o
                0x1001a61c                tud_cdc_n_write_flush
 .text.tud_cdc_n_write
                0x1001a690       0x40 CMakeFiles/coqui_mjs.dir/pico-sdk/lib/tinyusb/src/class/cdc/cdc_device.c.o
                0x1001a690                tud_cdc_n_write
 .text.tud_cdc_n_write_available
                0x1001a6d0       0x14 CMakeFiles/coqui_mjs.dir/pico-sdk/lib/tinyusb/src/class/cdc/cdc_device.c.o
                0x1001a6d0                tud_cdc_n_write_available
 .text.cdcd_init
                0x1001a6e4       0x70 CMakeFiles/coqui_mjs.dir/pico-sdk/lib/tinyusb/src/class/cdc/cdc_device.c.o
                0x1001a6e4                cdcd_init
 .text.cdcd_deinit
                0x1001a754       0x30 CMakeFiles/coqui_mjs.dir/pico-sdk/lib/tinyusb/src/class/cdc/cdc_device.c.o
                0x1001a754                cdcd_deinit
 .text.cdcd_reset
                0x1001a784       0x4c CMakeFiles/coqui_mjs.dir/pico-sdk/lib/tinyusb/src/class/cdc/cdc_device.c.o
                0x1001a784                cdcd_reset
 .text.cdcd_open
                0x1001a7d0       0xa4 CMakeFiles/coqui_mjs.dir/pico-sdk/lib/tinyusb/src/class/cdc/cdc_device.c.o
                0x1001a7d0                cdcd_open
 .text.cdcd_control_xfer_cb
                0x1001a874       0xe8 CMakeFiles/coqui_mjs.dir/pico-sdk/lib/tinyusb/src/class/cdc/cdc_device.c.o
                0x1001a874                cdcd_control_xfer_cb
 .text.cdcd_xfer_cb
                0x1001a95c      0x100 CMakeFiles/coqui_mjs.dir/pico-sdk/lib/tinyusb/src/class/cdc/cdc_device.c.o
                0x1001a95c                cdcd_xfer_cb
 .text.vendord_init
                0x1001aa5c       0x5c CMakeFiles/coqui_mjs.dir/pico-sdk/lib/tinyusb/src/class/vendor/vendor_device.c.o
                0x1001aa5c                vendord_init
 .text.vendord_deinit
                0x1001aab8       0x1c CMakeFiles/coqui_mjs.dir/pico-sdk/lib/tinyusb/src/class/vendor/vendor_device.c.o
                0x1001aab8                vendord_deinit
 .text.vendord_reset
                0x1001aad4       0x28 CMakeFiles/coqui_mjs.dir/pico-sdk/lib/tinyusb/src/class/vendor/vendor_device.c.o
                0x1001aad4                vendord_reset
 .text.vendord_open
                0x1001aafc      0x120 CMakeFiles/coqui_mjs.dir/pico-sdk/lib/tinyusb/src/class/vendor/vendor_device.c.o
                0x1001aafc                vendord_open
 .text.vendord_xfer_cb
                0x1001ac1c       0x9c CMakeFiles/coqui_mjs.dir/pico-sdk/lib/tinyusb/src/class/vendor/vendor_device.c.o
                0x1001ac1c                vendord_xfer_cb
 .text.tusb_rhport_init
                0x1001acb8       0x4c CMakeFiles/coqui_mjs.dir/pico-sdk/lib/tinyusb/src/tusb.c.o
                0x1001acb8                tusb_rhport_init
 .text.tu_edpt_claim
                0x1001ad04       0x50 CMakeFiles/coqui_mjs.dir/pico-sdk/lib/tinyusb/src/tusb.c.o
                0x1001ad04                tu_edpt_claim
 .text.tu_edpt_release
                0x1001ad54       0x38 CMakeFiles/coqui_mjs.dir/pico-sdk/lib/tinyusb/src/tusb.c.o
                0x1001ad54                tu_edpt_release
 .text.tu_edpt_validate
                0x1001ad8c       0x7c CMakeFiles/coqui_mjs.dir/pico-sdk/lib/tinyusb/src/tusb.c.o
                0x1001ad8c                tu_edpt_validate
 .text.tu_edpt_bind_driver
                0x1001ae08       0x34 CMakeFiles/coqui_mjs.dir/pico-sdk/lib/tinyusb/src/tusb.c.o
                0x1001ae08                tu_edpt_bind_driver
 .text.tu_edpt_stream_init
                0x1001ae3c       0x6c CMakeFiles/coqui_mjs.dir/pico-sdk/lib/tinyusb/src/tusb.c.o
                0x1001ae3c                tu_edpt_stream_init
 .text.tu_edpt_stream_deinit
                0x1001aea8        0x4 CMakeFiles/coqui_mjs.dir/pico-sdk/lib/tinyusb/src/tusb.c.o
                0x1001aea8                tu_edpt_stream_deinit
 .text.tu_edpt_stream_write_zlp_if_needed
                0x1001aeac       0x68 CMakeFiles/coqui_mjs.dir/pico-sdk/lib/tinyusb/src/tusb.c.o
                0x1001aeac                tu_edpt_stream_write_zlp_if_needed
 .text.tu_edpt_stream_write_xfer
                0x1001af14       0x68 CMakeFiles/coqui_mjs.dir/pico-sdk/lib/tinyusb/src/tusb.c.o
                0x1001af14                tu_edpt_stream_write_xfer
 .text.tu_edpt_stream_read_xfer
                0x1001af7c       0xd8 CMakeFiles/coqui_mjs.dir/pico-sdk/lib/tinyusb/src/tusb.c.o
                0x1001af7c                tu_edpt_stream_read_xfer
 .text.tu_fifo_config
                0x1001b054       0x6c CMakeFiles/coqui_mjs.dir/pico-sdk/lib/tinyusb/src/common/tusb_fifo.c.o
                0x1001b054                tu_fifo_config
 .text.tu_fifo_count
                0x1001b0c0       0x2c CMakeFiles/coqui_mjs.dir/pico-sdk/lib/tinyusb/src/common/tusb_fifo.c.o
                0x1001b0c0                tu_fifo_count
 .text.tu_fifo_empty
                0x1001b0ec       0x10 CMakeFiles/coqui_mjs.dir/pico-sdk/lib/tinyusb/src/common/tusb_fifo.c.o
                0x1001b0ec                tu_fifo_empty
 .text.tu_fifo_remaining
                0x1001b0fc       0x2c CMakeFiles/coqui_mjs.dir/pico-sdk/lib/tinyusb/src/common/tusb_fifo.c.o
                0x1001b0fc                tu_fifo_remaining
 .text.tu_fifo_read
                0x1001b128       0x9c CMakeFiles/coqui_mjs.dir/pico-sdk/lib/tinyusb/src/common/tusb_fifo.c.o
                0x1001b128                tu_fifo_read
 .text.tu_fifo_read_n
                0x1001b1c4       0xe8 CMakeFiles/coqui_mjs.dir/pico-sdk/lib/tinyusb/src/common/tusb_fifo.c.o
                0x1001b1c4                tu_fifo_read_n
 .text.tu_fifo_write
                0x1001b2ac       0xa4 CMakeFiles/coqui_mjs.dir/pico-sdk/lib/tinyusb/src/common/tusb_fifo.c.o
                0x1001b2ac                tu_fifo_write
 .text.tu_fifo_write_n
                0x1001b350      0x178 CMakeFiles/coqui_mjs.dir/pico-sdk/lib/tinyusb/src/common/tusb_fifo.c.o
                0x1001b350                tu_fifo_write_n
 .text.tu_fifo_clear
                0x1001b4c8       0x40 CMakeFiles/coqui_mjs.dir/pico-sdk/lib/tinyusb/src/common/tusb_fifo.c.o
                0x1001b4c8                tu_fifo_clear
 .text.tu_fifo_set_overwritable
                0x1001b508       0x48 CMakeFiles/coqui_mjs.dir/pico-sdk/lib/tinyusb/src/common/tusb_fifo.c.o
                0x1001b508                tu_fifo_set_overwritable
 .text.abort    0x1001b550       0x10 /Applications/ArmGNUToolchain/14.2.rel1/arm-none-eabi/bin/../lib/gcc/arm-none-eabi/14.2.1/../../../../arm-none-eabi/lib/thumb/v6-m/nofp/libg.a(libc_a-abort.o)
                0x1001b550                abort
 .text.memcmp   0x1001b560       0x48 /Applications/ArmGNUToolchain/14.2.rel1/arm-none-eabi/bin/../lib/gcc/arm-none-eabi/14.2.1/../../../../arm-none-eabi/lib/thumb/v6-m/nofp/libg.a(libc_a-memcmp.o)
                0x1001b560                memcmp
 .text.memmove  0x1001b5a8       0xc4 /Applications/ArmGNUToolchain/14.2.rel1/arm-none-eabi/bin/../lib/gcc/arm-none-eabi/14.2.1/../../../../arm-none-eabi/lib/thumb/v6-m/nofp/libg.a(libc_a-memmove.o)
                0x1001b5a8                memmove
 .text.raise    0x1001b66c       0x5c /Applications/ArmGNUToolchain/14.2.rel1/arm-none-eabi/bin/../lib/gcc/arm-none-eabi/14.2.1/../../../../arm-none-eabi/lib/thumb/v6-m/nofp/libg.a(libc_a-signal.o)
                0x1001b66c                raise
 .text._kill_r  0x1001b6c8       0x28 /Applications/ArmGNUToolchain/14.2.rel1/arm-none-eabi/bin/../lib/gcc/arm-none-eabi/14.2.1/../../../../arm-none-eabi/lib/thumb/v6-m/nofp/libg.a(libc_a-signalr.o)
                0x1001b6c8                _kill_r
 .text._getpid_r
                0x1001b6f0        0x8 /Applications/ArmGNUToolchain/14.2.rel1/arm-none-eabi/bin/../lib/gcc/arm-none-eabi/14.2.1/../../../../arm-none-eabi/lib/thumb/v6-m/nofp/libg.a(libc_a-signalr.o)
                0x1001b6f0                _getpid_r
 .text          0x1001b6f8       0x34 /Applications/ArmGNUToolchain/14.2.rel1/arm-none-eabi/bin/../lib/gcc/arm-none-eabi/14.2.1/../../../../arm-none-eabi/lib/thumb/v6-m/nofp/libg.a(libc_a-setjmp.o)
                0x1001b6f8                setjmp
                0x1001b710                longjmp
 .text.strlen   0x1001b72c       0x5c /Applications/ArmGNUToolchain/14.2.rel1/arm-none-eabi/bin/../lib/gcc/arm-none-eabi/14.2.1/../../../../arm-none-eabi/lib/thumb/v6-m/nofp/libg.a(libc_a-strlen-stub.o)
                0x1001b72c                strlen
 *(.fini)
 .fini          0x1001b788        0x4 /Applications/ArmGNUToolchain/14.2.rel1/arm-none-eabi/bin/../lib/gcc/arm-none-eabi/14.2.1/thumb/v6-m/nofp/crti.o
                0x1001b788                _fini
 *fill*         0x1001b78c        0x4 
 .fini.__stub   0x1001b790       0xc0 linker stubs
 *crtbegin.o(.ctors)
 *crtbegin?.o(.ctors)
 *(EXCLUDE_FILE(*crtend.o *crtend?.o) .ctors)
 *(SORT_BY_NAME(.ctors.*))
 *(.ctors)
 *crtbegin.o(.dtors)
 *crtbegin?.o(.dtors)
 *(EXCLUDE_FILE(*crtend.o *crtend?.o) .dtors)
 *(SORT_BY_NAME(.dtors.*))
 *(.dtors)
                0x1001b850                        . = ALIGN (0x4)
                0x1001b850                        PROVIDE (__preinit_array_start = .)
 *(SORT_BY_NAME(.preinit_array.*))
 .preinit_array.00100
                0x1001b850        0x4 CMakeFiles/coqui_mjs.dir/pico-sdk/src/rp2_common/pico_runtime_init/runtime_init.c.o
                0x1001b850                __pre_init_runtime_init_early_resets
 .preinit_array.00101
                0x1001b854        0x4 CMakeFiles/coqui_mjs.dir/pico-sdk/src/rp2_common/pico_runtime_init/runtime_init.c.o
                0x1001b854                __pre_init_runtime_init_usb_power_down
 .preinit_array.00275
                0x1001b858        0x4 CMakeFiles/coqui_mjs.dir/pico-sdk/src/rp2_common/pico_bit_ops/bit_ops_aeabi.S.o
 .preinit_array.00300
                0x1001b85c        0x4 CMakeFiles/coqui_mjs.dir/pico-sdk/src/rp2_common/pico_mem_ops/mem_ops_aeabi.S.o
 .preinit_array.00350
                0x1001b860        0x4 CMakeFiles/coqui_mjs.dir/pico-sdk/src/rp2_common/pico_double/double_aeabi_rp2040.S.o
 .preinit_array.00350
                0x1001b864        0x4 CMakeFiles/coqui_mjs.dir/pico-sdk/src/rp2_common/pico_float/float_aeabi_rp2040.S.o
 .preinit_array.00500
                0x1001b868        0x4 CMakeFiles/coqui_mjs.dir/pico-sdk/src/rp2_common/pico_runtime_init/runtime_init.c.o
                0x1001b868                __pre_init_runtime_init_clocks
 .preinit_array.00600
                0x1001b86c        0x4 CMakeFiles/coqui_mjs.dir/pico-sdk/src/rp2_common/pico_runtime_init/runtime_init.c.o
                0x1001b86c                __pre_init_runtime_init_post_clock_resets
 .preinit_array.00700
                0x1001b870        0x4 CMakeFiles/coqui_mjs.dir/pico-sdk/src/rp2_common/pico_runtime_init/runtime_init.c.o
                0x1001b870                __pre_init_runtime_init_rp2040_gpio_ie_disable
 .preinit_array.01000
                0x1001b874        0x4 CMakeFiles/coqui_mjs.dir/pico-sdk/src/rp2_common/pico_runtime_init/runtime_init.c.o
                0x1001b874                __pre_init_runtime_init_spin_locks_reset
 .preinit_array.01100
                0x1001b878        0x4 CMakeFiles/coqui_mjs.dir/pico-sdk/src/common/pico_sync/mutex.c.o
                0x1001b878                __pre_init_runtime_init_mutex
 .preinit_array.10080
                0x1001b87c        0x4 CMakeFiles/coqui_mjs.dir/pico-sdk/src/rp2_common/pico_runtime_init/runtime_init.c.o
                0x1001b87c                __pre_init_runtime_init_install_ram_vector_table
 .preinit_array.11000
                0x1001b880        0x4 CMakeFiles/coqui_mjs.dir/pico-sdk/src/common/pico_time/time.c.o
                0x1001b880                __pre_init_runtime_init_default_alarm_pool
 .preinit_array.YYYYY
                0x1001b884        0x4 CMakeFiles/coqui_mjs.dir/pico-sdk/src/rp2_common/pico_runtime/runtime.c.o
                0x1001b884                __pre_init_first_per_core_initializer
 .preinit_array.ZZZZZ.01200
                0x1001b888        0x4 CMakeFiles/coqui_mjs.dir/pico-sdk/src/rp2_common/hardware_irq/irq.c.o
                0x1001b888                __pre_init_runtime_init_per_core_irq_priorities
 *(.preinit_array)
                0x1001b88c                        PROVIDE (__preinit_array_end = .)
                0x1001b88c                        . = ALIGN (0x4)
                0x1001b88c                        PROVIDE (__init_array_start = .)
 *(SORT_BY_NAME(.init_array.*))
 .init_array.01000
                0x1001b88c        0x4 CMakeFiles/coqui_mjs.dir/pico-sdk/src/rp2_common/pico_unique_id/unique_id.c.o
 *(.init_array)
 .init_array    0x1001b890        0x4 /Applications/ArmGNUToolchain/14.2.rel1/arm-none-eabi/bin/../lib/gcc/arm-none-eabi/14.2.1/thumb/v6-m/nofp/crtbegin.o
                0x1001b894                        PROVIDE (__init_array_end = .)
                0x1001b894                        . = ALIGN (0x4)
                [!provide]                        PROVIDE (__fini_array_start = .)
 *(SORT_BY_NAME(.fini_array.*))
 *(.fini_array)
                [!provide]                        PROVIDE (__fini_array_end = .)
 *(.eh_frame*)
 .eh_frame      0x1001b894        0x0 /Applications/ArmGNUToolchain/14.2.rel1/arm-none-eabi/bin/../lib/gcc/arm-none-eabi/14.2.1/thumb/v6-m/nofp/crtbegin.o
                0x1001b894                        . = ALIGN (0x4)

.glue_7         0x1001b894        0x0
 .glue_7        0x1001b894        0x0 linker stubs

.glue_7t        0x1001b894        0x0
 .glue_7t       0x1001b894        0x0 linker stubs

.vfp11_veneer   0x1001b894        0x0
 .vfp11_veneer  0x1001b894        0x0 linker stubs

.v4_bx          0x1001b894        0x0
 .v4_bx         0x1001b894        0x0 linker stubs

.iplt           0x1001b894        0x0
 .iplt          0x1001b894        0x0 /Applications/ArmGNUToolchain/14.2.rel1/arm-none-eabi/bin/../lib/gcc/arm-none-eabi/14.2.1/thumb/v6-m/nofp/crtbegin.o

.rodata         0x1001b898     0x28f4
 *(EXCLUDE_FILE(*libm.a: *libc.a:*lib_a-mem*.o *libgcc.a:) .rodata*)
 .rodata.main.str1.4
                0x1001b898      0xec0 CMakeFiles/coqui_mjs.dir/main.c.o
                                 0xe4 (size before relaxing)
 .rodata.hardware_init.str1.4
                0x1001c758       0x21 CMakeFiles/coqui_mjs.dir/hardware.c.o
 .rodata.u64toa.str1.4
                0x1001c758        0x5 CMakeFiles/coqui_mjs.dir/stubs.c.o
 .rodata.i64toa.str1.4
                0x1001c758        0x5 CMakeFiles/coqui_mjs.dir/stubs.c.o
 .rodata.u32toa.str1.4
                0x1001c758        0x3 CMakeFiles/coqui_mjs.dir/stubs.c.o
 .rodata.i32toa.str1.4
                0x1001c758        0x3 CMakeFiles/coqui_mjs.dir/stubs.c.o
 .rodata.js_dtoa.str1.4
                0x1001c758        0x3 CMakeFiles/coqui_mjs.dir/stubs.c.o
 .rodata.js_parse_escape
                0x1001c758      0x15c CMakeFiles/coqui_mjs.dir/mquickjs/mquickjs.c.o
 .rodata.get_mblock_size
                0x1001c8b4       0x20 CMakeFiles/coqui_mjs.dir/mquickjs/mquickjs.c.o
 .rodata.gc_mark_flush
                0x1001c8d4       0x70 CMakeFiles/coqui_mjs.dir/mquickjs/mquickjs.c.o
 .rodata.gc_compact_heap
                0x1001c944       0x70 CMakeFiles/coqui_mjs.dir/mquickjs/mquickjs.c.o
 .rodata.js_vprintf.constprop.0.str1.4
                0x1001c9b4       0x41 CMakeFiles/coqui_mjs.dir/mquickjs/mquickjs.c.o
 .rodata.js_vprintf.constprop.0
                0x1001c9b4      0x100 CMakeFiles/coqui_mjs.dir/mquickjs/mquickjs.c.o
 .rodata.get_class_atom.str1.4
                0x1001cab4       0x57 CMakeFiles/coqui_mjs.dir/mquickjs/mquickjs.c.o
 .rodata.get_class_atom
                0x1001cab4       0xe8 CMakeFiles/coqui_mjs.dir/mquickjs/mquickjs.c.o
 .rodata.js_parse_expect1.part.0.str1.4
                0x1001cb9c        0xf CMakeFiles/coqui_mjs.dir/mquickjs/mquickjs.c.o
 .rodata.js_parse_error_stack_overflow.str1.4
                0x1001cb9c        0xf CMakeFiles/coqui_mjs.dir/mquickjs/mquickjs.c.o
 .rodata.js_parse_error_mem.str1.4
                0x1001cb9c       0x12 CMakeFiles/coqui_mjs.dir/mquickjs/mquickjs.c.o
 .rodata.gc_mark_all
                0x1001cb9c       0x20 CMakeFiles/coqui_mjs.dir/mquickjs/mquickjs.c.o
 .rodata.js_shrink_byte_array
                0x1001cbbc       0x20 CMakeFiles/coqui_mjs.dir/mquickjs/mquickjs.c.o
 .rodata.js_shrink_value_array
                0x1001cbdc       0x20 CMakeFiles/coqui_mjs.dir/mquickjs/mquickjs.c.o
 .rodata.js_dump_float64.str1.4
                0x1001cbfc        0x3 CMakeFiles/coqui_mjs.dir/mquickjs/mquickjs.c.o
 .rodata.JS_FreeContext
                0x1001cbfc       0x20 CMakeFiles/coqui_mjs.dir/mquickjs/mquickjs.c.o
 .rodata.JS_PrintValueF.str1.4
                0x1001cc1c       0x96 CMakeFiles/coqui_mjs.dir/mquickjs/mquickjs.c.o
 .rodata.JS_DumpMemory.str1.4
                0x1001cc1c      0x147 CMakeFiles/coqui_mjs.dir/mquickjs/mquickjs.c.o
 .rodata.js_object_keys.str1.4
                0x1001cc1c        0xe CMakeFiles/coqui_mjs.dir/mquickjs/mquickjs.c.o
 .rodata.JS_Call.str1.4
                0x1001cc1c      0x118 CMakeFiles/coqui_mjs.dir/mquickjs/mquickjs.c.o
 .rodata.JS_Call
                0x1001cc1c      0x210 CMakeFiles/coqui_mjs.dir/mquickjs/mquickjs.c.o
 .rodata.JS_ToPrimitive.str1.4
                0x1001ce2c        0xc CMakeFiles/coqui_mjs.dir/mquickjs/mquickjs.c.o
 .rodata.JS_ToString.str1.4
                0x1001ce2c        0x2 CMakeFiles/coqui_mjs.dir/mquickjs/mquickjs.c.o
 .rodata.JS_ToString
                0x1001ce2c       0x64 CMakeFiles/coqui_mjs.dir/mquickjs/mquickjs.c.o
 .rodata.build_backtrace.part.0.str1.4
                0x1001ce90       0x42 CMakeFiles/coqui_mjs.dir/mquickjs/mquickjs.c.o
 .rodata.__js_poll_interrupt.str1.4
                0x1001ce90        0xc CMakeFiles/coqui_mjs.dir/mquickjs/mquickjs.c.o
 .rodata.JS_NewStringLen.str1.4
                0x1001ce90       0x10 CMakeFiles/coqui_mjs.dir/mquickjs/mquickjs.c.o
 .rodata.js_parse_regexp.str1.4
                0x1001ce90       0x5f CMakeFiles/coqui_mjs.dir/mquickjs/mquickjs.c.o
 .rodata.js_parse_regexp
                0x1001ce90       0x40 CMakeFiles/coqui_mjs.dir/mquickjs/mquickjs.c.o
 .rodata.re_range_optimize.str1.4
                0x1001ced0        0xe CMakeFiles/coqui_mjs.dir/mquickjs/mquickjs.c.o
 .rodata.get_lvalue.str1.4
                0x1001ced0        0xf CMakeFiles/coqui_mjs.dir/mquickjs/mquickjs.c.o
 .rodata.get_lvalue
                0x1001ced0       0x44 CMakeFiles/coqui_mjs.dir/mquickjs/mquickjs.c.o
 .rodata.add_var.str1.4
                0x1001cf14       0x19 CMakeFiles/coqui_mjs.dir/mquickjs/mquickjs.c.o
 .rodata.add_func_ext_var.str1.4
                0x1001cf14       0x1d CMakeFiles/coqui_mjs.dir/mquickjs/mquickjs.c.o
 .rodata.js_function_apply.str1.4
                0x1001cf14       0x28 CMakeFiles/coqui_mjs.dir/mquickjs/mquickjs.c.o
 .rodata.re_parse_alternative.str1.4
                0x1001cf14       0xa5 CMakeFiles/coqui_mjs.dir/mquickjs/mquickjs.c.o
 .rodata.re_parse_alternative
                0x1001cf14      0x168 CMakeFiles/coqui_mjs.dir/mquickjs/mquickjs.c.o
 .rodata.js_string_trim.str1.4
                0x1001d07c       0x20 CMakeFiles/coqui_mjs.dir/mquickjs/mquickjs.c.o
 .rodata.JS_DefinePropertyInternal.str1.4
                0x1001d07c       0x27 CMakeFiles/coqui_mjs.dir/mquickjs/mquickjs.c.o
 .rodata.js_closure.str1.4
                0x1001d07c       0x2a CMakeFiles/coqui_mjs.dir/mquickjs/mquickjs.c.o
 .rodata.JS_Run.str1.4
                0x1001d07c       0x1b CMakeFiles/coqui_mjs.dir/mquickjs/mquickjs.c.o
 .rodata.js_parse_string.str1.4
                0x1001d07c       0x4b CMakeFiles/coqui_mjs.dir/mquickjs/mquickjs.c.o
 .rodata.next_token.str1.4
                0x1001d07c       0x95 CMakeFiles/coqui_mjs.dir/mquickjs/mquickjs.c.o
 .rodata.next_token
                0x1001d07c      0x240 CMakeFiles/coqui_mjs.dir/mquickjs/mquickjs.c.o
 .rodata.js_parse_var.str1.4
                0x1001d2bc       0x2e CMakeFiles/coqui_mjs.dir/mquickjs/mquickjs.c.o
 .rodata.js_parse_unary.str1.4
                0x1001d2bc       0x1a CMakeFiles/coqui_mjs.dir/mquickjs/mquickjs.c.o
 .rodata.js_parse_unary
                0x1001d2bc       0x1c CMakeFiles/coqui_mjs.dir/mquickjs/mquickjs.c.o
 .rodata.js_parse_expr_binary
                0x1001d2d8       0x24 CMakeFiles/coqui_mjs.dir/mquickjs/mquickjs.c.o
 .rodata.js_skip_parens.constprop.0.str1.4
                0x1001d2fc       0x17 CMakeFiles/coqui_mjs.dir/mquickjs/mquickjs.c.o
 .rodata.js_skip_parens.constprop.0
                0x1001d2fc       0xa0 CMakeFiles/coqui_mjs.dir/mquickjs/mquickjs.c.o
 .rodata.js_parse_function_decl.str1.4
                0x1001d39c       0x17 CMakeFiles/coqui_mjs.dir/mquickjs/mquickjs.c.o
 .rodata.js_parse_function_decl
                0x1001d39c      0x140 CMakeFiles/coqui_mjs.dir/mquickjs/mquickjs.c.o
 .rodata.js_parse_postfix_expr.str1.4
                0x1001d4dc       0xe5 CMakeFiles/coqui_mjs.dir/mquickjs/mquickjs.c.o
 .rodata.js_parse_postfix_expr
                0x1001d4dc      0x1fc CMakeFiles/coqui_mjs.dir/mquickjs/mquickjs.c.o
 .rodata.js_parse_statement.str1.4
                0x1001d6d8      0x16f CMakeFiles/coqui_mjs.dir/mquickjs/mquickjs.c.o
 .rodata.js_parse_statement
                0x1001d6d8      0x1b0 CMakeFiles/coqui_mjs.dir/mquickjs/mquickjs.c.o
 .rodata.JS_Parse2.str1.4
                0x1001d888       0xe0 CMakeFiles/coqui_mjs.dir/mquickjs/mquickjs.c.o
 .rodata.JS_Parse2
                0x1001d888       0x78 CMakeFiles/coqui_mjs.dir/mquickjs/mquickjs.c.o
 .rodata.JS_GetPropertyInternal.str1.4
                0x1001d900       0x70 CMakeFiles/coqui_mjs.dir/mquickjs/mquickjs.c.o
 .rodata.JS_GetPropertyInternal
                0x1001d900       0x84 CMakeFiles/coqui_mjs.dir/mquickjs/mquickjs.c.o
 .rodata.JS_SetPropertyInternal.str1.4
                0x1001d984       0x88 CMakeFiles/coqui_mjs.dir/mquickjs/mquickjs.c.o
 .rodata.JS_SetPropertyInternal
                0x1001d984       0x64 CMakeFiles/coqui_mjs.dir/mquickjs/mquickjs.c.o
 .rodata.JS_SetPropertyUint32.str1.4
                0x1001d9e8       0x14 CMakeFiles/coqui_mjs.dir/mquickjs/mquickjs.c.o
 .rodata.js_parse_json_value.str1.4
                0x1001d9e8       0x3e CMakeFiles/coqui_mjs.dir/mquickjs/mquickjs.c.o
 .rodata.js_binary_logic_slow
                0x1001d9e8       0x40 CMakeFiles/coqui_mjs.dir/mquickjs/mquickjs.c.o
 .rodata.js_binary_arith_slow
                0x1001da28       0x18 CMakeFiles/coqui_mjs.dir/mquickjs/mquickjs.c.o
 .rodata.CSWTCH.1523
                0x1001da40       0x10 CMakeFiles/coqui_mjs.dir/mquickjs/mquickjs.c.o
 .rodata.assign_opcodes.0
                0x1001da50        0xc CMakeFiles/coqui_mjs.dir/mquickjs/mquickjs.c.o
 .rodata.char_range_w
                0x1001da5c       0x10 CMakeFiles/coqui_mjs.dir/mquickjs/mquickjs.c.o
 .rodata.char_range_s
                0x1001da6c       0x28 CMakeFiles/coqui_mjs.dir/mquickjs/mquickjs.c.o
 .rodata.reopcode_info
                0x1001da94       0x26 CMakeFiles/coqui_mjs.dir/mquickjs/mquickjs.c.o
 *fill*         0x1001daba        0x2 
 .rodata.parse_func_table
                0x1001dabc       0x30 CMakeFiles/coqui_mjs.dir/mquickjs/mquickjs.c.o
 .rodata.opcode_info
                0x1001daec      0x1f8 CMakeFiles/coqui_mjs.dir/mquickjs/mquickjs.c.o
 .rodata.panic.str1.4
                0x1001dce4       0x12 CMakeFiles/coqui_mjs.dir/pico-sdk/src/rp2_common/pico_platform_panic/panic.c.o
 .rodata.spin_lock_claim_unused.str1.4
                0x1001dce4       0x1b CMakeFiles/coqui_mjs.dir/pico-sdk/src/rp2_common/hardware_sync/sync.c.o
 .rodata.user_irq_claim_unused.str1.4
                0x1001dce4       0x1b CMakeFiles/coqui_mjs.dir/pico-sdk/src/rp2_common/hardware_irq/irq.c.o
 .rodata.timer_hardware_alarm_claim.str1.4
                0x1001dce4       0x22 CMakeFiles/coqui_mjs.dir/pico-sdk/src/rp2_common/hardware_timer/timer.c.o
 .rodata.hard_assertion_failure.str1.4
                0x1001dce4        0xc CMakeFiles/coqui_mjs.dir/pico-sdk/src/rp2_common/pico_runtime/runtime.c.o
 .rodata.str1.4
                0x1001dce4       0x40 CMakeFiles/coqui_mjs.dir/pico-sdk/src/rp2_common/pico_standard_binary_info/standard_binary_info.c.o
 .rodata.__bi_84
                0x1001dce4        0xc CMakeFiles/coqui_mjs.dir/pico-sdk/src/rp2_common/pico_standard_binary_info/standard_binary_info.c.o
 .rodata.__bi_78
                0x1001dcf0        0xc CMakeFiles/coqui_mjs.dir/pico-sdk/src/rp2_common/pico_standard_binary_info/standard_binary_info.c.o
 .rodata.__bi_54
                0x1001dcfc        0xc CMakeFiles/coqui_mjs.dir/pico-sdk/src/rp2_common/pico_standard_binary_info/standard_binary_info.c.o
 .rodata.__bi_48
                0x1001dd08        0xc CMakeFiles/coqui_mjs.dir/pico-sdk/src/rp2_common/pico_standard_binary_info/standard_binary_info.c.o
 .rodata.__bi_42
                0x1001dd14        0xc CMakeFiles/coqui_mjs.dir/pico-sdk/src/rp2_common/pico_standard_binary_info/standard_binary_info.c.o
 .rodata.__bi_34
                0x1001dd20        0xc CMakeFiles/coqui_mjs.dir/pico-sdk/src/rp2_common/pico_standard_binary_info/standard_binary_info.c.o
 .rodata.__bi_26
                0x1001dd2c        0xc CMakeFiles/coqui_mjs.dir/pico-sdk/src/rp2_common/pico_standard_binary_info/standard_binary_info.c.o
 .rodata._ftoa.str1.4
                0x1001dd38       0x15 CMakeFiles/coqui_mjs.dir/pico-sdk/src/rp2_common/pico_printf/printf.c.o
 .rodata._vsnprintf
                0x1001dd38      0x19c CMakeFiles/coqui_mjs.dir/pico-sdk/src/rp2_common/pico_printf/printf.c.o
 *fill*         0x1001ded4        0x4 
 .rodata.pow10.0
                0x1001ded8       0x50 CMakeFiles/coqui_mjs.dir/pico-sdk/src/rp2_common/pico_printf/printf.c.o
 .rodata.crlf_str.0
                0x1001df28        0x2 CMakeFiles/coqui_mjs.dir/pico-sdk/src/rp2_common/pico_stdio/stdio.c.o
 *fill*         0x1001df2a        0x2 
 .rodata._resetd_driver
                0x1001df2c       0x20 CMakeFiles/coqui_mjs.dir/pico-sdk/src/rp2_common/pico_stdio_usb/reset_interface.c.o
 .rodata.desc_ms_os_20
                0x1001df4c       0xa6 CMakeFiles/coqui_mjs.dir/pico-sdk/src/rp2_common/pico_stdio_usb/reset_interface.c.o
 *fill*         0x1001dff2        0x2 
 .rodata.desc_bos
                0x1001dff4       0x21 CMakeFiles/coqui_mjs.dir/pico-sdk/src/rp2_common/pico_stdio_usb/reset_interface.c.o
                0x1001dff4                desc_bos
 .rodata.str1.4
                0x1001e015       0x13 CMakeFiles/coqui_mjs.dir/pico-sdk/src/rp2_common/pico_stdio_usb/stdio_usb.c.o
 *fill*         0x1001e015        0x3 
 .rodata.__bi_202.0
                0x1001e018        0xc CMakeFiles/coqui_mjs.dir/pico-sdk/src/rp2_common/pico_stdio_usb/stdio_usb.c.o
 .rodata.str1.4
                0x1001e024       0x2a CMakeFiles/coqui_mjs.dir/pico-sdk/src/rp2_common/pico_stdio_usb/stdio_usb_descriptors.c.o
 .rodata.usbd_desc_str
                0x1001e024       0x18 CMakeFiles/coqui_mjs.dir/pico-sdk/src/rp2_common/pico_stdio_usb/stdio_usb_descriptors.c.o
 .rodata.usbd_desc_cfg
                0x1001e03c       0x54 CMakeFiles/coqui_mjs.dir/pico-sdk/src/rp2_common/pico_stdio_usb/stdio_usb_descriptors.c.o
 .rodata.usbd_desc_device
                0x1001e090       0x12 CMakeFiles/coqui_mjs.dir/pico-sdk/src/rp2_common/pico_stdio_usb/stdio_usb_descriptors.c.o
 .rodata.str1.4
                0x1001e0a2       0x14 CMakeFiles/coqui_mjs.dir/pico-sdk/lib/tinyusb/src/portable/raspberrypi/rp2040/dcd_rp2040.c.o
 .rodata.str1.4
                0x1001e0a2       0x48 CMakeFiles/coqui_mjs.dir/pico-sdk/lib/tinyusb/src/portable/raspberrypi/rp2040/rp2040_usb.c.o
 *fill*         0x1001e0a2        0x2 
 .rodata.tud_task_ext
                0x1001e0a4       0x8c CMakeFiles/coqui_mjs.dir/pico-sdk/lib/tinyusb/src/device/usbd.c.o
 .rodata        0x1001e130       0x1c CMakeFiles/coqui_mjs.dir/pico-sdk/lib/tinyusb/src/device/usbd.c.o
 .rodata._usbd_driver
                0x1001e14c       0x40 CMakeFiles/coqui_mjs.dir/pico-sdk/lib/tinyusb/src/device/usbd.c.o
                0x1001e18c                        . = ALIGN (0x4)
 *(SORT_BY_ALIGNMENT(SORT_BY_NAME(.flashdata*)))
                0x1001e18c                        . = ALIGN (0x4)

.ARM.extab
 *(.ARM.extab* .gnu.linkonce.armextab.*)
                0x1001e18c                        __exidx_start = .

.ARM.exidx
 *(.ARM.exidx* .gnu.linkonce.armexidx.*)
                0x1001e18c                        __exidx_end = .
                0x1001e18c                        . = ALIGN (0x4)
                0x1001e18c                        __binary_info_start = .

.binary_info    0x1001e18c       0x20
 *(.binary_info.keep.*)
 .binary_info.keep.__bi_ptr84
                0x1001e18c        0x4 CMakeFiles/coqui_mjs.dir/pico-sdk/src/rp2_common/pico_standard_binary_info/standard_binary_info.c.o
 .binary_info.keep.__bi_ptr78
                0x1001e190        0x4 CMakeFiles/coqui_mjs.dir/pico-sdk/src/rp2_common/pico_standard_binary_info/standard_binary_info.c.o
 .binary_info.keep.__bi_ptr54
                0x1001e194        0x4 CMakeFiles/coqui_mjs.dir/pico-sdk/src/rp2_common/pico_standard_binary_info/standard_binary_info.c.o
 .binary_info.keep.__bi_ptr48
                0x1001e198        0x4 CMakeFiles/coqui_mjs.dir/pico-sdk/src/rp2_common/pico_standard_binary_info/standard_binary_info.c.o
 .binary_info.keep.__bi_ptr42
                0x1001e19c        0x4 CMakeFiles/coqui_mjs.dir/pico-sdk/src/rp2_common/pico_standard_binary_info/standard_binary_info.c.o
 .binary_info.keep.__bi_ptr34
                0x1001e1a0        0x4 CMakeFiles/coqui_mjs.dir/pico-sdk/src/rp2_common/pico_standard_binary_info/standard_binary_info.c.o
 .binary_info.keep.__bi_ptr26
                0x1001e1a4        0x4 CMakeFiles/coqui_mjs.dir/pico-sdk/src/rp2_common/pico_standard_binary_info/standard_binary_info.c.o
 *(.binary_info.*)
 .binary_info.__bi_ptr202
                0x1001e1a8        0x4 CMakeFiles/coqui_mjs.dir/pico-sdk/src/rp2_common/pico_stdio_usb/stdio_usb.c.o
                0x1001e1ac                        __binary_info_end = .
                0x1001e1ac                        . = ALIGN (0x4)

.ram_vector_table
                0x20000000       0xc0
 *(.ram_vector_table)
 .ram_vector_table
                0x20000000       0xc0 CMakeFiles/coqui_mjs.dir/pico-sdk/src/rp2_common/pico_runtime_init/runtime_init.c.o
                0x20000000                ram_vector_table

.uninitialized_data
                0x200000c0        0x0
                0x200000c0                        . = ALIGN (0x4)
 *(.uninitialized_data*)

.data           0x200000c0     0x1138 load address 0x1001e1ac
                0x200000c0                        __data_start__ = .
 *(vtable)
 *(.time_critical*)
 .time_critical.mutex_try_enter
                0x200000c0       0x40 CMakeFiles/coqui_mjs.dir/pico-sdk/src/common/pico_sync/mutex.c.o
                0x200000c0                mutex_try_enter
 .time_critical.mutex_try_enter_block_until
                0x20000100       0x98 CMakeFiles/coqui_mjs.dir/pico-sdk/src/common/pico_sync/mutex.c.o
                0x20000100                mutex_try_enter_block_until
 .time_critical.mutex_enter_timeout_ms
                0x20000198       0x8c CMakeFiles/coqui_mjs.dir/pico-sdk/src/common/pico_sync/mutex.c.o
                0x20000198                mutex_enter_timeout_ms
 .time_critical.mutex_exit
                0x20000224       0x28 CMakeFiles/coqui_mjs.dir/pico-sdk/src/common/pico_sync/mutex.c.o
                0x20000224                mutex_exit
 .time_critical.flash_init_boot2_copyout
                0x2000024c       0x30 CMakeFiles/coqui_mjs.dir/pico-sdk/src/rp2_common/hardware_flash/flash.c.o
 .time_critical.flash_enable_xip_via_boot2
                0x2000027c        0xc CMakeFiles/coqui_mjs.dir/pico-sdk/src/rp2_common/hardware_flash/flash.c.o
 .time_critical.flash_save_hardware_state
                0x20000288       0x20 CMakeFiles/coqui_mjs.dir/pico-sdk/src/rp2_common/hardware_flash/flash.c.o
 .time_critical.flash_restore_hardware_state
                0x200002a8       0x20 CMakeFiles/coqui_mjs.dir/pico-sdk/src/rp2_common/hardware_flash/flash.c.o
 .time_critical.flash_cs_force
                0x200002c8       0x38 CMakeFiles/coqui_mjs.dir/pico-sdk/src/rp2_common/hardware_flash/flash.c.o
 .time_critical.flash_do_cmd
                0x20000300      0x13c CMakeFiles/coqui_mjs.dir/pico-sdk/src/rp2_common/hardware_flash/flash.c.o
                0x20000300                flash_do_cmd
 .time_critical.reset_non_control_endpoints
                0x2000043c       0x68 CMakeFiles/coqui_mjs.dir/pico-sdk/lib/tinyusb/src/portable/raspberrypi/rp2040/dcd_rp2040.c.o
 .time_critical.hw_handle_buff_status
                0x200004a4       0xa0 CMakeFiles/coqui_mjs.dir/pico-sdk/lib/tinyusb/src/portable/raspberrypi/rp2040/dcd_rp2040.c.o
 .time_critical.dcd_rp2040_irq
                0x20000544      0x548 CMakeFiles/coqui_mjs.dir/pico-sdk/lib/tinyusb/src/portable/raspberrypi/rp2040/dcd_rp2040.c.o
 .time_critical.prepare_ep_buffer
                0x20000a8c       0xc8 CMakeFiles/coqui_mjs.dir/pico-sdk/lib/tinyusb/src/portable/raspberrypi/rp2040/rp2040_usb.c.o
 .time_critical.sync_ep_buffer
                0x20000b54       0x9c CMakeFiles/coqui_mjs.dir/pico-sdk/lib/tinyusb/src/portable/raspberrypi/rp2040/rp2040_usb.c.o
 .time_critical._hw_endpoint_xfer_sync
                0x20000bf0       0x28 CMakeFiles/coqui_mjs.dir/pico-sdk/lib/tinyusb/src/portable/raspberrypi/rp2040/rp2040_usb.c.o
 .time_critical.e15_is_bulkin_ep
                0x20000c18       0x28 CMakeFiles/coqui_mjs.dir/pico-sdk/lib/tinyusb/src/portable/raspberrypi/rp2040/rp2040_usb.c.o
 .time_critical.e15_is_critical_frame_period