Archive member included to satisfy reference by file (symbol)

/Applications/ArmGNUToolchain/14.2.rel1/arm-none-eabi/bin/../lib/gcc/arm-none-eabi/14.2.1/../../../../arm-none-eabi/lib/thumb/v6-m/nofp/libm.a(libm_a-s_lrint.o)
                              CMakeFiles/coqui_mjs.dir/stubs.c.o (lrint)
/Applications/ArmGNUToolchain/14.2.rel1/arm-none-eabi/bin/../lib/gcc/arm-none-eabi/14.2.1/thumb/v6-m/nofp/libgcc.a(_dvmd_tls.o)
                              CMakeFiles/coqui_mjs.dir/Users/arturomena/pico-sdk/src/rp2_common/pico_divider/divider_hardware.S.o (__aeabi_idiv0)
/Applications/ArmGNUToolchain/14.2.rel1/arm-none-eabi/bin/../lib/gcc/arm-none-eabi/14.2.1/../../../../arm-none-eabi/lib/thumb/v6-m/nofp/libg.a(libc_a-abort.o)
                              CMakeFiles/coqui_mjs.dir/mquickjs/mquickjs.c.o (abort)
/Applications/ArmGNUToolchain/14.2.rel1/arm-none-eabi/bin/../lib/gcc/arm-none-eabi/14.2.1/../../../../arm-none-eabi/lib/thumb/v6-m/nofp/libg.a(libc_a-calloc.o)
                              CMakeFiles/coqui_mjs.dir/Users/arturomena/pico-sdk/src/rp2_common/pico_malloc/malloc.c.o (calloc)
/Applications/ArmGNUToolchain/14.2.rel1/arm-none-eabi/bin/../lib/gcc/arm-none-eabi/14.2.1/../../../../arm-none-eabi/lib/thumb/v6-m/nofp/libg.a(libc_a-callocr.o)
                              /Applications/ArmGNUToolchain/14.2.rel1/arm-none-eabi/bin/../lib/gcc/arm-none-eabi/14.2.1/../../../../arm-none-eabi/lib/thumb/v6-m/nofp/libg.a(libc_a-calloc.o) (_calloc_r)
/Applications/ArmGNUToolchain/14.2.rel1/arm-none-eabi/bin/../lib/gcc/arm-none-eabi/14.2.1/../../../../arm-none-eabi/lib/thumb/v6-m/nofp/libg.a(libc_a-malloc.o)
                              CMakeFiles/coqui_mjs.dir/Users/arturomena/pico-sdk/src/rp2_common/pico_malloc/malloc.c.o (malloc)
/Applications/ArmGNUToolchain/14.2.rel1/arm-none-eabi/bin/../lib/gcc/arm-none-eabi/14.2.1/../../../../arm-none-eabi/lib/thumb/v6-m/nofp/libg.a(libc_a-mallocr.o)
                              /Applications/ArmGNUToolchain/14.2.rel1/arm-none-eabi/bin/../lib/gcc/arm-none-eabi/14.2.1/../../../../arm-none-eabi/lib/thumb/v6-m/nofp/libg.a(libc_a-callocr.o) (_malloc_r)
/Applications/ArmGNUToolchain/14.2.rel1/arm-none-eabi/bin/../lib/gcc/arm-none-eabi/14.2.1/../../../../arm-none-eabi/lib/thumb/v6-m/nofp/libg.a(libc_a-mlock.o)
                              /Applications/ArmGNUToolchain/14.2.rel1/arm-none-eabi/bin/../lib/gcc/arm-none-eabi/14.2.1/../../../../arm-none-eabi/lib/thumb/v6-m/nofp/libg.a(libc_a-mallocr.o) (__malloc_lock)
/Applications/ArmGNUToolchain/14.2.rel1/arm-none-eabi/bin/../lib/gcc/arm-none-eabi/14.2.1/../../../../arm-none-eabi/lib/thumb/v6-m/nofp/libg.a(libc_a-realloc.o)
                              CMakeFiles/coqui_mjs.dir/Users/arturomena/pico-sdk/src/rp2_common/pico_malloc/malloc.c.o (realloc)
/Applications/ArmGNUToolchain/14.2.rel1/arm-none-eabi/bin/../lib/gcc/arm-none-eabi/14.2.1/../../../../arm-none-eabi/lib/thumb/v6-m/nofp/libg.a(libc_a-reallocr.o)
                              /Applications/ArmGNUToolchain/14.2.rel1/arm-none-eabi/bin/../lib/gcc/arm-none-eabi/14.2.1/../../../../arm-none-eabi/lib/thumb/v6-m/nofp/libg.a(libc_a-realloc.o) (_realloc_r)
/Applications/ArmGNUToolchain/14.2.rel1/arm-none-eabi/bin/../lib/gcc/arm-none-eabi/14.2.1/../../../../arm-none-eabi/lib/thumb/v6-m/nofp/libg.a(libc_a-strtod.o)
                              CMakeFiles/coqui_mjs.dir/stubs.c.o (strtod)
/Applications/ArmGNUToolchain/14.2.rel1/arm-none-eabi/bin/../lib/gcc/arm-none-eabi/14.2.1/../../../../arm-none-eabi/lib/thumb/v6-m/nofp/libg.a(libc_a-fflush.o)
                              CMakeFiles/coqui_mjs.dir/mquickjs/mquickjs.c.o (fflush)
/Applications/ArmGNUToolchain/14.2.rel1/arm-none-eabi/bin/../lib/gcc/arm-none-eabi/14.2.1/../../../../arm-none-eabi/lib/thumb/v6-m/nofp/libg.a(libc_a-findfp.o)
                              /Applications/ArmGNUToolchain/14.2.rel1/arm-none-eabi/bin/../lib/gcc/arm-none-eabi/14.2.1/../../../../arm-none-eabi/lib/thumb/v6-m/nofp/libg.a(libc_a-fflush.o) (__sglue)
/Applications/ArmGNUToolchain/14.2.rel1/arm-none-eabi/bin/../lib/gcc/arm-none-eabi/14.2.1/../../../../arm-none-eabi/lib/thumb/v6-m/nofp/libg.a(libc_a-memcmp.o)
                              CMakeFiles/coqui_mjs.dir/mquickjs/mquickjs.c.o (memcmp)
/Applications/ArmGNUToolchain/14.2.rel1/arm-none-eabi/bin/../lib/gcc/arm-none-eabi/14.2.1/../../../../arm-none-eabi/lib/thumb/v6-m/nofp/libg.a(libc_a-memmove.o)
                              CMakeFiles/coqui_mjs.dir/mquickjs/mquickjs.c.o (memmove)
/Applications/ArmGNUToolchain/14.2.rel1/arm-none-eabi/bin/../lib/gcc/arm-none-eabi/14.2.1/../../../../arm-none-eabi/lib/thumb/v6-m/nofp/libg.a(libc_a-strncmp.o)
                              /Applications/ArmGNUToolchain/14.2.rel1/arm-none-eabi/bin/../lib/gcc/arm-none-eabi/14.2.1/../../../../arm-none-eabi/lib/thumb/v6-m/nofp/libg.a(libc_a-strtod.o) (strncmp)
/Applications/ArmGNUToolchain/14.2.rel1/arm-none-eabi/bin/../lib/gcc/arm-none-eabi/14.2.1/../../../../arm-none-eabi/lib/thumb/v6-m/nofp/libg.a(libc_a-signal.o)
[...]
Memory Configuration

Name             Origin             Length             Attributes
FLASH            0x10000000         0x00200000         xr
RAM              0x20000000         0x00040000         xrw
SCRATCH_X        0x20040000         0x00001000         xrw
SCRATCH_Y        0x20041000         0x00001000         xrw
*default*        0x00000000         0xffffffff

Linker script and memory map

LOAD /Applications/ArmGNUToolchain/14.2.rel1/arm-none-eabi/bin/../lib/gcc/arm-none-eabi/14.2.1/thumb/v6-m/nofp/crti.o
LOAD /Applications/ArmGNUToolchain/14.2.rel1/arm-none-eabi/bin/../lib/gcc/arm-none-eabi/14.2.1/thumb/v6-m/nofp/crtbegin.o
LOAD /Applications/ArmGNUToolchain/14.2.rel1/arm-none-eabi/bin/../lib/gcc/arm-none-eabi/14.2.1/../../../../arm-none-eabi/lib/thumb/v6-m/nofp/crt0.o

.flash_begin    0x10000000        0x0
                0x10000000                        __flash_binary_start = .

.boot2          0x10000000      0x100
                0x10000000                        __boot2_start__ = .
 *(.boot2)
 .boot2         0x10000000      0x100 pico-sdk/src/rp2040/boot_stage2/CMakeFiles/bs2_default_library.dir/bs2_default_padded_checksummed.S.o
                0x10000100                        __boot2_end__ = .
                0x00000001                        ASSERT (((__boot2_end__ - __boot2_start__) == 0x100), ERROR: Pico second stage bootloader must be 256 bytes in size)

.text           0x10000100     0xc7ac
                0x10000100                        __logical_binary_start = .
 *(.vectors)
 .vectors       0x10000100       0xd4 CMakeFiles/coqui_mjs.dir/Users/arturomena/pico-sdk/src/rp2_common/pico_crt0/crt0.S.o
                0x10000100                __VECTOR_TABLE
                0x10000100                __vectors
                0x100001c0                isr_irq13
                0x100001c0                isr_irq27
                0x100001c0                isr_irq31
                0x100001c0                isr_irq5
                0x100001c0                isr_irq11
                0x100001c0                isr_irq23
                0x100001c0                isr_irq18
                0x100001c0                isr_irq9
                0x100001c0                __unhandled_user_irq
                0x100001c0                isr_irq25
                0x100001c0                isr_irq4
                0x100001c0                isr_irq16
                0x100001c0                isr_irq29
                0x100001c0                isr_irq26
                0x100001c0                isr_irq3
                0x100001c0                isr_irq12
                0x100001c0                isr_irq30
                0x100001c0                isr_irq28
                0x100001c0                isr_irq19
                0x100001c0                isr_irq0
                0x100001c0                isr_irq6
                0x100001c0                isr_irq22
                0x100001c0                isr_irq17
                0x100001c0                isr_irq14
                0x100001c0                __vectors_end
                0x100001c0                __default_isrs_start
                0x100001c0                isr_irq2
                0x100001c0                isr_irq10
                0x100001c0                isr_irq8
                0x100001c0                isr_irq24
                0x100001c0                isr_irq1
                0x100001c0                isr_irq7
                0x100001c0                isr_irq21
                0x100001c0                isr_irq20
                0x100001c0                isr_irq15
                0x100001c6                unhandled_user_irq_num_in_r0
                0x100001c8                isr_invalid
                0x100001ca                isr_nmi
                0x100001cc                isr_hardfault
                0x100001ce                isr_svcall
                0x100001d0                isr_pendsv
                0x100001d2                isr_systick
                0x100001d4                __default_isrs_end
 *(.binary_info_header)
 .binary_info_header
                0x100001d4       0x14 CMakeFiles/coqui_mjs.dir/Users/arturomena/pico-sdk/src/rp2_common/pico_crt0/crt0.S.o
                0x100001e8                        __binary_info_header_end = .
 *(.embedded_block)
                0x100001e8                        __embedded_block_end = .
 *(.reset)
 .reset         0x100001e8       0x9c CMakeFiles/coqui_mjs.dir/Users/arturomena/pico-sdk/src/rp2_common/pico_crt0/crt0.S.o
                0x100001e8                _entry_point
 *(.init)
 .init          0x10000284        0x4 /Applications/ArmGNUToolchain/14.2.rel1/arm-none-eabi/bin/../lib/gcc/arm-none-eabi/14.2.1/thumb/v6-m/nofp/crti.o
                0x10000284                _init
 *(EXCLUDE_FILE(*libm.a: *libc.a:*lib_a-mem*.o *libgcc.a:) .text*)
 .text.register_tm_clones
                0x10000288       0x28 /Applications/ArmGNUToolchain/14.2.rel1/arm-none-eabi/bin/../lib/gcc/arm-none-eabi/14.2.1/thumb/v6-m/nofp/crtbegin.o
 .text.frame_dummy
                0x100002b0       0x24 /Applications/ArmGNUToolchain/14.2.rel1/arm-none-eabi/bin/../lib/gcc/arm-none-eabi/14.2.1/thumb/v6-m/nofp/crtbegin.o
 .text.gpio_set_mask
                0x100002d4       0x18 CMakeFiles/coqui_mjs.dir/main.c.o
 .text.gpio_clr_mask
                0x100002ec       0x18 CMakeFiles/coqui_mjs.dir/main.c.o
 .text.gpio_put
                0x10000304       0x3a CMakeFiles/coqui_mjs.dir/main.c.o
 .text.gpio_set_dir_out_masked
                0x1000033e       0x18 CMakeFiles/coqui_mjs.dir/main.c.o
 .text.gpio_set_dir_in_masked
                0x10000356       0x18 CMakeFiles/coqui_mjs.dir/main.c.o
 .text.gpio_set_dir
                0x1000036e       0x3a CMakeFiles/coqui_mjs.dir/main.c.o
 .text.adc_select_input
                0x100003a8       0x48 CMakeFiles/coqui_mjs.dir/main.c.o
 .text.adc_set_temp_sensor_enabled
                0x100003f0       0x50 CMakeFiles/coqui_mjs.dir/main.c.o
 .text.adc_read
                0x10000440       0x40 CMakeFiles/coqui_mjs.dir/main.c.o
 .text.main     0x10000480       0xc0 CMakeFiles/coqui_mjs.dir/main.c.o
                0x10000480                main
 .text.check_gpio_param
                0x10000540       0x10 CMakeFiles/coqui_mjs.dir/Users/arturomena/pico-sdk/src/rp2_common/hardware_gpio/gpio.c.o
 .text.gpio_set_mask
                0x10000550       0x18 CMakeFiles/coqui_mjs.dir/Users/arturomena/pico-sdk/src/rp2_common/hardware_gpio/gpio.c.o
 .text.gpio_clr_mask
                0x10000568       0x18 CMakeFiles/coqui_mjs.dir/Users/arturomena/pico-sdk/src/rp2_common/hardware_gpio/gpio.c.o
 .text.gpio_put
                0x10000580       0x3a CMakeFiles/coqui_mjs.dir/Users/arturomena/pico-sdk/src/rp2_common/hardware_gpio/gpio.c.o
 .text.gpio_set_dir_out_masked
                0x100005ba       0x18 CMakeFiles/coqui_mjs.dir/Users/arturomena/pico-sdk/src/rp2_common/hardware_gpio/gpio.c.o
 .text.gpio_set_dir_in_masked
                0x100005d2       0x18 CMakeFiles/coqui_mjs.dir/Users/arturomena/pico-sdk/src/rp2_common/hardware_gpio/gpio.c.o
 .text.gpio_set_dir
                0x100005ea       0x3a CMakeFiles/coqui_mjs.dir/Users/arturomena/pico-sdk/src/rp2_common/hardware_gpio/gpio.c.o
 .text.gpio_set_function
                0x10000624       0x70 CMakeFiles/coqui_mjs.dir/Users/arturomena/pico-sdk/src/rp2_common/hardware_gpio/gpio.c.o
                0x10000624                gpio_set_function
 .text.gpio_init
                0x10000694       0x2e CMakeFiles/coqui_mjs.dir/Users/arturomena/pico-sdk/src/rp2_common/hardware_gpio/gpio.c.o
                0x10000694                gpio_init
 .text.rp2040_chip_version
                0x100006c2       0x32 CMakeFiles/coqui_mjs.dir/Users/arturomena/pico-sdk/src/rp2040/pico_platform/platform.c.o
                0x100006c2                rp2040_chip_version
 .text.panic    0x100006f4       0x40 CMakeFiles/coqui_mjs.dir/Users/arturomena/pico-sdk/src/rp2_common/pico_platform_panic/panic.c.o
                0x100006f4                panic
 .text.hw_claim_lock
                0x10000734       0x50 CMakeFiles/coqui_mjs.dir/Users/arturomena/pico-sdk/src/common/hardware_claim/claim.c.o
                0x10000734                hw_claim_lock
 .text.hw_claim_unlock
                0x10000784       0x4c CMakeFiles/coqui_mjs.dir/Users/arturomena/pico-sdk/src/common/hardware_claim/claim.c.o
                0x10000784                hw_claim_unlock
 .text.hw_is_claimed
                0x100007d0       0x32 CMakeFiles/coqui_mjs.dir/Users/arturomena/pico-sdk/src/common/hardware_claim/claim.c.o
                0x100007d0                hw_is_claimed
 .text.hw_claim_or_assert
                0x10000802       0x66 CMakeFiles/coqui_mjs.dir/Users/arturomena/pico-sdk/src/common/hardware_claim/claim.c.o
                0x10000802                hw_claim_or_assert
 .text.hw_claim_unused_from_range
                0x10000868       0xa6 CMakeFiles/coqui_mjs.dir/Users/arturomena/pico-sdk/src/common/hardware_claim/claim.c.o
                0x10000868                hw_claim_unused_from_range
 *fill*         0x1000090e        0x2 
 .text.next_striped_spin_lock_num
                0x10000910       0x30 CMakeFiles/coqui_mjs.dir/Users/arturomena/pico-sdk/src/rp2_common/hardware_sync/sync.c.o
                0x10000910                next_striped_spin_lock_num
 .text.spin_lock_claim_unused
                0x10000940       0x30 CMakeFiles/coqui_mjs.dir/Users/arturomena/pico-sdk/src/rp2_common/hardware_sync/sync.c.o
                0x10000940                spin_lock_claim_unused
 .text.spin_locks_reset
                0x10000970       0x48 CMakeFiles/coqui_mjs.dir/Users/arturomena/pico-sdk/src/rp2_common/hardware_sync_spin_lock/sync_spin_lock.c.o
                0x10000970                spin_locks_reset
 .text.hard_assert
                0x100009b8       0x26 CMakeFiles/coqui_mjs.dir/Users/arturomena/pico-sdk/src/rp2_common/hardware_irq/irq.c.o
 .text.check_irq_param
                0x100009de       0x10 CMakeFiles/coqui_mjs.dir/Users/arturomena/pico-sdk/src/rp2_common/hardware_irq/irq.c.o
 *fill*         0x100009ee        0x2 
 .text.user_irq_claimed_ptr
                0x100009f0       0x10 CMakeFiles/coqui_mjs.dir/Users/arturomena/pico-sdk/src/rp2_common/hardware_irq/irq.c.o
 .text.get_vtable
                0x10000a00       0x14 CMakeFiles/coqui_mjs.dir/Users/arturomena/pico-sdk/src/rp2_common/hardware_irq/irq.c.o
 .text.add_thumb_bit
                0x10000a14       0x16 CMakeFiles/coqui_mjs.dir/Users/arturomena/pico-sdk/src/rp2_common/hardware_irq/irq.c.o
 .text.remove_thumb_bit
                0x10000a2a       0x16 CMakeFiles/coqui_mjs.dir/Users/arturomena/pico-sdk/src/rp2_common/hardware_irq/irq.c.o
 .text.irq_set_enabled
                0x10000a40       0x38 CMakeFiles/coqui_mjs.dir/Users/arturomena/pico-sdk/src/rp2_common/hardware_irq/irq.c.o
                0x10000a40                irq_set_enabled
 .text.irq_is_enabled
                0x10000a78       0x30 CMakeFiles/coqui_mjs.dir/Users/arturomena/pico-sdk/src/rp2_common/hardware_irq/irq.c.o
                0x10000a78                irq_is_enabled
 .text.irq_set_mask_n_enabled_internal
                0x10000aa8       0x3c CMakeFiles/coqui_mjs.dir/Users/arturomena/pico-sdk/src/rp2_common/hardware_irq/irq.c.o
 .text.irq_set_mask_n_enabled
                0x10000ae4       0x24 CMakeFiles/coqui_mjs.dir/Users/arturomena/pico-sdk/src/rp2_common/hardware_irq/irq.c.o
                0x10000ae4                irq_set_mask_n_enabled
 .text.irq_set_pending
                0x10000b08       0x28 CMakeFiles/coqui_mjs.dir/Users/arturomena/pico-sdk/src/rp2_common/hardware_irq/irq.c.o
                0x10000b08                irq_set_pending
 .text.is_shared_irq_raw_handler
                0x10000b30       0x24 CMakeFiles/coqui_mjs.dir/Users/arturomena/pico-sdk/src/rp2_common/hardware_irq/irq.c.o
 .text.irq_has_shared_handler
                0x10000b54       0x2e CMakeFiles/coqui_mjs.dir/Users/arturomena/pico-sdk/src/rp2_common/hardware_irq/irq.c.o
                0x10000b54                irq_has_shared_handler
 *fill*         0x10000b82        0x2 
 .text.set_raw_irq_handler_and_unlock
                0x10000b84       0x68 CMakeFiles/coqui_mjs.dir/Users/arturomena/pico-sdk/src/rp2_common/hardware_irq/irq.c.o
 .text.irq_get_vtable_handler
                0x10000bec       0x28 CMakeFiles/coqui_mjs.dir/Users/arturomena/pico-sdk/src/rp2_common/hardware_irq/irq.c.o
                0x10000bec                irq_get_vtable_handler
 .text.irq_set_exclusive_handler
                0x10000c14       0xa4 CMakeFiles/coqui_mjs.dir/Users/arturomena/pico-sdk/src/rp2_common/hardware_irq/irq.c.o
                0x10000c14                irq_set_exclusive_handler
 .text.make_j_16
                0x10000cb8       0x3c CMakeFiles/coqui_mjs.dir/Users/arturomena/pico-sdk/src/rp2_common/hardware_irq/irq.c.o
 .text.insert_bl_32
                0x10000cf4       0x54 CMakeFiles/coqui_mjs.dir/Users/arturomena/pico-sdk/src/rp2_common/hardware_irq/irq.c.o
 .text.resolve_j_16
                0x10000d48       0x38 CMakeFiles/coqui_mjs.dir/Users/arturomena/pico-sdk/src/rp2_common/hardware_irq/irq.c.o
 .text.slot_diff
                0x10000d80       0x30 CMakeFiles/coqui_mjs.dir/Users/arturomena/pico-sdk/src/rp2_common/hardware_irq/irq.c.o
 .text.get_slot_index
                0x10000db0       0x24 CMakeFiles/coqui_mjs.dir/Users/arturomena/pico-sdk/src/rp2_common/hardware_irq/irq.c.o
 .text.irq_add_shared_handler
                0x10000dd4      0x29c CMakeFiles/coqui_mjs.dir/Users/arturomena/pico-sdk/src/rp2_common/hardware_irq/irq.c.o
                0x10000dd4                irq_add_shared_handler
 .text.handler_from_slot
                0x10001070       0x14 CMakeFiles/coqui_mjs.dir/Users/arturomena/pico-sdk/src/rp2_common/hardware_irq/irq.c.o
 .text.irq_remove_handler
                0x10001084      0x240 CMakeFiles/coqui_mjs.dir/Users/arturomena/pico-sdk/src/rp2_common/hardware_irq/irq.c.o
                0x10001084                irq_remove_handler
 .text.nvic_ipr0
                0x100012c4       0x10 CMakeFiles/coqui_mjs.dir/Users/arturomena/pico-sdk/src/rp2_common/hardware_irq/irq.c.o
 .text.irq_add_tail_to_free_list
                0x100012d4      0x160 CMakeFiles/coqui_mjs.dir/Users/arturomena/pico-sdk/src/rp2_common/hardware_irq/irq.c.o
                0x100012d4                irq_add_tail_to_free_list
 .text.runtime_init_per_core_irq_priorities
                0x10001434       0x3c CMakeFiles/coqui_mjs.dir/Users/arturomena/pico-sdk/src/rp2_common/hardware_irq/irq.c.o
                0x10001434                runtime_init_per_core_irq_priorities
 .text.user_irq_claim_unused
                0x10001470       0x40 CMakeFiles/coqui_mjs.dir/Users/arturomena/pico-sdk/src/rp2_common/hardware_irq/irq.c.o
                0x10001470                user_irq_claim_unused
 .text.lock_init
                0x100014b0       0x2c CMakeFiles/coqui_mjs.dir/Users/arturomena/pico-sdk/src/common/pico_sync/lock_core.c.o
                0x100014b0                lock_init
 .text.to_us_since_boot
                0x100014dc       0x18 CMakeFiles/coqui_mjs.dir/Users/arturomena/pico-sdk/src/common/pico_sync/mutex.c.o
 .text.update_us_since_boot
                0x100014f4       0x1e CMakeFiles/coqui_mjs.dir/Users/arturomena/pico-sdk/src/common/pico_sync/mutex.c.o
 .text.get_absolute_time
                0x10001512       0x24 CMakeFiles/coqui_mjs.dir/Users/arturomena/pico-sdk/src/common/pico_sync/mutex.c.o
 *fill*         0x10001536        0x2 
 .text.delayed_by_ms
                0x10001538       0x7c CMakeFiles/coqui_mjs.dir/Users/arturomena/pico-sdk/src/common/pico_sync/mutex.c.o
 .text.make_timeout_time_ms
                0x100015b4       0x22 CMakeFiles/coqui_mjs.dir/Users/arturomena/pico-sdk/src/common/pico_sync/mutex.c.o
 *fill*         0x100015d6        0x2 
 .text.runtime_init_mutex
                0x100015d8       0x54 CMakeFiles/coqui_mjs.dir/Users/arturomena/pico-sdk/src/common/pico_sync/mutex.c.o
                0x100015d8                runtime_init_mutex
 .text.mutex_init
                0x1000162c       0x2e CMakeFiles/coqui_mjs.dir/Users/arturomena/pico-sdk/src/common/pico_sync/mutex.c.o
                0x1000162c                mutex_init
 .text.recursive_mutex_init
                0x1000165a       0x34 CMakeFiles/coqui_mjs.dir/Users/arturomena/pico-sdk/src/common/pico_sync/mutex.c.o
                0x1000165a                recursive_mutex_init
 .text.critical_section_init
                0x1000168e       0x24 CMakeFiles/coqui_mjs.dir/Users/arturomena/pico-sdk/src/common/pico_sync/critical_section.c.o
                0x1000168e                critical_section_init
 *fill*         0x100016b2        0x2 
 .text.critical_section_init_with_lock_num
                0x100016b4       0x34 CMakeFiles/coqui_mjs.dir/Users/arturomena/pico-sdk/src/common/pico_sync/critical_section.c.o
                0x100016b4                critical_section_init_with_lock_num
 .text.to_us_since_boot
                0x100016e8       0x18 CMakeFiles/coqui_mjs.dir/Users/arturomena/pico-sdk/src/common/pico_time/time.c.o
 .text.update_us_since_boot
                0x10001700       0x1e CMakeFiles/coqui_mjs.dir/Users/arturomena/pico-sdk/src/common/pico_time/time.c.o
 .text.check_hardware_alarm_num_param
                0x1000171e       0x10 CMakeFiles/coqui_mjs.dir/Users/arturomena/pico-sdk/src/common/pico_time/time.c.o
 .text.timer_time_us_32
                0x1000172e       0x14 CMakeFiles/coqui_mjs.dir/Users/arturomena/pico-sdk/src/common/pico_time/time.c.o
 .text.timer_time_reached
                0x10001742       0x62 CMakeFiles/coqui_mjs.dir/Users/arturomena/pico-sdk/src/common/pico_time/time.c.o
 .text.time_reached
                0x100017a4       0x24 CMakeFiles/coqui_mjs.dir/Users/arturomena/pico-sdk/src/common/pico_time/time.c.o
 .text.timer_hardware_alarm_get_irq_num
                0x100017c8       0x1c CMakeFiles/coqui_mjs.dir/Users/arturomena/pico-sdk/src/common/pico_time/time.c.o
 .text.timer_get_index
                0x100017e4       0x12 CMakeFiles/coqui_mjs.dir/Users/arturomena/pico-sdk/src/common/pico_time/time.c.o
 *fill*         0x100017f6        0x2 
 .text.timer_get_instance
                0x100017f8       0x18 CMakeFiles/coqui_mjs.dir/Users/arturomena/pico-sdk/src/common/pico_time/time.c.o
 .text.get_absolute_time
                0x10001810       0x24 CMakeFiles/coqui_mjs.dir/Users/arturomena/pico-sdk/src/common/pico_time/time.c.o
 .text.delayed_by_us
                0x10001834       0x64 CMakeFiles/coqui_mjs.dir/Users/arturomena/pico-sdk/src/common/pico_time/time.c.o
 .text.make_timeout_time_us
                0x10001898       0x24 CMakeFiles/coqui_mjs.dir/Users/arturomena/pico-sdk/src/common/pico_time/time.c.o
 .text.absolute_time_diff_us
                0x100018bc       0x40 CMakeFiles/coqui_mjs.dir/Users/arturomena/pico-sdk/src/common/pico_time/time.c.o
 .text.add_alarm_at
                0x100018fc       0x34 CMakeFiles/coqui_mjs.dir/Users/arturomena/pico-sdk/src/common/pico_time/time.c.o
 .text.cancel_alarm
                0x10001930       0x22 CMakeFiles/coqui_mjs.dir/Users/arturomena/pico-sdk/src/common/pico_time/time.c.o
 *fill*         0x10001952        0x2 
 .text.default_alarm_pool_initialized
                0x10001954       0x18 CMakeFiles/coqui_mjs.dir/Users/arturomena/pico-sdk/src/common/pico_time/time.c.o
 .text.ta_force_irq
                0x1000196c       0x34 CMakeFiles/coqui_mjs.dir/Users/arturomena/pico-sdk/src/common/pico_time/time.c.o
 .text.ta_clear_force_irq
                0x100019a0       0x34 CMakeFiles/coqui_mjs.dir/Users/arturomena/pico-sdk/src/common/pico_time/time.c.o
 .text.ta_clear_irq
                0x100019d4       0x1c CMakeFiles/coqui_mjs.dir/Users/arturomena/pico-sdk/src/common/pico_time/time.c.o
 .text.ta_from_current_irq
                0x100019f0       0x36 CMakeFiles/coqui_mjs.dir/Users/arturomena/pico-sdk/src/common/pico_time/time.c.o
 .text.ta_set_timeout
                0x10001a26       0x5e CMakeFiles/coqui_mjs.dir/Users/arturomena/pico-sdk/src/common/pico_time/time.c.o
 .text.ta_wakes_up_on_or_before
                0x10001a84       0x6e CMakeFiles/coqui_mjs.dir/Users/arturomena/pico-sdk/src/common/pico_time/time.c.o
 .text.ta_time_us_64
                0x10001af2       0x1e CMakeFiles/coqui_mjs.dir/Users/arturomena/pico-sdk/src/common/pico_time/time.c.o
 .text.ta_enable_irq_handler
                0x10001b10       0x66 CMakeFiles/coqui_mjs.dir/Users/arturomena/pico-sdk/src/common/pico_time/time.c.o
 .text.ta_hardware_alarm_claim
                0x10001b76       0x1e CMakeFiles/coqui_mjs.dir/Users/arturomena/pico-sdk/src/common/pico_time/time.c.o
 .text.ta_timer_num
                0x10001b94       0x1a CMakeFiles/coqui_mjs.dir/Users/arturomena/pico-sdk/src/common/pico_time/time.c.o
 *fill*         0x10001bae        0x2 
 .text.ta_default_timer_instance
                0x10001bb0       0x10 CMakeFiles/coqui_mjs.dir/Users/arturomena/pico-sdk/src/common/pico_time/time.c.o
 .text.alarm_index
                0x10001bc0       0x16 CMakeFiles/coqui_mjs.dir/Users/arturomena/pico-sdk/src/common/pico_time/time.c.o
 .text.alarm_sequence
                0x10001bd6       0x14 CMakeFiles/coqui_mjs.dir/Users/arturomena/pico-sdk/src/common/pico_time/time.c.o
 .text.make_alarm_id
                0x10001bea       0x20 CMakeFiles/coqui_mjs.dir/Users/arturomena/pico-sdk/src/common/pico_time/time.c.o
 *fill*         0x10001c0a        0x2 
 .text.runtime_init_default_alarm_pool
                0x10001c0c       0x50 CMakeFiles/coqui_mjs.dir/Users/arturomena/pico-sdk/src/common/pico_time/time.c.o
                0x10001c0c                runtime_init_default_alarm_pool
 .text.alarm_pool_get_default
                0x10001c5c       0x10 CMakeFiles/coqui_mjs.dir/Users/arturomena/pico-sdk/src/common/pico_time/time.c.o
                0x10001c5c                alarm_pool_get_default
 .text.alarm_pool_irq_handler
                0x10001c6c      0x5f8 CMakeFiles/coqui_mjs.dir/Users/arturomena/pico-sdk/src/common/pico_time/time.c.o
 .text.alarm_pool_post_alloc_init
                0x10002264       0xd0 CMakeFiles/coqui_mjs.dir/Users/arturomena/pico-sdk/src/common/pico_time/time.c.o
 .text.alarm_pool_add_alarm_at
                0x10002334       0x5c CMakeFiles/coqui_mjs.dir/Users/arturomena/pico-sdk/src/common/pico_time/time.c.o
                0x10002334                alarm_pool_add_alarm_at
 .text.alarm_pool_add_alarm_at_force_in_context
                0x10002390      0x1aa CMakeFiles/coqui_mjs.dir/Users/arturomena/pico-sdk/src/common/pico_time/time.c.o
                0x10002390                alarm_pool_add_alarm_at_force_in_context
 *fill*         0x1000253a        0x2 
 .text.alarm_pool_cancel_alarm
                0x1000253c      0x11c CMakeFiles/coqui_mjs.dir/Users/arturomena/pico-sdk/src/common/pico_time/time.c.o
                0x1000253c                alarm_pool_cancel_alarm
 .text.alarm_pool_core_num
                0x10002658       0x14 CMakeFiles/coqui_mjs.dir/Users/arturomena/pico-sdk/src/common/pico_time/time.c.o
                0x10002658                alarm_pool_core_num
 .text.sleep_until_callback
                0x1000266c       0x84 CMakeFiles/coqui_mjs.dir/Users/arturomena/pico-sdk/src/common/pico_time/time.c.o
 .text.sleep_until
                0x100026f0      0x12c CMakeFiles/coqui_mjs.dir/Users/arturomena/pico-sdk/src/common/pico_time/time.c.o
                0x100026f0                sleep_until
 .text.sleep_us
                0x1000281c       0x2a CMakeFiles/coqui_mjs.dir/Users/arturomena/pico-sdk/src/common/pico_time/time.c.o
                0x1000281c                sleep_us
 .text.sleep_ms
                0x10002846       0x32 CMakeFiles/coqui_mjs.dir/Users/arturomena/pico-sdk/src/common/pico_time/time.c.o
                0x10002846                sleep_ms
 .text.best_effort_wfe_or_timeout
                0x10002878       0xd8 CMakeFiles/coqui_mjs.dir/Users/arturomena/pico-sdk/src/common/pico_time/time.c.o
                0x10002878                best_effort_wfe_or_timeout
 .text.alarm_pool_get_default_timer
                0x10002950       0x10 CMakeFiles/coqui_mjs.dir/Users/arturomena/pico-sdk/src/common/pico_time/time.c.o
                0x10002950                alarm_pool_get_default_timer
 .text.to_us_since_boot
                0x10002960       0x18 CMakeFiles/coqui_mjs.dir/Users/arturomena/pico-sdk/src/rp2_common/hardware_timer/timer.c.o
 .text.update_us_since_boot
                0x10002978       0x1e CMakeFiles/coqui_mjs.dir/Users/arturomena/pico-sdk/src/rp2_common/hardware_timer/timer.c.o
 .text.check_hardware_alarm_num_param
                0x10002996       0x10 CMakeFiles/coqui_mjs.dir/Users/arturomena/pico-sdk/src/rp2_common/hardware_timer/timer.c.o
 .text.timer_get_index
                0x100029a6       0x12 CMakeFiles/coqui_mjs.dir/Users/arturomena/pico-sdk/src/rp2_common/hardware_timer/timer.c.o
 .text.timer_hardware_alarm_claim
                0x100029b8       0x3c CMakeFiles/coqui_mjs.dir/Users/arturomena/pico-sdk/src/rp2_common/hardware_timer/timer.c.o
                0x100029b8                timer_hardware_alarm_claim
 .text.timer_time_us_64
                0x100029f4       0x5a CMakeFiles/coqui_mjs.dir/Users/arturomena/pico-sdk/src/rp2_common/hardware_timer/timer.c.o
                0x100029f4                timer_time_us_64
 .text.timer_busy_wait_us
                0x10002a4e       0x70 CMakeFiles/coqui_mjs.dir/Users/arturomena/pico-sdk/src/rp2_common/hardware_timer/timer.c.o
                0x10002a4e                timer_busy_wait_us
 .text.timer_busy_wait_until
                0x10002abe       0x68 CMakeFiles/coqui_mjs.dir/Users/arturomena/pico-sdk/src/rp2_common/hardware_timer/timer.c.o
                0x10002abe                timer_busy_wait_until
 *fill*         0x10002b26        0x2 
 .text.time_us_64
                0x10002b28       0x1c CMakeFiles/coqui_mjs.dir/Users/arturomena/pico-sdk/src/rp2_common/hardware_timer/timer.c.o
                0x10002b28                time_us_64
 .text.busy_wait_us
                0x10002b44       0x24 CMakeFiles/coqui_mjs.dir/Users/arturomena/pico-sdk/src/rp2_common/hardware_timer/timer.c.o
                0x10002b44                busy_wait_us
 .text.busy_wait_until
                0x10002b68       0x24 CMakeFiles/coqui_mjs.dir/Users/arturomena/pico-sdk/src/rp2_common/hardware_timer/timer.c.o
                0x10002b68                busy_wait_until
 .text.reset_block_num
                0x10002b8c       0x3c CMakeFiles/coqui_mjs.dir/Users/arturomena/pico-sdk/src/rp2_common/hardware_uart/uart.c.o
 .text.unreset_block_num_wait_blocking
                0x10002bc8       0x54 CMakeFiles/coqui_mjs.dir/Users/arturomena/pico-sdk/src/rp2_common/hardware_uart/uart.c.o
 .text.uart_get_index
                0x10002c1c       0x24 CMakeFiles/coqui_mjs.dir/Users/arturomena/pico-sdk/src/rp2_common/hardware_uart/uart.c.o
 .text.uart_get_hw
                0x10002c40       0x1a CMakeFiles/coqui_mjs.dir/Users/arturomena/pico-sdk/src/rp2_common/hardware_uart/uart.c.o
 .text.uart_get_reset_num
                0x10002c5a       0x22 CMakeFiles/coqui_mjs.dir/Users/arturomena/pico-sdk/src/rp2_common/hardware_uart/uart.c.o
 .text.uart_clock_get_hz
                0x10002c7c       0x18 CMakeFiles/coqui_mjs.dir/Users/arturomena/pico-sdk/src/rp2_common/hardware_uart/uart.c.o
 .text.uart_reset
                0x10002c94       0x20 CMakeFiles/coqui_mjs.dir/Users/arturomena/pico-sdk/src/rp2_common/hardware_uart/uart.c.o
 .text.uart_unreset
                0x10002cb4       0x20 CMakeFiles/coqui_mjs.dir/Users/arturomena/pico-sdk/src/rp2_common/hardware_uart/uart.c.o
 .text.uart_init
                0x10002cd4       0xe4 CMakeFiles/coqui_mjs.dir/Users/arturomena/pico-sdk/src/rp2_common/hardware_uart/uart.c.o
                0x10002cd4                uart_init
 .text.uart_disable_before_lcr_write
                0x10002db8       0xb0 CMakeFiles/coqui_mjs.dir/Users/arturomena/pico-sdk/src/rp2_common/hardware_uart/uart.c.o
 .text.uart_write_lcr_bits_masked
                0x10002e68       0x68 CMakeFiles/coqui_mjs.dir/Users/arturomena/pico-sdk/src/rp2_common/hardware_uart/uart.c.o
 .text.uart_set_baudrate
                0x10002ed0       0xac CMakeFiles/coqui_mjs.dir/Users/arturomena/pico-sdk/src/rp2_common/hardware_uart/uart.c.o
                0x10002ed0                uart_set_baudrate
 .text.uart_set_translate_crlf
                0x10002f7c       0x3c CMakeFiles/coqui_mjs.dir/Users/arturomena/pico-sdk/src/rp2_common/hardware_uart/uart.c.o
                0x10002f7c                uart_set_translate_crlf
 .text.busy_wait_at_least_cycles
                0x10002fb8       0x18 CMakeFiles/coqui_mjs.dir/Users/arturomena/pico-sdk/src/rp2_common/hardware_clocks/clocks.c.o
 .text.has_glitchless_mux
                0x10002fd0       0x32 CMakeFiles/coqui_mjs.dir/Users/arturomena/pico-sdk/src/rp2_common/hardware_clocks/clocks.c.o
 *fill*         0x10003002        0x2 
 .text.clock_configure_internal
                0x10003004      0x18c CMakeFiles/coqui_mjs.dir/Users/arturomena/pico-sdk/src/rp2_common/hardware_clocks/clocks.c.o
 .text.clock_configure_int_divider
                0x10003190       0x3e CMakeFiles/coqui_mjs.dir/Users/arturomena/pico-sdk/src/rp2_common/hardware_clocks/clocks.c.o
                0x10003190                clock_configure_int_divider
 .text.clock_configure_undivided
                0x100031ce       0x32 CMakeFiles/coqui_mjs.dir/Users/arturomena/pico-sdk/src/rp2_common/hardware_clocks/clocks.c.o
                0x100031ce                clock_configure_undivided
 .text.clock_get_hz
                0x10003200       0x24 CMakeFiles/coqui_mjs.dir/Users/arturomena/pico-sdk/src/rp2_common/hardware_clocks/clocks.c.o
                0x10003200                clock_get_hz
 .text.clock_set_reported_hz
                0x10003224       0x28 CMakeFiles/coqui_mjs.dir/Users/arturomena/pico-sdk/src/rp2_common/hardware_clocks/clocks.c.o
                0x10003224                clock_set_reported_hz
 .text.reset_unreset_block_num_wait_blocking
                0x1000324c       0x7c CMakeFiles/coqui_mjs.dir/Users/arturomena/pico-sdk/src/rp2_common/hardware_pll/pll.c.o
 .text.pll_init
                0x100032c8       0xe0 CMakeFiles/coqui_mjs.dir/Users/arturomena/pico-sdk/src/rp2_common/hardware_pll/pll.c.o
                0x100032c8                pll_init
 .text.watchdog_update
                0x100033a8       0x1c CMakeFiles/coqui_mjs.dir/Users/arturomena/pico-sdk/src/rp2_common/hardware_watchdog/watchdog.c.o
                0x100033a8                watchdog_update
 .text._watchdog_enable
                0x100033c4      0x100 CMakeFiles/coqui_mjs.dir/Users/arturomena/pico-sdk/src/rp2_common/hardware_watchdog/watchdog.c.o
                0x100033c4                _watchdog_enable
 .text.watchdog_reboot
                0x100034c4       0x78 CMakeFiles/coqui_mjs.dir/Users/arturomena/pico-sdk/src/rp2_common/hardware_watchdog/watchdog.c.o
                0x100034c4                watchdog_reboot
 .text.tick_start
                0x1000353c       0x28 CMakeFiles/coqui_mjs.dir/Users/arturomena/pico-sdk/src/rp2_common/hardware_ticks/ticks.c.o
                0x1000353c                tick_start
 .text.rom_func_lookup
                0x10003564       0x40 CMakeFiles/coqui_mjs.dir/Users/arturomena/pico-sdk/src/rp2_common/pico_bootrom/bootrom.c.o
                0x10003564                rom_func_lookup
 .text.rom_data_lookup
                0x100035a4       0x40 CMakeFiles/coqui_mjs.dir/Users/arturomena/pico-sdk/src/rp2_common/pico_bootrom/bootrom.c.o
                0x100035a4                rom_data_lookup
 .text.rom_funcs_lookup
                0x100035e4       0x68 CMakeFiles/coqui_mjs.dir/Users/arturomena/pico-sdk/src/rp2_common/pico_bootrom/bootrom.c.o
                0x100035e4                rom_funcs_lookup
 .text.rom_reset_usb_boot_extra
                0x1000364c       0x38 CMakeFiles/coqui_mjs.dir/Users/arturomena/pico-sdk/src/rp2_common/pico_bootrom/bootrom.c.o
                0x1000364c                rom_reset_usb_boot_extra
 .text.xosc_init
                0x10003684       0x4c CMakeFiles/coqui_mjs.dir/Users/arturomena/pico-sdk/src/rp2_common/hardware_xosc/xosc.c.o
                0x10003684                xosc_init
 .text.hard_assertion_failure
                0x100036d0       0x10 CMakeFiles/coqui_mjs.dir/Users/arturomena/pico-sdk/src/rp2_common/pico_runtime/runtime.c.o
                0x100036d0                hard_assertion_failure
 .text.runtime_run_initializers_from
                0x100036e0       0x34 CMakeFiles/coqui_mjs.dir/Users/arturomena/pico-sdk/src/rp2_common/pico_runtime/runtime.c.o
 .text.runtime_run_initializers
                0x10003714       0x18 CMakeFiles/coqui_mjs.dir/Users/arturomena/pico-sdk/src/rp2_common/pico_runtime/runtime.c.o
                0x10003714                runtime_run_initializers
 .text.first_per_core_initializer
                0x1000372c        0xa CMakeFiles/coqui_mjs.dir/Users/arturomena/pico-sdk/src/rp2_common/pico_runtime/runtime.c.o
 *fill*         0x10003736        0x2 
 .text.runtime_init_early_resets
                0x10003738       0x84 CMakeFiles/coqui_mjs.dir/Users/arturomena/pico-sdk/src/rp2_common/pico_runtime_init/runtime_init.c.o
                0x10003738                runtime_init_early_resets
 .text.runtime_init_usb_power_down
                0x100037bc       0x38 CMakeFiles/coqui_mjs.dir/Users/arturomena/pico-sdk/src/rp2_common/pico_runtime_init/runtime_init.c.o
                0x100037bc                runtime_init_usb_power_down
 .text.runtime_init_post_clock_resets
                0x100037f4       0x58 CMakeFiles/coqui_mjs.dir/Users/arturomena/pico-sdk/src/rp2_common/pico_runtime_init/runtime_init.c.o
                0x100037f4                runtime_init_post_clock_resets
 .text.runtime_init_rp2040_gpio_ie_disable
                0x1000384c       0x28 CMakeFiles/coqui_mjs.dir/Users/arturomena/pico-sdk/src/rp2_common/pico_runtime_init/runtime_init.c.o
                0x1000384c                runtime_init_rp2040_gpio_ie_disable
 .text.runtime_init_spin_locks_reset
                0x10003874        0xe CMakeFiles/coqui_mjs.dir/Users/arturomena/pico-sdk/src/rp2_common/pico_runtime_init/runtime_init.c.o
                0x10003874                runtime_init_spin_locks_reset
 *fill*         0x10003882        0x2 
 .text.runtime_init_install_ram_vector_table
                0x10003884       0x68 CMakeFiles/coqui_mjs.dir/Users/arturomena/pico-sdk/src/rp2_common/pico_runtime_init/runtime_init.c.o
                0x10003884                runtime_init_install_ram_vector_table
 .text.running_on_fpga
                0x100038ec        0xc CMakeFiles/coqui_mjs.dir/Users/arturomena/pico-sdk/src/rp2_common/pico_runtime_init/runtime_init_clocks.c.o
 .text.start_all_ticks
                0x100038f8       0x48 CMakeFiles/coqui_mjs.dir/Users/arturomena/pico-sdk/src/rp2_common/pico_runtime_init/runtime_init_clocks.c.o
 .text.runtime_init_clocks
                0x10003940      0x140 CMakeFiles/coqui_mjs.dir/Users/arturomena/pico-sdk/src/rp2_common/pico_runtime_init/runtime_init_clocks.c.o
                0x10003940                runtime_init_clocks
 .text          0x10003a80       0x10 CMakeFiles/coqui_mjs.dir/Users/arturomena/pico-sdk/src/rp2_common/pico_bit_ops/bit_ops_aeabi.S.o
 .text.__wrap___aeabi_idiv
                0x10003a90       0x50 CMakeFiles/coqui_mjs.dir/Users/arturomena/pico-sdk/src/rp2_common/pico_divider/divider_hardware.S.o
                0x10003a90                __wrap___aeabi_idivmod
                0x10003a90                divmod_s32s32
                0x10003a90                div_s32s32
                0x10003a90                __wrap___aeabi_idiv
                0x10003a98                divmod_s32s32_unsafe
                0x10003ac4                divmod_s32s32_savestate
 .text.__wrap___aeabi_uidiv
                0x10003ae0       0x4c CMakeFiles/coqui_mjs.dir/Users/arturomena/pico-sdk/src/rp2_common/pico_divider/divider_hardware.S.o
                0x10003ae0                __wrap___aeabi_uidiv
                0x10003ae0                __wrap___aeabi_uidivmod
                0x10003ae0                div_u32u32
                0x10003ae0                divmod_u32u32
                0x10003ae8                divmod_u32u32_unsafe
                0x10003b10                divmod_u32u32_savestate
 .text.__wrap___aeabi_ldiv
                0x10003b2c      0x424 CMakeFiles/coqui_mjs.dir/Users/arturomena/pico-sdk/src/rp2_common/pico_divider/divider_hardware.S.o
                0x10003b2c                __wrap___aeabi_ldivmod
                0x10003b2c                div_s64s64
                0x10003b2c                divmod_s64s64
                0x10003b5c                divmod_u64u64
                0x10003b5c                div_u64u64
                0x10003b5c                __wrap___aeabi_uldivmod
                0x10003b6c                divmod_u64u64_savestate
                0x10003b8c                divmod_s64s64_unsafe
                0x10003c14                divmod_u64u64_unsafe
 .text.__wrap___aeabi_darithmetic
                0x10003f50       0x80 CMakeFiles/coqui_mjs.dir/Users/arturomena/pico-sdk/src/rp2_common/pico_double/double_aeabi_rp2040.S.o
                0x10003f50                __wrap___aeabi_drsub
                0x10003f56                __wrap___aeabi_dsub
                0x10003f68                __wrap___aeabi_dadd
                0x10003f7a                __wrap___aeabi_ddiv
                0x10003fb6                __wrap___aeabi_dmul
 .text.__wrap___aeabi_cdcmple
                0x10003fd0       0x6c CMakeFiles/coqui_mjs.dir/Users/arturomena/pico-sdk/src/rp2_common/pico_double/double_aeabi_rp2040.S.o
                0x10003fd0                __wrap___aeabi_cdrcmple
                0x10003fe0                __wrap___aeabi_cdcmple
                0x10003fe0                __wrap___aeabi_cdcmpeq
 .text.__wrap___aeabi_dcmplt
                0x1000403c        0xc CMakeFiles/coqui_mjs.dir/Users/arturomena/pico-sdk/src/rp2_common/pico_double/double_aeabi_rp2040.S.o
                0x1000403c                __wrap___aeabi_dcmplt
 .text.__wrap___aeabi_dcmpge
                0x10004048       0x10 CMakeFiles/coqui_mjs.dir/Users/arturomena/pico-sdk/src/rp2_common/pico_double/double_aeabi_rp2040.S.o
                0x10004048                __wrap___aeabi_dcmpge
 .text.__wrap___aeabi_dcmpgt
                0x10004058        0xa CMakeFiles/coqui_mjs.dir/Users/arturomena/pico-sdk/src/rp2_common/pico_double/double_aeabi_rp2040.S.o
                0x10004058                __wrap___aeabi_dcmpgt
 .text.__wrap___aeabi_dcmpun
                0x10004062       0x18 CMakeFiles/coqui_mjs.dir/Users/arturomena/pico-sdk/src/rp2_common/pico_double/double_aeabi_rp2040.S.o
                0x10004062                __wrap___aeabi_dcmpun
 *fill*         0x1000407a        0x2 
 .text.__wrap___aeabi_i2d
                0x1000407c       0x38 CMakeFiles/coqui_mjs.dir/Users/arturomena/pico-sdk/src/rp2_common/pico_double/double_aeabi_rp2040.S.o
                0x1000407c                __wrap___aeabi_ui2d
                0x1000407c                uint2double
                0x10004084                __wrap___aeabi_i2d
                0x10004084                int2double
 .text.__wrap___aeabi_d2iz
                0x100040b4       0x48 CMakeFiles/coqui_mjs.dir/Users/arturomena/pico-sdk/src/rp2_common/pico_double/double_aeabi_rp2040.S.o
                0x100040b4                __wrap___aeabi_d2iz
                0x100040b4                double2int_z
 .text.__wrap___aeabi_d2uiz
                0x100040fc       0x18 CMakeFiles/coqui_mjs.dir/Users/arturomena/pico-sdk/src/rp2_common/pico_double/double_aeabi_rp2040.S.o
                0x100040fc                double2uint_z
                0x100040fc                double2uint
                0x100040fc                __wrap___aeabi_d2uiz
 .text.rp2040_rom_version
                0x10004114        0xe CMakeFiles/coqui_mjs.dir/Users/arturomena/pico-sdk/src/rp2_common/pico_double/double_init_rom_rp2040.c.o
 .text.rom_table_code
                0x10004122       0x26 CMakeFiles/coqui_mjs.dir/Users/arturomena/pico-sdk/src/rp2_common/pico_double/double_init_rom_rp2040.c.o
 .text.__aeabi_double_init
                0x10004148       0x9c CMakeFiles/coqui_mjs.dir/Users/arturomena/pico-sdk/src/rp2_common/pico_double/double_init_rom_rp2040.c.o
                0x10004148                __aeabi_double_init
 .text.double_table_shim_on_use_helper
                0x100041e4       0x2c CMakeFiles/coqui_mjs.dir/Users/arturomena/pico-sdk/src/rp2_common/pico_double/double_v1_rom_shim_rp2040.S.o
                0x100041e4                double_table_shim_on_use_helper
 .text.__wrap___aeabi_dsub
                0x10004210       0x10 CMakeFiles/coqui_mjs.dir/Users/arturomena/pico-sdk/src/rp2_common/pico_double/double_v1_rom_shim_rp2040.S.o
                0x10004210                drsub_shim
                0x10004216                dsub_shim
 .text.dadd_shim
                0x10004220      0x15c CMakeFiles/coqui_mjs.dir/Users/arturomena/pico-sdk/src/rp2_common/pico_double/double_v1_rom_shim_rp2040.S.o
                0x10004220                dadd_shim
 .text.dmul_shim
                0x1000437c      0x15c CMakeFiles/coqui_mjs.dir/Users/arturomena/pico-sdk/src/rp2_common/pico_double/double_v1_rom_shim_rp2040.S.o
                0x1000437c                dmul_shim
 .text.ddiv_shim
                0x100044d8      0x1b0 CMakeFiles/coqui_mjs.dir/Users/arturomena/pico-sdk/src/rp2_common/pico_double/double_v1_rom_shim_rp2040.S.o
                0x100044d8                ddiv_shim
 .text.double2uint_shim
                0x10004688        0xe CMakeFiles/coqui_mjs.dir/Users/arturomena/pico-sdk/src/rp2_common/pico_double/double_v1_rom_shim_rp2040.S.o
                0x10004688                double2uint_shim
                0x1000468a                double2ufix_shim
 *fill*         0x10004696        0x2 
 .text.double2uint64_shim
                0x10004698       0x70 CMakeFiles/coqui_mjs.dir/Users/arturomena/pico-sdk/src/rp2_common/pico_double/double_v1_rom_shim_rp2040.S.o
                0x10004698                double2uint64_shim
                0x1000469a                double2ufix64_shim
                0x100046ba                d2fix_a
 .text.dunpacks
                0x10004708       0x3c CMakeFiles/coqui_mjs.dir/Users/arturomena/pico-sdk/src/rp2_common/pico_double/double_v1_rom_shim_rp2040.S.o
                0x10004708                dunpacks
 .text.__aeabi_lmul
                0x10004744       0x32 CMakeFiles/coqui_mjs.dir/Users/arturomena/pico-sdk/src/rp2_common/pico_int64_ops/pico_int64_ops_aeabi.S.o
                0x10004744                __wrap___aeabi_lmul
 *fill*         0x10004776        0x2 
 .text.__wrap___aeabi_farithmetic
                0x10004778       0x48 CMakeFiles/coqui_mjs.dir/Users/arturomena/pico-sdk/src/rp2_common/pico_float/float_aeabi_rp2040.S.o
                0x10004778                __wrap___aeabi_frsub
                0x1000477e                __wrap___aeabi_fsub
                0x10004784                __wrap___aeabi_fadd
                0x1000478a                __wrap___aeabi_fdiv
                0x100047b2                __wrap___aeabi_fmul
 .text.__wrap___aeabi_i2f
                0x100047c0       0x44 CMakeFiles/coqui_mjs.dir/Users/arturomena/pico-sdk/src/rp2_common/pico_float/float_aeabi_rp2040.S.o
                0x100047c0                int2float
                0x100047c0                __wrap___aeabi_i2f
 .text.__wrap___aeabi_f2d
                0x10004804       0x14 CMakeFiles/coqui_mjs.dir/Users/arturomena/pico-sdk/src/rp2_common/pico_float/float_aeabi_rp2040.S.o
                0x10004804                __wrap___aeabi_f2d
 .text.rp2040_rom_version
                0x10004818        0xe CMakeFiles/coqui_mjs.dir/Users/arturomena/pico-sdk/src/rp2_common/pico_float/float_init_rom_rp2040.c.o
 .text.rom_table_code
                0x10004826       0x26 CMakeFiles/coqui_mjs.dir/Users/arturomena/pico-sdk/src/rp2_common/pico_float/float_init_rom_rp2040.c.o
 .text.__aeabi_float_init
                0x1000484c       0x98 CMakeFiles/coqui_mjs.dir/Users/arturomena/pico-sdk/src/rp2_common/pico_float/float_init_rom_rp2040.c.o
                0x1000484c                __aeabi_float_init
 .text.float_table_shim_on_use_helper
                0x100048e4       0x2c CMakeFiles/coqui_mjs.dir/Users/arturomena/pico-sdk/src/rp2_common/pico_float/float_v1_rom_shim_rp2040.S.o
                0x100048e4                float_table_shim_on_use_helper
 .text.float2double_shim
                0x10004910       0x30 CMakeFiles/coqui_mjs.dir/Users/arturomena/pico-sdk/src/rp2_common/pico_float/float_v1_rom_shim_rp2040.S.o
                0x10004910                float2double_shim
 .text          0x10004940       0x10 CMakeFiles/coqui_mjs.dir/Users/arturomena/pico-sdk/src/rp2_common/pico_mem_ops/mem_ops_aeabi.S.o
                0x10004940                __aeabi_mem_init
 .text.memset   0x10004950        0xc CMakeFiles/coqui_mjs.dir/Users/arturomena/pico-sdk/src/rp2_common/pico_mem_ops/mem_ops_aeabi.S.o
                0x10004950                __wrap_memset
 .text.memcpy   0x1000495c        0xc CMakeFiles/coqui_mjs.dir/Users/arturomena/pico-sdk/src/rp2_common/pico_mem_ops/mem_ops_aeabi.S.o
                0x1000495c                __wrap___aeabi_memcpy
                0x1000495c                __wrap_memcpy
 .text._out_null
                0x10004968       0x1c CMakeFiles/coqui_mjs.dir/Users/arturomena/pico-sdk/src/rp2_common/pico_printf/printf.c.o
 .text._out_fct
                0x10004984       0x36 CMakeFiles/coqui_mjs.dir/Users/arturomena/pico-sdk/src/rp2_common/pico_printf/printf.c.o
 .text._strnlen_s
                0x100049ba       0x36 CMakeFiles/coqui_mjs.dir/Users/arturomena/pico-sdk/src/rp2_common/pico_printf/printf.c.o
 .text._is_digit
                0x100049f0       0x32 CMakeFiles/coqui_mjs.dir/Users/arturomena/pico-sdk/src/rp2_common/pico_printf/printf.c.o
 .text._atoi    0x10004a22       0x46 CMakeFiles/coqui_mjs.dir/Users/arturomena/pico-sdk/src/rp2_common/pico_printf/printf.c.o
 .text._out_rev
                0x10004a68       0x9a CMakeFiles/coqui_mjs.dir/Users/arturomena/pico-sdk/src/rp2_common/pico_printf/printf.c.o
 .text._ntoa_format
                0x10004b02      0x1ac CMakeFiles/coqui_mjs.dir/Users/arturomena/pico-sdk/src/rp2_common/pico_printf/printf.c.o
 .text._ntoa_long
                0x10004cae       0xd2 CMakeFiles/coqui_mjs.dir/Users/arturomena/pico-sdk/src/rp2_common/pico_printf/printf.c.o
 .text._ntoa_long_long
                0x10004d80       0xe6 CMakeFiles/coqui_mjs.dir/Users/arturomena/pico-sdk/src/rp2_common/pico_printf/printf.c.o
 *fill*         0x10004e66        0x2 
 .text._ftoa    0x10004e68      0x494 CMakeFiles/coqui_mjs.dir/Users/arturomena/pico-sdk/src/rp2_common/pico_printf/printf.c.o
 .text._etoa    0x100052fc      0x594 CMakeFiles/coqui_mjs.dir/Users/arturomena/pico-sdk/src/rp2_common/pico_printf/printf.c.o
 .text._vsnprintf
                0x10005890      0x908 CMakeFiles/coqui_mjs.dir/Users/arturomena/pico-sdk/src/rp2_common/pico_printf/printf.c.o
 .text.vfctprintf
                0x10006198       0x40 CMakeFiles/coqui_mjs.dir/Users/arturomena/pico-sdk/src/rp2_common/pico_printf/printf.c.o
                0x10006198                vfctprintf
 .text._putchar
                0x100061d8       0x1e CMakeFiles/coqui_mjs.dir/Users/arturomena/pico-sdk/src/rp2_common/pico_printf/printf.c.o
 .text._out_char
                0x100061f6       0x30 CMakeFiles/coqui_mjs.dir/Users/arturomena/pico-sdk/src/rp2_common/pico_printf/printf.c.o
 *fill*         0x10006226        0x2 
 .text.weak_raw_vprintf
                0x10006228       0x48 CMakeFiles/coqui_mjs.dir/Users/arturomena/pico-sdk/src/rp2_common/pico_printf/printf.c.o
                0x10006228                weak_raw_vprintf
 .text._exit    0x10006270        0xe CMakeFiles/coqui_mjs.dir/Users/arturomena/pico-sdk/src/rp2_common/pico_clib_interface/newlib_interface.c.o
                0x10006270                _exit
 .text.exit     0x1000627e       0x10 CMakeFiles/coqui_mjs.dir/Users/arturomena/pico-sdk/src/rp2_common/pico_clib_interface/newlib_interface.c.o
                0x1000627e                exit
 *fill*         0x1000628e        0x2 
 .text.runtime_init
                0x10006290       0x38 CMakeFiles/coqui_mjs.dir/Users/arturomena/pico-sdk/src/rp2_common/pico_clib_interface/newlib_interface.c.o
                0x10006290                runtime_init
 .text.to_us_since_boot
                0x100062c8       0x18 CMakeFiles/coqui_mjs.dir/Users/arturomena/pico-sdk/src/rp2_common/pico_stdio/stdio.c.o
 .text.update_us_since_boot
                0x100062e0       0x1e CMakeFiles/coqui_mjs.dir/Users/arturomena/pico-sdk/src/rp2_common/pico_stdio/stdio.c.o
 .text.get_absolute_time
                0x100062fe       0x24 CMakeFiles/coqui_mjs.dir/Users/arturomena/pico-sdk/src/rp2_common/pico_stdio/stdio.c.o
 *fill*         0x10006322        0x2 
 .text.delayed_by_ms
                0x10006324       0x7c CMakeFiles/coqui_mjs.dir/Users/arturomena/pico-sdk/src/rp2_common/pico_stdio/stdio.c.o
 .text.make_timeout_time_ms
                0x100063a0       0x22 CMakeFiles/coqui_mjs.dir/Users/arturomena/pico-sdk/src/rp2_common/pico_stdio/stdio.c.o
 *fill*         0x100063c2        0x2 
 .text.stdout_serialize_begin
                0x100063c4       0x28 CMakeFiles/coqui_mjs.dir/Users/arturomena/pico-sdk/src/rp2_common/pico_stdio/stdio.c.o
                0x100063c4                stdout_serialize_begin
 .text.stdout_serialize_end
                0x100063ec       0x18 CMakeFiles/coqui_mjs.dir/Users/arturomena/pico-sdk/src/rp2_common/pico_stdio/stdio.c.o
                0x100063ec                stdout_serialize_end
 .text.stdio_out_chars_no_crlf
                0x10006404       0x20 CMakeFiles/coqui_mjs.dir/Users/arturomena/pico-sdk/src/rp2_common/pico_stdio/stdio.c.o
 .text.stdio_out_chars_crlf
                0x10006424       0xf0 CMakeFiles/coqui_mjs.dir/Users/arturomena/pico-sdk/src/rp2_common/pico_stdio/stdio.c.o
 .text.stdio_put_string
                0x10006514       0xc8 CMakeFiles/coqui_mjs.dir/Users/arturomena/pico-sdk/src/rp2_common/pico_stdio/stdio.c.o
                0x10006514                stdio_put_string
 .text.stdio_set_driver_enabled
                0x100065dc       0x68 CMakeFiles/coqui_mjs.dir/Users/arturomena/pico-sdk/src/rp2_common/pico_stdio/stdio.c.o
                0x100065dc                stdio_set_driver_enabled
 .text.stdio_flush
                0x10006644       0x38 CMakeFiles/coqui_mjs.dir/Users/arturomena/pico-sdk/src/rp2_common/pico_stdio/stdio.c.o
                0x10006644                stdio_flush
 .text.stdio_stack_buffer_flush
                0x1000667c       0x6c CMakeFiles/coqui_mjs.dir/Users/arturomena/pico-sdk/src/rp2_common/pico_stdio/stdio.c.o
 .text.stdio_buffered_printer
                0x100066e8       0x3e CMakeFiles/coqui_mjs.dir/Users/arturomena/pico-sdk/src/rp2_common/pico_stdio/stdio.c.o
 .text.stdio_init_all
                0x10006726       0x3c CMakeFiles/coqui_mjs.dir/Users/arturomena/pico-sdk/src/rp2_common/pico_stdio/stdio.c.o
                0x10006726                stdio_init_all
 .text.__wrap_putchar
                0x10006762       0x28 CMakeFiles/coqui_mjs.dir/Users/arturomena/pico-sdk/src/rp2_common/pico_stdio/stdio.c.o
                0x10006762                stdio_putchar
                0x10006762                __wrap_putchar
 .text.__wrap_puts
                0x1000678a       0x2e CMakeFiles/coqui_mjs.dir/Users/arturomena/pico-sdk/src/rp2_common/pico_stdio/stdio.c.o
                0x1000678a                __wrap_puts
                0x1000678a                stdio_puts
 .text.__wrap_vprintf
                0x100067b8       0x5c CMakeFiles/coqui_mjs.dir/Users/arturomena/pico-sdk/src/rp2_common/pico_stdio/stdio.c.o
                0x100067b8                __wrap_vprintf
                0x100067b8                stdio_vprintf
 .text.__wrap_printf
                0x10006814       0x2e CMakeFiles/coqui_mjs.dir/Users/arturomena/pico-sdk/src/rp2_common/pico_stdio/stdio.c.o
                0x10006814                stdio_printf
                0x10006814                __wrap_printf
 *fill*         0x10006842        0x2 
 .text.uart_get_index
                0x10006844       0x24 CMakeFiles/coqui_mjs.dir/Users/arturomena/pico-sdk/src/rp2_common/pico_stdio_uart/stdio_uart.c.o
 .text.uart_get_hw
                0x10006868       0x1a CMakeFiles/coqui_mjs.dir/Users/arturomena/pico-sdk/src/rp2_common/pico_stdio_uart/stdio_uart.c.o
 .text.uart_set_irqs_enabled
                0x10006882       0xe2 CMakeFiles/coqui_mjs.dir/Users/arturomena/pico-sdk/src/rp2_common/pico_stdio_uart/stdio_uart.c.o
 .text.uart_is_writable
                0x10006964       0x26 CMakeFiles/coqui_mjs.dir/Users/arturomena/pico-sdk/src/rp2_common/pico_stdio_uart/stdio_uart.c.o
 .text.uart_tx_wait_blocking
                0x1000698a       0x28 CMakeFiles/coqui_mjs.dir/Users/arturomena/pico-sdk/src/rp2_common/pico_stdio_uart/stdio_uart.c.o
 .text.uart_is_readable
                0x100069b2       0x26 CMakeFiles/coqui_mjs.dir/Users/arturomena/pico-sdk/src/rp2_common/pico_stdio_uart/stdio_uart.c.o
 .text.uart_write_blocking
                0x100069d8       0x58 CMakeFiles/coqui_mjs.dir/Users/arturomena/pico-sdk/src/rp2_common/pico_stdio_uart/stdio_uart.c.o
 .text.uart_read_blocking
                0x10006a30       0x58 CMakeFiles/coqui_mjs.dir/Users/arturomena/pico-sdk/src/rp2_common/pico_stdio_uart/stdio_uart.c.o
 .text.uart_putc_raw
                0x10006a88       0x22 CMakeFiles/coqui_mjs.dir/Users/arturomena/pico-sdk/src/rp2_common/pico_stdio_uart/stdio_uart.c.o
 *fill*         0x10006aaa        0x2 
 .text.uart_putc
                0x10006aac       0x4c CMakeFiles/coqui_mjs.dir/Users/arturomena/pico-sdk/src/rp2_common/pico_stdio_uart/stdio_uart.c.o
 .text.uart_getc
                0x10006af8       0x22 CMakeFiles/coqui_mjs.dir/Users/arturomena/pico-sdk/src/rp2_common/pico_stdio_uart/stdio_uart.c.o
 *fill*         0x10006b1a        0x2 
 .text.stdio_uart_init
                0x10006b1c       0x4c CMakeFiles/coqui_mjs.dir/Users/arturomena/pico-sdk/src/rp2_common/pico_stdio_uart/stdio_uart.c.o
                0x10006b1c                stdio_uart_init
 .text.stdio_uart_init_full
                0x10006b68       0x5c CMakeFiles/coqui_mjs.dir/Users/arturomena/pico-sdk/src/rp2_common/pico_stdio_uart/stdio_uart.c.o
                0x10006b68                stdio_uart_init_full
 .text.stdio_uart_out_chars
                0x10006bc4       0x40 CMakeFiles/coqui_mjs.dir/Users/arturomena/pico-sdk/src/rp2_common/pico_stdio_uart/stdio_uart.c.o
 .text.stdio_uart_in_chars
                0x10006c04       0x74 CMakeFiles/coqui_mjs.dir/Users/arturomena/pico-sdk/src/rp2_common/pico_stdio_uart/stdio_uart.c.o
                0x10006c04                stdio_uart_in_chars
 .text.on_uart_rx
                0x10006c78       0x38 CMakeFiles/coqui_mjs.dir/Users/arturomena/pico-sdk/src/rp2_common/pico_stdio_uart/stdio_uart.c.o
 .text.stdio_uart_set_chars_available_callback
                0x10006cb0       0xb8 CMakeFiles/coqui_mjs.dir/Users/arturomena/pico-sdk/src/rp2_common/pico_stdio_uart/stdio_uart.c.o
 .text.stdio_uart_out_flush
                0x10006d68       0x18 CMakeFiles/coqui_mjs.dir/Users/arturomena/pico-sdk/src/rp2_common/pico_stdio_uart/stdio_uart.c.o
 .text.tud_descriptor_bos_cb
                0x10006d80       0x10 CMakeFiles/coqui_mjs.dir/Users/arturomena/pico-sdk/src/rp2_common/pico_stdio_usb/reset_interface.c.o
                0x10006d80                tud_descriptor_bos_cb
 .text.tud_vendor_control_xfer_cb
                0x10006d90       0x58 CMakeFiles/coqui_mjs.dir/Users/arturomena/pico-sdk/src/rp2_common/pico_stdio_usb/reset_interface.c.o
                0x10006d90                tud_vendor_control_xfer_cb
 .text.resetd_init
                0x10006de8        0xa CMakeFiles/coqui_mjs.dir/Users/arturomena/pico-sdk/src/rp2_common/pico_stdio_usb/reset_interface.c.o
 *fill*         0x10006df2        0x2 
 .text.resetd_reset
                0x10006df4       0x20 CMakeFiles/coqui_mjs.dir/Users/arturomena/pico-sdk/src/rp2_common/pico_stdio_usb/reset_interface.c.o
 .text.resetd_open
                0x10006e14       0x64 CMakeFiles/coqui_mjs.dir/Users/arturomena/pico-sdk/src/rp2_common/pico_stdio_usb/reset_interface.c.o
 .text.resetd_control_xfer_cb
                0x10006e78       0xd4 CMakeFiles/coqui_mjs.dir/Users/arturomena/pico-sdk/src/rp2_common/pico_stdio_usb/reset_interface.c.o
 .text.resetd_xfer_cb
                0x10006f4c       0x2a CMakeFiles/coqui_mjs.dir/Users/arturomena/pico-sdk/src/rp2_common/pico_stdio_usb/reset_interface.c.o
 *fill*         0x10006f76        0x2 
 .text.usbd_app_driver_get_cb
                0x10006f78       0x1c CMakeFiles/coqui_mjs.dir/Users/arturomena/pico-sdk/src/rp2_common/pico_stdio_usb/reset_interface.c.o
                0x10006f78                usbd_app_driver_get_cb
 .text.tud_cdc_line_coding_cb
                0x10006f94       0x52 CMakeFiles/coqui_mjs.dir/Users/arturomena/pico-sdk/src/rp2_common/pico_stdio_usb/reset_interface.c.o
                0x10006f94                tud_cdc_line_coding_cb
 .text.to_us_since_boot
                0x10006fe6       0x18 CMakeFiles/coqui_mjs.dir/Users/arturomena/pico-sdk/src/rp2_common/pico_stdio_usb/stdio_usb.c.o
 .text.update_us_since_boot
                0x10006ffe       0x1e CMakeFiles/coqui_mjs.dir/Users/arturomena/pico-sdk/src/rp2_common/pico_stdio_usb/stdio_usb.c.o
 .text.get_absolute_time
                0x1000701c       0x24 CMakeFiles/coqui_mjs.dir/Users/arturomena/pico-sdk/src/rp2_common/pico_stdio_usb/stdio_usb.c.o
 .text.delayed_by_us
                0x10007040       0x64 CMakeFiles/coqui_mjs.dir/Users/arturomena/pico-sdk/src/rp2_common/pico_stdio_usb/stdio_usb.c.o
 .text.delayed_by_ms
                0x100070a4       0x7c CMakeFiles/coqui_mjs.dir/Users/arturomena/pico-sdk/src/rp2_common/pico_stdio_usb/stdio_usb.c.o
 .text.make_timeout_time_ms
                0x10007120       0x22 CMakeFiles/coqui_mjs.dir/Users/arturomena/pico-sdk/src/rp2_common/pico_stdio_usb/stdio_usb.c.o
 .text.alarm_pool_add_alarm_in_us
                0x10007142       0x3c CMakeFiles/coqui_mjs.dir/Users/arturomena/pico-sdk/src/rp2_common/pico_stdio_usb/stdio_usb.c.o
 .text.add_alarm_in_us
                0x1000717e       0x34 CMakeFiles/coqui_mjs.dir/Users/arturomena/pico-sdk/src/rp2_common/pico_stdio_usb/stdio_usb.c.o
 .text.mutex_is_initialized
                0x100071b2       0x1a CMakeFiles/coqui_mjs.dir/Users/arturomena/pico-sdk/src/rp2_common/pico_stdio_usb/stdio_usb.c.o
 .text.critical_section_is_initialized
                0x100071cc       0x1a CMakeFiles/coqui_mjs.dir/Users/arturomena/pico-sdk/src/rp2_common/pico_stdio_usb/stdio_usb.c.o
 *fill*         0x100071e6        0x2 
 .text.timer_task
                0x100071e8       0xdc CMakeFiles/coqui_mjs.dir/Users/arturomena/pico-sdk/src/rp2_common/pico_stdio_usb/stdio_usb.c.o
 .text.low_priority_worker_irq
                0x100072c4      0x130 CMakeFiles/coqui_mjs.dir/Users/arturomena/pico-sdk/src/rp2_common/pico_stdio_usb/stdio_usb.c.o
 .text.usb_irq  0x100073f4       0x18 CMakeFiles/coqui_mjs.dir/Users/arturomena/pico-sdk/src/rp2_common/pico_stdio_usb/stdio_usb.c.o
 .text.stdio_usb_out_chars
                0x1000740c      0x128 CMakeFiles/coqui_mjs.dir/Users/arturomena/pico-sdk/src/rp2_common/pico_stdio_usb/stdio_usb.c.o
 .text.stdio_usb_out_flush
                0x10007534       0x54 CMakeFiles/coqui_mjs.dir/Users/arturomena/pico-sdk/src/rp2_common/pico_stdio_usb/stdio_usb.c.o
 .text.stdio_usb_in_chars
                0x10007588       0xac CMakeFiles/coqui_mjs.dir/Users/arturomena/pico-sdk/src/rp2_common/pico_stdio_usb/stdio_usb.c.o
                0x10007588                stdio_usb_in_chars
 .text.stdio_usb_set_chars_available_callback
                0x10007634       0x28 CMakeFiles/coqui_mjs.dir/Users/arturomena/pico-sdk/src/rp2_common/pico_stdio_usb/stdio_usb.c.o
                0x10007634                stdio_usb_set_chars_available_callback
 .text.stdio_usb_init
                0x1000765c      0x110 CMakeFiles/coqui_mjs.dir/Users/arturomena/pico-sdk/src/rp2_common/pico_stdio_usb/stdio_usb.c.o
                0x1000765c                stdio_usb_init
 .text.stdio_usb_connected
                0x1000776c       0x12 CMakeFiles/coqui_mjs.dir/Users/arturomena/pico-sdk/src/rp2_common/pico_stdio_usb/stdio_usb.c.o
                0x1000776c                stdio_usb_connected
 *fill*         0x1000777e        0x2 
 .text.tud_descriptor_device_cb
                0x10007780       0x10 CMakeFiles/coqui_mjs.dir/Users/arturomena/pico-sdk/src/rp2_common/pico_stdio_usb/stdio_usb_descriptors.c.o
                0x10007780                tud_descriptor_device_cb
 .text.tud_descriptor_configuration_cb
                0x10007790       0x1c CMakeFiles/coqui_mjs.dir/Users/arturomena/pico-sdk/src/rp2_common/pico_stdio_usb/stdio_usb_descriptors.c.o
                0x10007790                tud_descriptor_configuration_cb
 .text.tud_descriptor_string_cb
                0x100077ac       0xd4 CMakeFiles/coqui_mjs.dir/Users/arturomena/pico-sdk/src/rp2_common/pico_stdio_usb/stdio_usb_descriptors.c.o
                0x100077ac                tud_descriptor_string_cb
 .text._retrieve_unique_id_on_boot
                0x10007880       0x18 CMakeFiles/coqui_mjs.dir/Users/arturomena/pico-sdk/src/rp2_common/pico_unique_id/unique_id.c.o
 .text.pico_get_unique_board_id_string
                0x10007898       0x7c CMakeFiles/coqui_mjs.dir/Users/arturomena/pico-sdk/src/rp2_common/pico_unique_id/unique_id.c.o
                0x10007898                pico_get_unique_board_id_string
 .text.xip_cache_clean_all
                0x10007914        0xa CMakeFiles/coqui_mjs.dir/Users/arturomena/pico-sdk/src/rp2_common/hardware_flash/flash.c.o
 .text.flash_get_unique_id
                0x1000791e       0x68 CMakeFiles/coqui_mjs.dir/Users/arturomena/pico-sdk/src/rp2_common/hardware_flash/flash.c.o
                0x1000791e                flash_get_unique_id
 .text.hard_assert
                0x10007986       0x26 CMakeFiles/coqui_mjs.dir/Users/arturomena/pico-sdk/lib/tinyusb/src/portable/raspberrypi/rp2040/dcd_rp2040.c.o
 .text.timer_time_us_32
                0x100079ac       0x14 CMakeFiles/coqui_mjs.dir/Users/arturomena/pico-sdk/lib/tinyusb/src/portable/raspberrypi/rp2040/dcd_rp2040.c.o
 .text.time_us_32
                0x100079c0       0x18 CMakeFiles/coqui_mjs.dir/Users/arturomena/pico-sdk/lib/tinyusb/src/portable/raspberrypi/rp2040/dcd_rp2040.c.o
 .text.hw_data_offset
                0x100079d8       0x1c CMakeFiles/coqui_mjs.dir/Users/arturomena/pico-sdk/lib/tinyusb/src/portable/raspberrypi/rp2040/dcd_rp2040.c.o
 .text.hw_endpoint_alloc
                0x100079f4       0x7c CMakeFiles/coqui_mjs.dir/Users/arturomena/pico-sdk/lib/tinyusb/src/portable/raspberrypi/rp2040/dcd_rp2040.c.o
 .text.hw_endpoint_init
                0x10007a70      0x178 CMakeFiles/coqui_mjs.dir/Users/arturomena/pico-sdk/lib/tinyusb/src/portable/raspberrypi/rp2040/dcd_rp2040.c.o
 .text.hw_endpoint_open
                0x10007be8      0x100 CMakeFiles/coqui_mjs.dir/Users/arturomena/pico-sdk/lib/tinyusb/src/portable/raspberrypi/rp2040/dcd_rp2040.c.o
 .text.hw_endpoint_xfer
                0x10007ce8       0x98 CMakeFiles/coqui_mjs.dir/Users/arturomena/pico-sdk/lib/tinyusb/src/portable/raspberrypi/rp2040/dcd_rp2040.c.o
 .text.dcd_init
                0x10007d80       0x84 CMakeFiles/coqui_mjs.dir/Users/arturomena/pico-sdk/lib/tinyusb/src/portable/raspberrypi/rp2040/dcd_rp2040.c.o
                0x10007d80                dcd_init
 .text.dcd_int_enable
                0x10007e04       0x1c CMakeFiles/coqui_mjs.dir/Users/arturomena/pico-sdk/lib/tinyusb/src/portable/raspberrypi/rp2040/dcd_rp2040.c.o
                0x10007e04                dcd_int_enable
 .text.dcd_set_address
                0x10007e20       0x24 CMakeFiles/coqui_mjs.dir/Users/arturomena/pico-sdk/lib/tinyusb/src/portable/raspberrypi/rp2040/dcd_rp2040.c.o
                0x10007e20                dcd_set_address
 .text.dcd_connect
                0x10007e44       0x20 CMakeFiles/coqui_mjs.dir/Users/arturomena/pico-sdk/lib/tinyusb/src/portable/raspberrypi/rp2040/dcd_rp2040.c.o
                0x10007e44                dcd_connect
 .text.dcd_sof_enable
                0x10007e64       0x3c CMakeFiles/coqui_mjs.dir/Users/arturomena/pico-sdk/lib/tinyusb/src/portable/raspberrypi/rp2040/dcd_rp2040.c.o
                0x10007e64                dcd_sof_enable
 .text.dcd_edpt0_status_complete
                0x10007ea0       0x50 CMakeFiles/coqui_mjs.dir/Users/arturomena/pico-sdk/lib/tinyusb/src/portable/raspberrypi/rp2040/dcd_rp2040.c.o
                0x10007ea0                dcd_edpt0_status_complete
 .text.dcd_edpt_open
                0x10007ef0       0x5a CMakeFiles/coqui_mjs.dir/Users/arturomena/pico-sdk/lib/tinyusb/src/portable/raspberrypi/rp2040/dcd_rp2040.c.o
                0x10007ef0                dcd_edpt_open
 .text.dcd_edpt_close_all
                0x10007f4a       0x18 CMakeFiles/coqui_mjs.dir/Users/arturomena/pico-sdk/lib/tinyusb/src/portable/raspberrypi/rp2040/dcd_rp2040.c.o
                0x10007f4a                dcd_edpt_close_all
 .text.dcd_edpt_xfer
                0x10007f62       0x3a CMakeFiles/coqui_mjs.dir/Users/arturomena/pico-sdk/lib/tinyusb/src/portable/raspberrypi/rp2040/dcd_rp2040.c.o
                0x10007f62                dcd_edpt_xfer
 .text.dcd_edpt_stall
                0x10007f9c       0xd8 CMakeFiles/coqui_mjs.dir/Users/arturomena/pico-sdk/lib/tinyusb/src/portable/raspberrypi/rp2040/dcd_rp2040.c.o
                0x10007f9c                dcd_edpt_stall
 .text.dcd_edpt_clear_stall
                0x10008074       0xbc CMakeFiles/coqui_mjs.dir/Users/arturomena/pico-sdk/lib/tinyusb/src/portable/raspberrypi/rp2040/dcd_rp2040.c.o
                0x10008074                dcd_edpt_clear_stall
 .text.busy_wait_at_least_cycles
                0x10008130       0x18 CMakeFiles/coqui_mjs.dir/Users/arturomena/pico-sdk/lib/tinyusb/src/portable/raspberrypi/rp2040/rp2040_usb.c.o
 .text.timer_time_us_32
                0x10008148       0x14 CMakeFiles/coqui_mjs.dir/Users/arturomena/pico-sdk/lib/tinyusb/src/portable/raspberrypi/rp2040/rp2040_usb.c.o
 .text.time_us_32
                0x1000815c       0x18 CMakeFiles/coqui_mjs.dir/Users/arturomena/pico-sdk/lib/tinyusb/src/portable/raspberrypi/rp2040/rp2040_usb.c.o
 .text.unaligned_memcpy
                0x10008174       0x3a CMakeFiles/coqui_mjs.dir/Users/arturomena/pico-sdk/lib/tinyusb/src/portable/raspberrypi/rp2040/rp2040_usb.c.o
 *fill*         0x100081ae        0x2 
 .text.rp2040_usb_init
                0x100081b0       0xa8 CMakeFiles/coqui_mjs.dir/Users/arturomena/pico-sdk/lib/tinyusb/src/portable/raspberrypi/rp2040/rp2040_usb.c.o
                0x100081b0                rp2040_usb_init
 .text.hw_endpoint_xfer_start
                0x10008258       0x8c CMakeFiles/coqui_mjs.dir/Users/arturomena/pico-sdk/lib/tinyusb/src/portable/raspberrypi/rp2040/rp2040_usb.c.o
                0x10008258                hw_endpoint_xfer_start
 .text.tud_event_hook_cb
                0x100082e4       0x1e CMakeFiles/coqui_mjs.dir/Users/arturomena/pico-sdk/lib/tinyusb/src/device/usbd.c.o
                0x100082e4                tud_event_hook_cb
 .text.tud_sof_cb
                0x10008302       0x10 CMakeFiles/coqui_mjs.dir/Users/arturomena/pico-sdk/lib/tinyusb/src/device/usbd.c.o
                0x10008302                tud_sof_cb
 .text.tud_descriptor_device_qualifier_cb
                0x10008312        0xc CMakeFiles/coqui_mjs.dir/Users/arturomena/pico-sdk/lib/tinyusb/src/device/usbd.c.o
                0x10008312                tud_descriptor_device_qualifier_cb
 .text.tud_descriptor_other_speed_configuration_cb
                0x1000831e       0x16 CMakeFiles/coqui_mjs.dir/Users/arturomena/pico-sdk/lib/tinyusb/src/device/usbd.c.o
                0x1000831e                tud_descriptor_other_speed_configuration_cb
 .text.tud_mount_cb
                0x10008334        0xa CMakeFiles/coqui_mjs.dir/Users/arturomena/pico-sdk/lib/tinyusb/src/device/usbd.c.o
                0x10008334                tud_mount_cb
 .text.tud_umount_cb
                0x1000833e        0xa CMakeFiles/coqui_mjs.dir/Users/arturomena/pico-sdk/lib/tinyusb/src/device/usbd.c.o
                0x1000833e                tud_umount_cb
 .text.tud_suspend_cb
                0x10008348       0x14 CMakeFiles/coqui_mjs.dir/Users/arturomena/pico-sdk/lib/tinyusb/src/device/usbd.c.o
                0x10008348                tud_suspend_cb
 .text.tud_resume_cb
                0x1000835c        0xa CMakeFiles/coqui_mjs.dir/Users/arturomena/pico-sdk/lib/tinyusb/src/device/usbd.c.o
                0x1000835c                tud_resume_cb
 *fill*         0x10008366        0x2 
 .text.tud_mounted
                0x10008368       0x1c CMakeFiles/coqui_mjs.dir/Users/arturomena/pico-sdk/lib/tinyusb/src/device/usbd.c.o
                0x10008368                tud_mounted
 .text.tud_suspended
                0x10008384       0x20 CMakeFiles/coqui_mjs.dir/Users/arturomena/pico-sdk/lib/tinyusb/src/device/usbd.c.o
                0x10008384                tud_suspended
 .text.tud_inited
                0x100083a4       0x1c CMakeFiles/coqui_mjs.dir/Users/arturomena/pico-sdk/lib/tinyusb/src/device/usbd.c.o
                0x100083a4                tud_inited
 .text.tud_rhport_init
                0x100083c0      0x188 CMakeFiles/coqui_mjs.dir/Users/arturomena/pico-sdk/lib/tinyusb/src/device/usbd.c.o
                0x100083c0                tud_rhport_init
 .text.configuration_reset
                0x10008548       0xd8 CMakeFiles/coqui_mjs.dir/Users/arturomena/pico-sdk/lib/tinyusb/src/device/usbd.c.o
 .text.usbd_reset
                0x10008620       0x22 CMakeFiles/coqui_mjs.dir/Users/arturomena/pico-sdk/lib/tinyusb/src/device/usbd.c.o
 *fill*         0x10008642        0x2 
 .text.tud_task_ext
                0x10008644      0x38c CMakeFiles/coqui_mjs.dir/Users/arturomena/pico-sdk/lib/tinyusb/src/device/usbd.c.o
                0x10008644                tud_task_ext
 .text.invoke_class_control
                0x100089d0       0x36 CMakeFiles/coqui_mjs.dir/Users/arturomena/pico-sdk/lib/tinyusb/src/device/usbd.c.o
 *fill*         0x10008a06        0x2 
 .text.process_control_request
                0x10008a08      0x5e0 CMakeFiles/coqui_mjs.dir/Users/arturomena/pico-sdk/lib/tinyusb/src/device/usbd.c.o
 .text.process_set_config
                0x10008fe8      0x280 CMakeFiles/coqui_mjs.dir/Users/arturomena/pico-sdk/lib/tinyusb/src/device/usbd.c.o
 .text.process_get_descriptor
                0x10009268      0x1bc CMakeFiles/coqui_mjs.dir/Users/arturomena/pico-sdk/lib/tinyusb/src/device/usbd.c.o
 .text.usbd_open_edpt_pair
                0x10009424       0xc0 CMakeFiles/coqui_mjs.dir/Users/arturomena/pico-sdk/lib/tinyusb/src/device/usbd.c.o
                0x10009424                usbd_open_edpt_pair
 .text.usbd_edpt_open
                0x100094e4       0x74 CMakeFiles/coqui_mjs.dir/Users/arturomena/pico-sdk/lib/tinyusb/src/device/usbd.c.o
                0x100094e4                usbd_edpt_open
 .text.usbd_edpt_claim
                0x10009558       0x7c CMakeFiles/coqui_mjs.dir/Users/arturomena/pico-sdk/lib/tinyusb/src/device/usbd.c.o
                0x10009558                usbd_edpt_claim
 .text.usbd_edpt_release
                0x100095d4       0x7c CMakeFiles/coqui_mjs.dir/Users/arturomena/pico-sdk/lib/tinyusb/src/device/usbd.c.o
                0x100095d4                usbd_edpt_release
 .text.usbd_edpt_xfer
                0x10009650      0x108 CMakeFiles/coqui_mjs.dir/Users/arturomena/pico-sdk/lib/tinyusb/src/device/usbd.c.o
                0x10009650                usbd_edpt_xfer
 .text.usbd_edpt_stall
                0x10009758       0xa4 CMakeFiles/coqui_mjs.dir/Users/arturomena/pico-sdk/lib/tinyusb/src/device/usbd.c.o
                0x10009758                usbd_edpt_stall
 .text.usbd_edpt_clear_stall
                0x100097fc       0xa4 CMakeFiles/coqui_mjs.dir/Users/arturomena/pico-sdk/lib/tinyusb/src/device/usbd.c.o
                0x100097fc                usbd_edpt_clear_stall
 .text.usbd_edpt_stalled
                0x100098a0       0x74 CMakeFiles/coqui_mjs.dir/Users/arturomena/pico-sdk/lib/tinyusb/src/device/usbd.c.o
                0x100098a0                usbd_edpt_stalled
 .text.status_stage_xact
                0x10009914       0x42 CMakeFiles/coqui_mjs.dir/Users/arturomena/pico-sdk/lib/tinyusb/src/device/usbd_control.c.o
 *fill*         0x10009956        0x2 
 .text.tud_control_status
                0x10009958       0x4c CMakeFiles/coqui_mjs.dir/Users/arturomena/pico-sdk/lib/tinyusb/src/device/usbd_control.c.o
                0x10009958                tud_control_status
 .text.data_stage_xact
                0x100099a4       0xd4 CMakeFiles/coqui_mjs.dir/Users/arturomena/pico-sdk/lib/tinyusb/src/device/usbd_control.c.o
 .text.tud_control_xfer
                0x10009a78       0xe0 CMakeFiles/coqui_mjs.dir/Users/arturomena/pico-sdk/lib/tinyusb/src/device/usbd_control.c.o
                0x10009a78                tud_control_xfer
 .text.usbd_control_reset
                0x10009b58       0x1c CMakeFiles/coqui_mjs.dir/Users/arturomena/pico-sdk/lib/tinyusb/src/device/usbd_control.c.o
                0x10009b58                usbd_control_reset
 .text.usbd_control_set_complete_callback
                0x10009b74       0x1c CMakeFiles/coqui_mjs.dir/Users/arturomena/pico-sdk/lib/tinyusb/src/device/usbd_control.c.o
                0x10009b74                usbd_control_set_complete_callback
 .text.usbd_control_set_request
                0x10009b90       0x38 CMakeFiles/coqui_mjs.dir/Users/arturomena/pico-sdk/lib/tinyusb/src/device/usbd_control.c.o
                0x10009b90                usbd_control_set_request
 .text.usbd_control_xfer_cb
                0x10009bc8      0x164 CMakeFiles/coqui_mjs.dir/Users/arturomena/pico-sdk/lib/tinyusb/src/device/usbd_control.c.o
                0x10009bc8                usbd_control_xfer_cb
 .text._prep_out_transaction
                0x10009d2c      0x104 CMakeFiles/coqui_mjs.dir/Users/arturomena/pico-sdk/lib/tinyusb/src/class/cdc/cdc_device.c.o
 .text.tud_cdc_n_connected
                0x10009e30       0x84 CMakeFiles/coqui_mjs.dir/Users/arturomena/pico-sdk/lib/tinyusb/src/class/cdc/cdc_device.c.o
                0x10009e30                tud_cdc_n_connected
 .text.tud_cdc_n_available
                0x10009eb4       0x30 CMakeFiles/coqui_mjs.dir/Users/arturomena/pico-sdk/lib/tinyusb/src/class/cdc/cdc_device.c.o
                0x10009eb4                tud_cdc_n_available
 .text.tud_cdc_n_read
                0x10009ee4       0x64 CMakeFiles/coqui_mjs.dir/Users/arturomena/pico-sdk/lib/tinyusb/src/class/cdc/cdc_device.c.o
                0x10009ee4                tud_cdc_n_read
 .text.tud_cdc_n_write
                0x10009f48       0x7c CMakeFiles/coqui_mjs.dir/Users/arturomena/pico-sdk/lib/tinyusb/src/class/cdc/cdc_device.c.o
                0x10009f48                tud_cdc_n_write
 .text.tud_cdc_n_write_flush
                0x10009fc4      0x114 CMakeFiles/coqui_mjs.dir/Users/arturomena/pico-sdk/lib/tinyusb/src/class/cdc/cdc_device.c.o
                0x10009fc4                tud_cdc_n_write_flush
 .text.tud_cdc_n_write_available
                0x1000a0d8       0x34 CMakeFiles/coqui_mjs.dir/Users/arturomena/pico-sdk/lib/tinyusb/src/class/cdc/cdc_device.c.o
                0x1000a0d8                tud_cdc_n_write_available
 .text.cdcd_init
                0x1000a10c      0x114 CMakeFiles/coqui_mjs.dir/Users/arturomena/pico-sdk/lib/tinyusb/src/class/cdc/cdc_device.c.o
                0x1000a10c                cdcd_init
 .text.cdcd_deinit
                0x1000a220       0x9c CMakeFiles/coqui_mjs.dir/Users/arturomena/pico-sdk/lib/tinyusb/src/class/cdc/cdc_device.c.o
                0x1000a220                cdcd_deinit
 .text.cdcd_reset
                0x1000a2bc       0x98 CMakeFiles/coqui_mjs.dir/Users/arturomena/pico-sdk/lib/tinyusb/src/class/cdc/cdc_device.c.o
                0x1000a2bc                cdcd_reset
 .text.cdcd_open
                0x1000a354      0x1dc CMakeFiles/coqui_mjs.dir/Users/arturomena/pico-sdk/lib/tinyusb/src/class/cdc/cdc_device.c.o
                0x1000a354                cdcd_open
 .text.cdcd_control_xfer_cb
                0x1000a530      0x240 CMakeFiles/coqui_mjs.dir/Users/arturomena/pico-sdk/lib/tinyusb/src/class/cdc/cdc_device.c.o
                0x1000a530                cdcd_control_xfer_cb
 .text.cdcd_xfer_cb
                0x1000a770      0x1bc CMakeFiles/coqui_mjs.dir/Users/arturomena/pico-sdk/lib/tinyusb/src/class/cdc/cdc_device.c.o
                0x1000a770                cdcd_xfer_cb
 .text.tud_vendor_n_mounted
                0x1000a92c       0x58 CMakeFiles/coqui_mjs.dir/Users/arturomena/pico-sdk/lib/tinyusb/src/class/vendor/vendor_device.c.o
                0x1000a92c                tud_vendor_n_mounted
 .text.tud_vendor_n_write_flush
                0x1000a984       0x50 CMakeFiles/coqui_mjs.dir/Users/arturomena/pico-sdk/lib/tinyusb/src/class/vendor/vendor_device.c.o
                0x1000a984                tud_vendor_n_write_flush
 .text.vendord_init
                0x1000a9d4       0xb8 CMakeFiles/coqui_mjs.dir/Users/arturomena/pico-sdk/lib/tinyusb/src/class/vendor/vendor_device.c.o
                0x1000a9d4                vendord_init
 .text.vendord_deinit
                0x1000aa8c       0x54 CMakeFiles/coqui_mjs.dir/Users/arturomena/pico-sdk/lib/tinyusb/src/class/vendor/vendor_device.c.o
                0x1000aa8c                vendord_deinit
 .text.vendord_reset
                0x1000aae0       0x98 CMakeFiles/coqui_mjs.dir/Users/arturomena/pico-sdk/lib/tinyusb/src/class/vendor/vendor_device.c.o
                0x1000aae0                vendord_reset
 .text.vendord_open
                0x1000ab78      0x24c CMakeFiles/coqui_mjs.dir/Users/arturomena/pico-sdk/lib/tinyusb/src/class/vendor/vendor_device.c.o
                0x1000ab78                vendord_open
 .text.vendord_xfer_cb
                0x1000adc4      0x15c CMakeFiles/coqui_mjs.dir/Users/arturomena/pico-sdk/lib/tinyusb/src/class/vendor/vendor_device.c.o
                0x1000adc4                vendord_xfer_cb
 .text.tusb_rhport_init
                0x1000af20       0xa0 CMakeFiles/coqui_mjs.dir/Users/arturomena/pico-sdk/lib/tinyusb/src/tusb.c.o
                0x1000af20                tusb_rhport_init
 .text.tu_edpt_claim
                0x1000afc0       0x9c CMakeFiles/coqui_mjs.dir/Users/arturomena/pico-sdk/lib/tinyusb/src/tusb.c.o
                0x1000afc0                tu_edpt_claim
 .text.tu_edpt_release
                0x1000b05c       0x7c CMakeFiles/coqui_mjs.dir/Users/arturomena/pico-sdk/lib/tinyusb/src/tusb.c.o
                0x1000b05c                tu_edpt_release
 .text.tu_edpt_validate
                0x1000b0d8       0xd8 CMakeFiles/coqui_mjs.dir/Users/arturomena/pico-sdk/lib/tinyusb/src/tusb.c.o
                0x1000b0d8                tu_edpt_validate
 .text.tu_edpt_bind_driver
                0x1000b1b0       0x98 CMakeFiles/coqui_mjs.dir/Users/arturomena/pico-sdk/lib/tinyusb/src/tusb.c.o
                0x1000b1b0                tu_edpt_bind_driver
 .text.tu_edpt_stream_init
                0x1000b248       0xc4 CMakeFiles/coqui_mjs.dir/Users/arturomena/pico-sdk/lib/tinyusb/src/tusb.c.o
                0x1000b248                tu_edpt_stream_init
 .text.tu_edpt_stream_deinit
                0x1000b30c       0x32 CMakeFiles/coqui_mjs.dir/Users/arturomena/pico-sdk/lib/tinyusb/src/tusb.c.o
                0x1000b30c                tu_edpt_stream_deinit
 .text.tu_edpt_stream_write_zlp_if_needed
                0x1000b33e      0x100 CMakeFiles/coqui_mjs.dir/Users/arturomena/pico-sdk/lib/tinyusb/src/tusb.c.o
                0x1000b33e                tu_edpt_stream_write_zlp_if_needed
 .text.tu_edpt_stream_write_xfer
                0x1000b43e      0x128 CMakeFiles/coqui_mjs.dir/Users/arturomena/pico-sdk/lib/tinyusb/src/tusb.c.o
                0x1000b43e                tu_edpt_stream_write_xfer
 .text.tu_edpt_stream_read_xfer
                0x1000b566      0x250 CMakeFiles/coqui_mjs.dir/Users/arturomena/pico-sdk/lib/tinyusb/src/tusb.c.o
                0x1000b566                tu_edpt_stream_read_xfer
 .text.tu_fifo_config
                0x1000b7b6       0xfc CMakeFiles/coqui_mjs.dir/Users/arturomena/pico-sdk/lib/tinyusb/src/common/tusb_fifo.c.o
                0x1000b7b6                tu_fifo_config
 .text._ff_push
                0x1000b8b2       0x40 CMakeFiles/coqui_mjs.dir/Users/arturomena/pico-sdk/lib/tinyusb/src/common/tusb_fifo.c.o
 .text._ff_push_n
                0x1000b8f2       0xea CMakeFiles/coqui_mjs.dir/Users/arturomena/pico-sdk/lib/tinyusb/src/common/tusb_fifo.c.o
 .text._ff_pull
                0x1000b9dc       0x40 CMakeFiles/coqui_mjs.dir/Users/arturomena/pico-sdk/lib/tinyusb/src/common/tusb_fifo.c.o
 .text._ff_pull_n
                0x1000ba1c       0xea CMakeFiles/coqui_mjs.dir/Users/arturomena/pico-sdk/lib/tinyusb/src/common/tusb_fifo.c.o
 .text.advance_index
                0x1000bb06       0x76 CMakeFiles/coqui_mjs.dir/Users/arturomena/pico-sdk/lib/tinyusb/src/common/tusb_fifo.c.o
 .text._tu_fifo_peek
                0x1000bb7c      0x140 CMakeFiles/coqui_mjs.dir/Users/arturomena/pico-sdk/lib/tinyusb/src/common/tusb_fifo.c.o
 .text._tu_fifo_peek_n
                0x1000bcbc      0x16a CMakeFiles/coqui_mjs.dir/Users/arturomena/pico-sdk/lib/tinyusb/src/common/tusb_fifo.c.o
 .text._tu_fifo_write_n
                0x1000be26      0x2c6 CMakeFiles/coqui_mjs.dir/Users/arturomena/pico-sdk/lib/tinyusb/src/common/tusb_fifo.c.o
 .text._tu_fifo_read_n
                0x1000c0ec       0xa6 CMakeFiles/coqui_mjs.dir/Users/arturomena/pico-sdk/lib/tinyusb/src/common/tusb_fifo.c.o
 .text.tu_fifo_count
                0x1000c192       0x94 CMakeFiles/coqui_mjs.dir/Users/arturomena/pico-sdk/lib/tinyusb/src/common/tusb_fifo.c.o
                0x1000c192                tu_fifo_count
 .text.tu_fifo_empty
                0x1000c226       0x24 CMakeFiles/coqui_mjs.dir/Users/arturomena/pico-sdk/lib/tinyusb/src/common/tusb_fifo.c.o
                0x1000c226                tu_fifo_empty
 .text.tu_fifo_full
                0x1000c24a       0x7c CMakeFiles/coqui_mjs.dir/Users/arturomena/pico-sdk/lib/tinyusb/src/common/tusb_fifo.c.o
                0x1000c24a                tu_fifo_full
 .text.tu_fifo_remaining
                0x1000c2c6       0xac CMakeFiles/coqui_mjs.dir/Users/arturomena/pico-sdk/lib/tinyusb/src/common/tusb_fifo.c.o
                0x1000c2c6                tu_fifo_remaining
 .text.tu_fifo_read
                0x1000c372       0x90 CMakeFiles/coqui_mjs.dir/Users/arturomena/pico-sdk/lib/tinyusb/src/common/tusb_fifo.c.o
                0x1000c372                tu_fifo_read
 .text.tu_fifo_read_n
                0x1000c402       0x26 CMakeFiles/coqui_mjs.dir/Users/arturomena/pico-sdk/lib/tinyusb/src/common/tusb_fifo.c.o
                0x1000c402                tu_fifo_read_n
 .text.tu_fifo_write
                0x1000c428       0xfe CMakeFiles/coqui_mjs.dir/Users/arturomena/pico-sdk/lib/tinyusb/src/common/tusb_fifo.c.o
                0x1000c428                tu_fifo_write
 .text.tu_fifo_write_n
                0x1000c526       0x26 CMakeFiles/coqui_mjs.dir/Users/arturomena/pico-sdk/lib/tinyusb/src/common/tusb_fifo.c.o
                0x1000c526                tu_fifo_write_n
 .text.tu_fifo_clear
                0x1000c54c       0x9a CMakeFiles/coqui_mjs.dir/Users/arturomena/pico-sdk/lib/tinyusb/src/common/tusb_fifo.c.o
                0x1000c54c                tu_fifo_clear
 .text.tu_fifo_set_overwritable
                0x1000c5e6       0xaa CMakeFiles/coqui_mjs.dir/Users/arturomena/pico-sdk/lib/tinyusb/src/common/tusb_fifo.c.o
                0x1000c5e6                tu_fifo_set_overwritable
 .text.reset_unreset_block_num_wait_blocking
                0x1000c690       0x7c CMakeFiles/coqui_mjs.dir/Users/arturomena/pico-sdk/src/rp2_common/hardware_adc/adc.c.o
 .text.adc_init
                0x1000c70c       0x2c CMakeFiles/coqui_mjs.dir/Users/arturomena/pico-sdk/src/rp2_common/hardware_adc/adc.c.o
                0x1000c70c                adc_init
 .text.strlen   0x1000c738       0x5c /Applications/ArmGNUToolchain/14.2.rel1/arm-none-eabi/bin/../lib/gcc/arm-none-eabi/14.2.1/../../../../arm-none-eabi/lib/thumb/v6-m/nofp/libg.a(libc_a-strlen-stub.o)
                0x1000c738                strlen
 *(.fini)
 .fini          0x1000c794        0x4 /Applications/ArmGNUToolchain/14.2.rel1/arm-none-eabi/bin/../lib/gcc/arm-none-eabi/14.2.1/thumb/v6-m/nofp/crti.o
                0x1000c794                _fini
 .fini.__stub   0x1000c798       0xd0 linker stubs
 *crtbegin.o(.ctors)
 *crtbegin?.o(.ctors)
 *(EXCLUDE_FILE(*crtend.o *crtend?.o) .ctors)
 *(SORT_BY_NAME(.ctors.*))
 *(.ctors)
 *crtbegin.o(.dtors)
 *crtbegin?.o(.dtors)
 *(EXCLUDE_FILE(*crtend.o *crtend?.o) .dtors)
 *(SORT_BY_NAME(.dtors.*))
 *(.dtors)
                0x1000c868                        . = ALIGN (0x4)
                0x1000c868                        PROVIDE (__preinit_array_start = .)
 *(SORT_BY_NAME(.preinit_array.*))
 .preinit_array.00100
                0x1000c868        0x4 CMakeFiles/coqui_mjs.dir/Users/arturomena/pico-sdk/src/rp2_common/pico_runtime_init/runtime_init.c.o
                0x1000c868                __pre_init_runtime_init_early_resets
 .preinit_array.00101
                0x1000c86c        0x4 CMakeFiles/coqui_mjs.dir/Users/arturomena/pico-sdk/src/rp2_common/pico_runtime_init/runtime_init.c.o
                0x1000c86c                __pre_init_runtime_init_usb_power_down
 .preinit_array.00275
                0x1000c870        0x4 CMakeFiles/coqui_mjs.dir/Users/arturomena/pico-sdk/src/rp2_common/pico_bit_ops/bit_ops_aeabi.S.o
 .preinit_array.00300
                0x1000c874        0x4 CMakeFiles/coqui_mjs.dir/Users/arturomena/pico-sdk/src/rp2_common/pico_mem_ops/mem_ops_aeabi.S.o
 .preinit_array.00350
                0x1000c878        0x4 CMakeFiles/coqui_mjs.dir/Users/arturomena/pico-sdk/src/rp2_common/pico_double/double_aeabi_rp2040.S.o
 .preinit_array.00350
                0x1000c87c        0x4 CMakeFiles/coqui_mjs.dir/Users/arturomena/pico-sdk/src/rp2_common/pico_float/float_aeabi_rp2040.S.o
 .preinit_array.00500
                0x1000c880        0x4 CMakeFiles/coqui_mjs.dir/Users/arturomena/pico-sdk/src/rp2_common/pico_runtime_init/runtime_init.c.o
                0x1000c880                __pre_init_runtime_init_clocks
 .preinit_array.00600
                0x1000c884        0x4 CMakeFiles/coqui_mjs.dir/Users/arturomena/pico-sdk/src/rp2_common/pico_runtime_init/runtime_init.c.o
                0x1000c884                __pre_init_runtime_init_post_clock_resets
 .preinit_array.00700
                0x1000c888        0x4 CMakeFiles/coqui_mjs.dir/Users/arturomena/pico-sdk/src/rp2_common/pico_runtime_init/runtime_init.c.o
                0x1000c888                __pre_init_runtime_init_rp2040_gpio_ie_disable
 .preinit_array.01000
                0x1000c88c        0x4 CMakeFiles/coqui_mjs.dir/Users/arturomena/pico-sdk/src/rp2_common/pico_runtime_init/runtime_init.c.o
                0x1000c88c                __pre_init_runtime_init_spin_locks_reset
 .preinit_array.01100
                0x1000c890        0x4 CMakeFiles/coqui_mjs.dir/Users/arturomena/pico-sdk/src/common/pico_sync/mutex.c.o
                0x1000c890                __pre_init_runtime_init_mutex
 .preinit_array.10080
                0x1000c894        0x4 CMakeFiles/coqui_mjs.dir/Users/arturomena/pico-sdk/src/rp2_common/pico_runtime_init/runtime_init.c.o
                0x1000c894                __pre_init_runtime_init_install_ram_vector_table
 .preinit_array.11000
                0x1000c898        0x4 CMakeFiles/coqui_mjs.dir/Users/arturomena/pico-sdk/src/common/pico_time/time.c.o
                0x1000c898                __pre_init_runtime_init_default_alarm_pool
 .preinit_array.YYYYY
                0x1000c89c        0x4 CMakeFiles/coqui_mjs.dir/Users/arturomena/pico-sdk/src/rp2_common/pico_runtime/runtime.c.o
                0x1000c89c                __pre_init_first_per_core_initializer
 .preinit_array.ZZZZZ.01200
                0x1000c8a0        0x4 CMakeFiles/coqui_mjs.dir/Users/arturomena/pico-sdk/src/rp2_common/hardware_irq/irq.c.o
                0x1000c8a0                __pre_init_runtime_init_per_core_irq_priorities
 *(.preinit_array)
                0x1000c8a4                        PROVIDE (__preinit_array_end = .)
                0x1000c8a4                        . = ALIGN (0x4)
                0x1000c8a4                        PROVIDE (__init_array_start = .)
 *(SORT_BY_NAME(.init_array.*))
 .init_array.01000
                0x1000c8a4        0x4 CMakeFiles/coqui_mjs.dir/Users/arturomena/pico-sdk/src/rp2_common/pico_unique_id/unique_id.c.o
 *(.init_array)
 .init_array    0x1000c8a8        0x4 /Applications/ArmGNUToolchain/14.2.rel1/arm-none-eabi/bin/../lib/gcc/arm-none-eabi/14.2.1/thumb/v6-m/nofp/crtbegin.o
                0x1000c8ac                        PROVIDE (__init_array_end = .)
                0x1000c8ac                        . = ALIGN (0x4)
                [!provide]                        PROVIDE (__fini_array_start = .)
 *(SORT_BY_NAME(.fini_array.*))
 *(.fini_array)
                [!provide]                        PROVIDE (__fini_array_end = .)
 *(.eh_frame*)
 .eh_frame      0x1000c8ac        0x0 /Applications/ArmGNUToolchain/14.2.rel1/arm-none-eabi/bin/../lib/gcc/arm-none-eabi/14.2.1/thumb/v6-m/nofp/crtbegin.o
                0x1000c8ac                        . = ALIGN (0x4)

.glue_7         0x1000c8ac        0x0
 .glue_7        0x1000c8ac        0x0 linker stubs

.glue_7t        0x1000c8ac        0x0
 .glue_7t       0x1000c8ac        0x0 linker stubs

.vfp11_veneer   0x1000c8ac        0x0
 .vfp11_veneer  0x1000c8ac        0x0 linker stubs

.v4_bx          0x1000c8ac        0x0
 .v4_bx         0x1000c8ac        0x0 linker stubs

.iplt           0x1000c8ac        0x0
 .iplt          0x1000c8ac        0x0 /Applications/ArmGNUToolchain/14.2.rel1/arm-none-eabi/bin/../lib/gcc/arm-none-eabi/14.2.1/thumb/v6-m/nofp/crtbegin.o

.rodata         0x1000c8b0      0x6c8
 *(EXCLUDE_FILE(*libm.a: *libc.a:*lib_a-mem*.o *libgcc.a:) .rodata*)
 .rodata        0x1000c8b0        0xb CMakeFiles/coqui_mjs.dir/main.c.o
 *fill*         0x1000c8bb        0x1 
 .rodata        0x1000c8bc       0x22 CMakeFiles/coqui_mjs.dir/Users/arturomena/pico-sdk/src/rp2_common/pico_platform_panic/panic.c.o
 *fill*         0x1000c8de        0x2 
 .rodata        0x1000c8e0       0x3b CMakeFiles/coqui_mjs.dir/Users/arturomena/pico-sdk/src/rp2_common/hardware_sync/sync.c.o
 *fill*         0x1000c91b        0x1 
 .rodata        0x1000c91c       0x37 CMakeFiles/coqui_mjs.dir/Users/arturomena/pico-sdk/src/rp2_common/hardware_irq/irq.c.o
 *fill*         0x1000c953        0x1 
 .rodata        0x1000c954       0x38 CMakeFiles/coqui_mjs.dir/Users/arturomena/pico-sdk/src/rp2_common/hardware_timer/timer.c.o
 .rodata        0x1000c98c        0xc CMakeFiles/coqui_mjs.dir/Users/arturomena/pico-sdk/src/rp2_common/pico_runtime/runtime.c.o
 .rodata.__bi_26
                0x1000c998        0xc CMakeFiles/coqui_mjs.dir/Users/arturomena/pico-sdk/src/rp2_common/pico_standard_binary_info/standard_binary_info.c.o
 .rodata        0x1000c9a4       0x40 CMakeFiles/coqui_mjs.dir/Users/arturomena/pico-sdk/src/rp2_common/pico_standard_binary_info/standard_binary_info.c.o
 .rodata.__bi_34
                0x1000c9e4        0xc CMakeFiles/coqui_mjs.dir/Users/arturomena/pico-sdk/src/rp2_common/pico_standard_binary_info/standard_binary_info.c.o
 .rodata.__bi_42
                0x1000c9f0        0xc CMakeFiles/coqui_mjs.dir/Users/arturomena/pico-sdk/src/rp2_common/pico_standard_binary_info/standard_binary_info.c.o
 .rodata.__bi_48
                0x1000c9fc        0xc CMakeFiles/coqui_mjs.dir/Users/arturomena/pico-sdk/src/rp2_common/pico_standard_binary_info/standard_binary_info.c.o
 .rodata.__bi_54
                0x1000ca08        0xc CMakeFiles/coqui_mjs.dir/Users/arturomena/pico-sdk/src/rp2_common/pico_standard_binary_info/standard_binary_info.c.o
 .rodata.__bi_78
                0x1000ca14        0xc CMakeFiles/coqui_mjs.dir/Users/arturomena/pico-sdk/src/rp2_common/pico_standard_binary_info/standard_binary_info.c.o
 .rodata.__bi_84
                0x1000ca20        0xc CMakeFiles/coqui_mjs.dir/Users/arturomena/pico-sdk/src/rp2_common/pico_standard_binary_info/standard_binary_info.c.o
 .rodata        0x1000ca2c       0x18 CMakeFiles/coqui_mjs.dir/Users/arturomena/pico-sdk/src/rp2_common/pico_printf/printf.c.o
 .rodata._vsnprintf
                0x1000ca44      0x19c CMakeFiles/coqui_mjs.dir/Users/arturomena/pico-sdk/src/rp2_common/pico_printf/printf.c.o
 .rodata.pow10.0
                0x1000cbe0       0x50 CMakeFiles/coqui_mjs.dir/Users/arturomena/pico-sdk/src/rp2_common/pico_printf/printf.c.o
 .rodata.crlf_str.0
                0x1000cc30        0x2 CMakeFiles/coqui_mjs.dir/Users/arturomena/pico-sdk/src/rp2_common/pico_stdio/stdio.c.o
 *fill*         0x1000cc32        0x2 
 .rodata.__bi_50.13
                0x1000cc34        0x8 CMakeFiles/coqui_mjs.dir/Users/arturomena/pico-sdk/src/rp2_common/pico_stdio_uart/stdio_uart.c.o
 .rodata.__bi_49.11
                0x1000cc3c        0x8 CMakeFiles/coqui_mjs.dir/Users/arturomena/pico-sdk/src/rp2_common/pico_stdio_uart/stdio_uart.c.o
 .rodata        0x1000cc44       0x2b CMakeFiles/coqui_mjs.dir/Users/arturomena/pico-sdk/src/rp2_common/pico_stdio_uart/stdio_uart.c.o
 *fill*         0x1000cc6f        0x1 
 .rodata.__bi_45.9
                0x1000cc70        0xc CMakeFiles/coqui_mjs.dir/Users/arturomena/pico-sdk/src/rp2_common/pico_stdio_uart/stdio_uart.c.o
 .rodata.desc_bos
                0x1000cc7c       0x21 CMakeFiles/coqui_mjs.dir/Users/arturomena/pico-sdk/src/rp2_common/pico_stdio_usb/reset_interface.c.o
                0x1000cc7c                desc_bos
 *fill*         0x1000cc9d        0x3 
 .rodata.desc_ms_os_20
                0x1000cca0       0xa6 CMakeFiles/coqui_mjs.dir/Users/arturomena/pico-sdk/src/rp2_common/pico_stdio_usb/reset_interface.c.o
 *fill*         0x1000cd46        0x2 
 .rodata._resetd_driver
                0x1000cd48       0x20 CMakeFiles/coqui_mjs.dir/Users/arturomena/pico-sdk/src/rp2_common/pico_stdio_usb/reset_interface.c.o
 .rodata        0x1000cd68       0x13 CMakeFiles/coqui_mjs.dir/Users/arturomena/pico-sdk/src/rp2_common/pico_stdio_usb/stdio_usb.c.o